******************************************************************************
            TI ARM Clang Linker Unix v3.2.3                    
******************************************************************************
>> Linked Sat Mar 15 00:00:30 2025

OUTPUT FILE NAME:   <ns_node_src_LP_CC1352P7_1_tirtos7_ticlang.out>
ENTRY POINT SYMBOL: "ResetISR"  address: 00046bbb


MEMORY CONFIGURATION

         name            origin    length      used     unused   attr    fill
----------------------  --------  ---------  --------  --------  ----  --------
  FLASH                 00000000   000ae000  0004aff4  0006300c  R  X
  FLASH_LAST            000ae000   00002000  00002000  00000000  R  X
  SRAM                  20000000   00024000  0000f718  000148e8  RW X


SEGMENT ALLOCATION MAP

run origin  load origin   length   init length attrs members
----------  ----------- ---------- ----------- ----- -------
00000000    00000000    00003530   00003530    r--
  00000000    00000000    0000003c   0000003c    r-- .resetVecs
  00000040    00000040    000034f0   000034f0    r-- .rodata
00003530    00003530    00000008   00000008    rw-
  00003530    00003530    00000008   00000008    rw- .args
00003538    00003538    00000008   00000008    r--
  00003538    00003538    00000008   00000008    r-- .log_data
00003540    00003540    00043ab8   00043ab8    r-x
  00003540    00003540    0004373c   0004373c    r-x .text.1
  00046c7c    00046c7c    0000037c   0000037c    r-- .cinit
000a8000    000a8000    00004000   00000000    rw-
  000a8000    000a8000    00004000   00000000    rw- .TI.bound:flashBuf0
000ae000    000ae000    00002000   00002000    r-x
  000ae000    000ae000    00001fa8   00001fa8    r-x .text.2
  000affa8    000affa8    00000058   00000058    r-- .ccfg
20000000    20000000    00001810   00000000    rw-
  20000000    20000000    00001810   00000000    rw- .bss.1
20001810    20001810    00000020   00000000    rw-
  20001810    20001810    00000010   00000000    rw- .TI.bound:dmaUart0RxControlTableEntry
  20001820    20001820    00000010   00000000    rw- .TI.bound:dmaUart0TxControlTableEntry
20001830    20001830    0000d721   00000000    rw-
  20001830    20001830    0000c2d0   00000000    rw- .bss.2
  2000db00    2000db00    00001451   00000000    rw- .data
2000f000    2000f000    000000d8   00000000    rw-
  2000f000    2000f000    000000d8   00000000    rw- .ramVecs
200239c0    200239c0    00000640   00000000    rw-
  200239c0    200239c0    00000640   00000000    rw- .stack


SECTION ALLOCATION MAP

 output                                  attributes/
section   page    origin      length       input sections
--------  ----  ----------  ----------   ----------------
.resetVecs 
*          0    00000000    0000003c     
                  00000000    0000003c     ti_sysbios_config.o (.resetVecs)

.rodata    0    00000040    000034f0     
                  00000040    000002e0     TIes9ObYIyr (.rodata.ciphersuite_definitions)
                  00000320    000002e0     rf_multiMode_cc13x2.a : rf_patch_cpe_prop.c.cc13x2.ticlang.o (.rodata.patchImageProp)
                  00000600    00000237     wisun_tasklet.o (.rodata.WISUN_CLIENT_CERTIFICATE)
                  00000837    00000001     ti_drivers_config.o (.rodata.aescbcCC26XXHWAttrs)
                  00000838    00000210     TIes9ObYIyr (.rodata._ZZN2ot3Ncp7NcpBase22FindGetPropertyHandlerEjE15sHandlerEntries)
                  00000a48    00000200     TIes9ObYIyr (.rodata._ZZN2ot4HdlcL9UpdateFcsEthE9sFcsTable)
                  00000c48    000001e1     wisun_tasklet.o (.rodata.WISUN_ROOT_CERTIFICATE)
                  00000e29    0000012c     mac_cfg.o (.rodata.FH_PibTbl)
                  00000f55    00000113     maclib_secure_cc13x2x7_tirtos7.a : fh_global.c.o (.rodata.FH_stateMatrix)
                  00001068    00000108     TIes9ObYIyr (.rodata._ZZN2ot3Ncp7NcpBase22FindSetPropertyHandlerEjE15sHandlerEntries)
                  00001170    00000101     libc.a : aeabi_ctype.S.obj (.rodata:__aeabi_ctype_table_)
                  00001271    00000003     kde_helper.o (.rodata.ieee_802_11_oui)
                  00001274    00000100     TIes9ObYIyr (.rodata.K.2161)
                  00001374    00000100     TIes9ObYIyr (.rodata.crc_table)
                  00001474    000000f8     mac_cfg.o (.rodata.macPibTbl)
                  0000156c    000000e7     wisun_tasklet.o (.rodata.WISUN_CLIENT_KEY)
                  00001653    00000001     ti_drivers_config.o (.rodata.aesccmCC26XXHWAttrs)
                  00001654    000000a8     cipher_wrap.o (.rodata.mbedtls_cipher_definitions)
                  000016fc    000000a2     TIes9ObYIyr (.rodata.ti_sysbios_family_arm_m3_Hwi_excHandlerMin.err)
                  0000179e    00000002     TIes9ObYIyr (.rodata.stopBits)
                  000017a0    000000a0     mac_cfg.o (.rodata.macMRFSKStdPhyTable)
                  00001840    00000097     TIes9ObYIyr (.rodata.ti_sysbios_family_arm_m3_Hwi_Instance_init.err.1)
                  000018d7    00000097     TIes9ObYIyr (.rodata.ti_sysbios_family_arm_m3_Hwi_excHandlerMin.err.2)
                  0000196e    00000097     TIes9ObYIyr (.rodata.ti_sysbios_runtime_Memory_alloc.err)
                  00001a05    00000094     TIes9ObYIyr (.rodata.ti_sysbios_family_arm_m3_Hwi_Instance_init.err)
                  00001a99    00000003     TIes9ObYIyr (.rodata.str1.2049347693798271200.1)
                  00001a9c    00000090     TIes9ObYIyr (.rodata.cfg_cb)
                  00001b2c    0000008c     mac_cfg.o (.rodata.FHPIB_defaults)
                  00001bb8    0000008c     TIes9ObYIyr (.rodata.oid_x509_ext)
                  00001c44    00000088     mac_cfg.o (.rodata.macPibDefaults)
                  00001ccc    00000080     TIes9ObYIyr (.rodata.base64_dec_map)
                  00001d4c    00000004     ti_sysbios_config.o (.rodata.TimestampP_nativeFormat32)
                  00001d50    00000080     TIes9ObYIyr (.rodata.last4)
                  00001dd0    0000006c     mac_user_config.o (.rodata.macRfDriverTable)
                  00001e3c    00000064     TIes9ObYIyr (.rodata..Lswitch.table._ZN2ot3Ncp7NcpBase24WisunErrorToSpinelStatusE7otError)
                  00001ea0    00000058     mac_cfg.o (.rodata.macSecurityPibTbl)
                  00001ef8    00000058     TIes9ObYIyr (.rodata.uart2CC26X2HWAttrs)
                  00001f50    00000054     drivers_cc13x2x7.a : PowerCC26X2.c.obj (.rodata.resourceDB)
                  00001fa4    00000050     TIes9ObYIyr (.rodata.oid_pk_alg)
                  00001ff4    00000050     TIes9ObYIyr (.rodata.oid_sig_alg)
                  00002044    00000040     TIes9ObYIyr (.rodata.cst16)
                  00002084    00000040     mac_user_config.o (.rodata.macCryptoDriverTable)
                  000020c4    00000039     TIes9ObYIyr (.rodata.str1.7492850346993730031.1)
                  000020fd    00000036     TIes9ObYIyr (.rodata.str1.11195922342813270745.1)
                  00002133    00000035     TIes9ObYIyr (.rodata.str1.9212774899438551251.1)
                  00002168    00000030     ti_radio_config.o (.rodata.RF_cmdPropRadioDivSetup_2gfsk50kbps25dev915wsun1b)
                  00002198    00000030     ti_radio_config.o (.rodata.RF_cmdPropRxAdv_2gfsk50kbps154g)
                  000021c8    00000030     TIes9ObYIyr (.rodata._ZZN2ot3Ncp16GetVersionStringEvE8sVersion)
                  000021f8    00000030     pk_wrap.o (.rodata.mbedtls_ecdsa_info)
                  00002228    00000030     pk_wrap.o (.rodata.mbedtls_eckey_info)
                  00002258    00000030     pk_wrap.o (.rodata.mbedtls_eckeydh_info)
                  00002288    0000002e     TIes9ObYIyr (.rodata.str1.9115987584612274775.1)
                  000022b6    0000002c     TIes9ObYIyr (.rodata.str1.13573855445382710467.1)
                  000022e2    00000002     TIes9ObYIyr (.rodata.str1.910400780989056222.1)
                  000022e4    00000028     drivers_cc13x2x7.a : NVSCC26XX.c.obj (.rodata.NVSCC26XX_fxnTable)
                  0000230c    00000028     TIes9ObYIyr (.rodata.oid_ecp_grp)
                  00002334    00000028     TIes9ObYIyr (.rodata.str1.14166917805087421175.1)
                  0000235c    00000028     TIes9ObYIyr (.rodata.str1.4700544507564795297.1)
                  00002384    00000027     TIes9ObYIyr (.rodata.str1.5317942788558603622.1)
                  000023ab    00000026     TIes9ObYIyr (.rodata.str1.15610211964972916846.1)
                  000023d1    00000026     TIes9ObYIyr (.rodata.str1.8772439659767207962.1)
                  000023f7    00000025     TIes9ObYIyr (.rodata.str1.10967673540658530448.1)
                  0000241c    00000025     TIes9ObYIyr (.rodata.str1.18273069786256122140.1)
                  00002441    00000025     TIes9ObYIyr (.rodata.str1.2933996241405973201.1)
                  00002466    00000001     ti_drivers_config.o (.rodata.aesecbCC26XXHWAttrs)
                  00002467    00000001     TIes9ObYIyr (.rodata.str1.11180125559788991547.1)
                  00002468    00000024     TIes9ObYIyr (.rodata..Lswitch.table.mbedtls_ssl_ciphersuite_uses_ec)
                  0000248c    00000024     changed_props_set.o (.rodata._ZN2ot3Ncp15ChangedPropsSet15mSupportedPropsE)
                  000024b0    00000024     TIes9ObYIyr (.rodata.ti_sysbios_knl_Task_Params_default)
                  000024d4    00000023     TIes9ObYIyr (.rodata.str1.12196134449787778652.1)
                  000024f7    00000023     TIes9ObYIyr (.rodata.str1.17635822872697134419.1)
                  0000251a    00000023     TIes9ObYIyr (.rodata.str1.5890853768698928158.1)
                  0000253d    00000023     TIes9ObYIyr (.rodata.str1.6956013946157835861.1)
                  00002560    00000022     TIes9ObYIyr (.rodata.str1.550587040518067255.1)
                  00002582    00000021     TIes9ObYIyr (.rodata.str1.17546545147021244033.1)
                  000025a3    00000021     TIes9ObYIyr (.rodata.str1.2929868745258414857.1)
                  000025c4    00000020     ti_radio_config.o (.rodata.RF_cmdPropTxAdv_2gfsk50kbps154g)
                  000025e4    00000020     TIes9ObYIyr (.rodata.aes_info)
                  00002604    00000020     TIes9ObYIyr (.rodata.ccm_aes_info)
                  00002624    00000020     TIes9ObYIyr (.rodata.chacha20_base_info)
                  00002644    00000020     TIes9ObYIyr (.rodata.chachapoly_base_info)
                  00002664    00000020     rf_multiMode_cc13x2.a : RFCC26X2_multiMode.c.cc13x2.ticlang.o (.rodata.cst32)
                  00002684    00000020     TIes9ObYIyr (.rodata.gcm_aes_info)
                  000026a4    00000020     TIes9ObYIyr (.rodata.kw_aes_info)
                  000026c4    00000020     TIes9ObYIyr (.rodata.secp256r1_b)
                  000026e4    00000020     TIes9ObYIyr (.rodata.secp256r1_gx)
                  00002704    00000020     TIes9ObYIyr (.rodata.secp256r1_gy)
                  00002724    00000020     TIes9ObYIyr (.rodata.secp256r1_n)
                  00002744    00000020     TIes9ObYIyr (.rodata.secp256r1_p)
                  00002764    00000020     TIes9ObYIyr (.rodata.str1.2626649969755999780.1)
                  00002784    00000020     TIes9ObYIyr (.rodata.str1.7559400321053102278.1)
                  000027a4    0000001f     TIes9ObYIyr (.rodata.str1.62810714732568523.1)
                  000027c3    0000001d     TIes9ObYIyr (.rodata.str1.1413838164640578721.1)
                  000027e0    0000001d     TIes9ObYIyr (.rodata.str1.27915364267051259.1)
                  000027fd    0000001d     TIes9ObYIyr (.rodata.str1.8362557315044379893.1)
                  0000281a    0000001d     TIes9ObYIyr (.rodata.str1.992539454621872486.1)
                  00002837    00000001     --HOLE-- [fill = 0]
                  00002838    0000001c     TIes9ObYIyr (.rodata..Lswitch.table.mac_helper_frame_overhead)
                  00002854    0000001c     TIes9ObYIyr (.rodata..Lswitch.table.ws_decode_channel_spacing)
                  00002870    0000001c     ti_radio_config.o (.rodata.RF_cmdPropCs_2gfsk50kbps154g)
                  0000288c    0000001c     TIes9ObYIyr (.rodata.aes_128_cbc_info)
                  000028a8    0000001c     TIes9ObYIyr (.rodata.aes_128_ccm_info)
                  000028c4    0000001c     TIes9ObYIyr (.rodata.aes_128_ecb_info)
                  000028e0    0000001c     TIes9ObYIyr (.rodata.aes_128_gcm_info)
                  000028fc    0000001c     TIes9ObYIyr (.rodata.aes_128_nist_kw_info)
                  00002918    0000001c     TIes9ObYIyr (.rodata.aes_128_nist_kwp_info)
                  00002934    0000001c     TIes9ObYIyr (.rodata.aes_192_cbc_info)
                  00002950    0000001c     TIes9ObYIyr (.rodata.aes_192_ccm_info)
                  0000296c    0000001c     TIes9ObYIyr (.rodata.aes_192_ecb_info)
                  00002988    0000001c     TIes9ObYIyr (.rodata.aes_192_gcm_info)
                  000029a4    0000001c     TIes9ObYIyr (.rodata.aes_192_nist_kw_info)
                  000029c0    0000001c     TIes9ObYIyr (.rodata.aes_192_nist_kwp_info)
                  000029dc    0000001c     TIes9ObYIyr (.rodata.aes_256_cbc_info)
                  000029f8    0000001c     TIes9ObYIyr (.rodata.aes_256_ccm_info)
                  00002a14    0000001c     TIes9ObYIyr (.rodata.aes_256_ecb_info)
                  00002a30    0000001c     TIes9ObYIyr (.rodata.aes_256_gcm_info)
                  00002a4c    0000001c     TIes9ObYIyr (.rodata.aes_256_nist_kw_info)
                  00002a68    0000001c     TIes9ObYIyr (.rodata.aes_256_nist_kwp_info)
                  00002a84    0000001c     TIes9ObYIyr (.rodata.chacha20_info)
                  00002aa0    0000001c     TIes9ObYIyr (.rodata.chachapoly_info)
                  00002abc    0000001c     TIes9ObYIyr (.rodata.str1.288367007140767737.1)
                  00002ad8    0000001c     TIes9ObYIyr (.rodata.str1.9151302107439068807.1)
                  00002af4    0000001c     TIes9ObYIyr (.rodata.str1.9916965838155900894.1)
                  00002b10    0000001c     TIes9ObYIyr (.rodata.ti_sysbios_family_arm_cc26xx_Timer_Params_default)
                  00002b2c    0000001b     TIes9ObYIyr (.rodata.str1.5316162845164977938.1)
                  00002b47    0000001b     TIes9ObYIyr (.rodata.str1.5595752087924565453.1)
                  00002b62    0000001a     TIes9ObYIyr (.rodata.str1.14816117133898427814.1)
                  00002b7c    0000001a     TIes9ObYIyr (.rodata.str1.2371841567223711415.1)
                  00002b96    0000001a     TIes9ObYIyr (.rodata.str1.2823203152043259118.1)
                  00002bb0    0000001a     TIes9ObYIyr (.rodata.str1.5523703654397843642.1)
                  00002bca    00000019     TIes9ObYIyr (.rodata.str1.2984990218111108021.1)
                  00002be3    00000019     TIes9ObYIyr (.rodata.str1.7842484658962466888.1)
                  00002bfc    00000019     TIes9ObYIyr (.rodata.str1.8340938643049720093.1)
                  00002c15    00000018     TIes9ObYIyr (.rodata..Lswitch.table.ws_cfg_phy_set)
                  00002c2d    00000003     TIes9ObYIyr (.rodata.str1.3633823414332548216.1)
                  00002c30    00000018     ti_radio_config.o (.rodata.RF_cmdFs_2gfsk50kbps154g)
                  00002c48    00000018     TIes9ObYIyr (.rodata._ZZN2ot3Ncp7NcpBase25FindInsertPropertyHandlerEjE15sHandlerEntries)
                  00002c60    00000018     TIes9ObYIyr (.rodata._ZZN2ot3Ncp7NcpBase25FindRemovePropertyHandlerEjE15sHandlerEntries)
                  00002c78    00000018     TIes9ObYIyr (.rodata.cst4)
                  00002c90    00000018     TIes9ObYIyr (.rodata.ecp_supported_curves)
                  00002ca8    00000018     maclib_secure_cc13x2x7_tirtos7.a : hmac_global.c.o (.rodata.macCmdIncludeFHIe)
                  00002cc0    00000018     TIes9ObYIyr (.rodata.ti_sysbios_family_arm_m3_Hwi_Params_default)
                  00002cd8    00000018     TIes9ObYIyr (.rodata.trngCC26XXHWAttrs)
                  00002cf0    00000017     TIes9ObYIyr (.rodata.ipv6_route_probing)
                  00002d07    00000001     --HOLE-- [fill = 0]
                  00002d08    00000017     TIes9ObYIyr (.rodata.str1.15011994974951604922.4)
                  00002d1f    00000017     TIes9ObYIyr (.rodata.str1.16274318586260504923.1)
                  00002d36    00000017     TIes9ObYIyr (.rodata.str1.4622969929506508497.1)
                  00002d4d    00000017     TIes9ObYIyr (.rodata.str1.9145368168818179595.1)
                  00002d64    00000016     maclib_secure_cc13x2x7_tirtos7.a : hmac_global.c.o (.rodata.macIdleSt)
                  00002d7a    00000016     TIes9ObYIyr (.rodata.str1.9442143477220398474.1)
                  00002d90    00000015     TIes9ObYIyr (.rodata.str1.10543450836564632639.1)
                  00002da5    00000015     TIes9ObYIyr (.rodata.str1.11652882624430817056.1)
                  00002dba    00000015     TIes9ObYIyr (.rodata.str1.13484652481487817395.1)
                  00002dcf    00000015     TIes9ObYIyr (.rodata.str1.8700990981848993460.1)
                  00002de4    00000014     drivers_cc13x2x7.a : TRNG.c.obj (.rodata.TRNG_defaultParams)
                  00002df8    00000014     TIes9ObYIyr (.rodata.rpl_of0_step_of_rank.etx_thresholds)
                  00002e0c    00000014     TIes9ObYIyr (.rodata.ti_sysbios_knl_Swi_Params_default)
                  00002e20    00000013     macTask.o (.rodata.msacbackSizeTable)
                  00002e33    00000013     TIes9ObYIyr (.rodata.str1.14869629873798350060.1)
                  00002e46    00000012     TIes9ObYIyr (.rodata.str1.12068385037602723421.1)
                  00002e58    00000012     TIes9ObYIyr (.rodata.str1.12748558716711893360.1)
                  00002e6a    00000012     TIes9ObYIyr (.rodata.str1.347415022105160846.1)
                  00002e7c    00000012     TIes9ObYIyr (.rodata.str1.355924096847674711.1)
                  00002e8e    00000012     TIes9ObYIyr (.rodata.str1.4878983994802897075.1)
                  00002ea0    00000012     TIes9ObYIyr (.rodata.str1.9194882999806972488.1)
                  00002eb2    00000012     TIes9ObYIyr (.rodata.str1.9264860823811690666.1)
                  00002ec4    00000012     TIes9ObYIyr (.rodata.str1.9332511585745818376.1)
                  00002ed6    00000002     --HOLE-- [fill = 0]
                  00002ed8    00000011     TIes9ObYIyr (.rodata..L__const.macFH_ChanPlanInit.regChanList)
                  00002ee9    00000011     TIes9ObYIyr (.rodata.str1.10899014824072108639.1)
                  00002efa    00000011     TIes9ObYIyr (.rodata.str1.12192040010703015624.1)
                  00002f0b    00000011     TIes9ObYIyr (.rodata.str1.1421379588850248360.1)
                  00002f1c    00000011     TIes9ObYIyr (.rodata.str1.17624060438182984740.1)
                  00002f2d    00000003     kde_helper.o (.rodata.wisun_oui)
                  00002f30    00000010     ns_address_internal.o (.rodata.ADDR_ALL_MPL_FORWARDERS)
                  00002f40    00000010     ns_address_internal.o (.rodata.ADDR_IF_LOCAL_ALL_NODES)
                  00002f50    00000010     ns_address_internal.o (.rodata.ADDR_IF_LOCAL_ALL_ROUTERS)
                  00002f60    00000010     ns_address_internal.o (.rodata.ADDR_LINK_LOCAL_ALL_NODES)
                  00002f70    00000010     ns_address_internal.o (.rodata.ADDR_LINK_LOCAL_ALL_ROUTERS)
                  00002f80    00000010     rpl_control.o (.rodata.ADDR_LINK_LOCAL_ALL_RPL_NODES)
                  00002f90    00000010     ns_address_internal.o (.rodata.ADDR_LOOPBACK)
                  00002fa0    00000010     ns_address_internal.o (.rodata.ADDR_REALM_LOCAL_ALL_NODES)
                  00002fb0    00000010     ns_address_internal.o (.rodata.ADDR_REALM_LOCAL_ALL_ROUTERS)
                  00002fc0    00000010     ns_address_internal.o (.rodata.ADDR_SITE_LOCAL_ALL_ROUTERS)
                  00002fd0    00000010     ns_address_internal.o (.rodata.ADDR_UNSPECIFIED)
                  00002fe0    00000010     ti_drivers_config.o (.rodata.TRNG_config)
                  00002ff0    00000010     drivers_cc13x2x7.a : AESCBC.c.obj (.rodata.cst16)
                  00003000    00000010     mac_cfg.o (.rodata.cst16)
                  00003010    00000010     TIes9ObYIyr (.rodata.cst8)
                  00003020    00000010     x509_crt.o (.rodata.mbedtls_x509_crt_profile_default)
                  00003030    00000010     socket_api.o (.rodata.ns_in6addr_any)
                  00003040    00000010     TIes9ObYIyr (.rodata.str1.11120785976999363872.1)
                  00003050    00000010     TIes9ObYIyr (.rodata.str1.14542187499856749059.1)
                  00003060    00000010     TIes9ObYIyr (.rodata.str1.15952589912361618955.1)
                  00003070    00000010     TIes9ObYIyr (.rodata.str1.1919684153130682544.1)
                  00003080    00000010     TIes9ObYIyr (.rodata.str1.2728515214297213503.1)
                  00003090    00000010     TIes9ObYIyr (.rodata.str1.419144359874620546.1)
                  000030a0    00000010     TIes9ObYIyr (.rodata.str1.9576378627133036769.1)
                  000030b0    00000010     TIes9ObYIyr (.rodata.tls_sec_prot_lib_connect.sec_suites)
                  000030c0    0000000f     TIes9ObYIyr (.rodata.str1.11387568024484560757.1)
                  000030cf    0000000f     TIes9ObYIyr (.rodata.str1.14464573419807329995.1)
                  000030de    0000000f     TIes9ObYIyr (.rodata.str1.18221037425055239819.1)
                  000030ed    0000000f     TIes9ObYIyr (.rodata.str1.4150232857388482799.1)
                  000030fc    0000000f     TIes9ObYIyr (.rodata.str1.5000108441459617579.1)
                  0000310b    00000001     --HOLE-- [fill = 0]
                  0000310c    0000000f     TIes9ObYIyr (.rodata.str1.9783275304605204885.4)
                  0000311b    0000000e     TIes9ObYIyr (.rodata._ZZN2ot3Ncp24GetProtocolVersionStringEvE8sVersion)
                  00003129    0000000e     TIes9ObYIyr (.rodata.str1.12838037409873986932.1)
                  00003137    0000000e     TIes9ObYIyr (.rodata.str1.2917860300960529309.1)
                  00003145    0000000e     TIes9ObYIyr (.rodata.str1.57315231572845043.1)
                  00003153    00000001     --HOLE-- [fill = 0]
                  00003154    0000000d     ns_address_internal.o (.rodata.ADDR_MULTICAST_SOLICITED)
                  00003161    00000003     --HOLE-- [fill = 0]
                  00003164    0000000d     TIes9ObYIyr (.rodata.str1.2502956727712661726.4)
                  00003171    00000003     --HOLE-- [fill = 0]
                  00003174    0000000c     TIes9ObYIyr (.rodata..L__const.Random_seedAutomatic.hwAttrs)
                  00003180    0000000c     TIes9ObYIyr (.rodata..Lswitch.table.mbedtls_md_free)
                  0000318c    0000000c     TIes9ObYIyr (.rodata..Lswitch.table.mbedtls_md_info_from_type)
                  00003198    0000000c     TIes9ObYIyr (.rodata..Lswitch.table.mbedtls_pk_info_from_type)
                  000031a4    0000000c     TIes9ObYIyr (.rodata..Lswitch.table.ws_common_regulatory_domain_config.1)
                  000031b0    0000000c     ns_address_internal.o (.rodata.ADDR_IPV4_MAPPED_PREFIX)
                  000031bc    0000000c     ti_drivers_config.o (.rodata.NVS_config)
                  000031c8    0000000c     ti_drivers_config.o (.rodata.RFCC26XX_hwAttrs)
                  000031d4    0000000c     TIes9ObYIyr (.rodata.eapol_pdu_recv_cb_data.1514)
                  000031e0    0000000c     TIes9ObYIyr (.rodata.eapol_pdu_recv_cb_data)
                  000031ec    0000000c     TIes9ObYIyr (.rodata.ns_maintenance_gc_functions)
                  000031f8    0000000c     TIes9ObYIyr (.rodata.str1.10169918667241530110.1)
                  00003204    0000000c     TIes9ObYIyr (.rodata.str1.10197090083643509335.1)
                  00003210    0000000c     TIes9ObYIyr (.rodata.str1.10749987841567502737.1)
                  0000321c    0000000c     TIes9ObYIyr (.rodata.str1.1538669160805903124.1)
                  00003228    0000000c     TIes9ObYIyr (.rodata.str1.15959619055108645341.1)
                  00003234    0000000c     TIes9ObYIyr (.rodata.str1.16134656659927877892.1)
                  00003240    0000000c     TIes9ObYIyr (.rodata.str1.16196692820035980789.1)
                  0000324c    0000000c     TIes9ObYIyr (.rodata.str1.16866314953664665412.1)
                  00003258    0000000c     TIes9ObYIyr (.rodata.str1.16891178698938776404.1)
                  00003264    0000000c     TIes9ObYIyr (.rodata.str1.1863736342027126181.1)
                  00003270    0000000c     TIes9ObYIyr (.rodata.str1.3426103465655826119.1)
                  0000327c    0000000c     TIes9ObYIyr (.rodata.str1.4855889918245398878.1)
                  00003288    0000000c     TIes9ObYIyr (.rodata.str1.6198100302651879810.1)
                  00003294    0000000c     TIes9ObYIyr (.rodata.str1.7216732590376250787.1)
                  000032a0    0000000c     TIes9ObYIyr (.rodata.str1.9568099409812501654.1)
                  000032ac    0000000c     TIes9ObYIyr (.rodata.str1.9721133798407238017.1)
                  000032b8    0000000c     TIes9ObYIyr (.rodata.str1.9938674024561798857.1)
                  000032c4    0000000c     TIes9ObYIyr (.rodata.ti_sysbios_knl_Clock_Params_default)
                  000032d0    0000000c     TIes9ObYIyr (.rodata.ti_sysbios_knl_Semaphore_Params_default)
                  000032dc    0000000c     udp.o (.rodata.wisun_ncp_filter_ports)
                  000032e8    0000000b     TIes9ObYIyr (.rodata.str1.13989554502702584651.1)
                  000032f3    0000000b     TIes9ObYIyr (.rodata.str1.15508378042733149109.1)
                  000032fe    0000000b     TIes9ObYIyr (.rodata.str1.5597639357511073631.1)
                  00003309    0000000a     TIes9ObYIyr (.rodata..Lswitch.table.kmp_api_type_from_id_get)
                  00003313    0000000a     TIes9ObYIyr (.rodata..Lswitch.table.mbedtls_ssl_get_ciphersuite_sig_pk_alg)
                  0000331d    0000000a     TIes9ObYIyr (.rodata.str1.12693629280566672231.1)
                  00003327    0000000a     TIes9ObYIyr (.rodata.str1.16736382338066009125.1)
                  00003331    00000003     --HOLE-- [fill = 0]
                  00003334    0000000a     TIes9ObYIyr (.rodata.str1.1931296547459085347.4)
                  0000333e    0000000a     TIes9ObYIyr (.rodata.str1.4716619379700254132.1)
                  00003348    0000000a     TIes9ObYIyr (.rodata.str1.9604234808377946934.1)
                  00003352    00000009     TIes9ObYIyr (.rodata..Lswitch.table.otPlatGetResetReason)
                  0000335b    00000009     TIes9ObYIyr (.rodata.str1.11187475635515190367.1)
                  00003364    00000009     TIes9ObYIyr (.rodata.str1.14138763500302324395.1)
                  0000336d    00000009     TIes9ObYIyr (.rodata.str1.2202349019630352048.1)
                  00003376    00000009     TIes9ObYIyr (.rodata.str1.3903659957904061255.1)
                  0000337f    00000009     TIes9ObYIyr (.rodata.str1.7841195762114736144.1)
                  00003388    00000009     TIes9ObYIyr (.rodata.str1.872934923317001592.1)
                  00003391    00000009     TIes9ObYIyr (.rodata.str1.9722872301800522931.1)
                  0000339a    00000002     --HOLE-- [fill = 0]
                  0000339c    00000008     rf_multiMode_cc13x2.a : RFCC26X2_multiMode.c.cc13x2.ticlang.o (.rodata..L__const.RF_hwiCpe0Active.activeCmd)
                  000033a4    00000008     ns_address_internal.o (.rodata.ADDR_LINK_LOCAL_PREFIX)
                  000033ac    00000008     ti_drivers_config.o (.rodata.AESCBC_config)
                  000033b4    00000008     ti_drivers_config.o (.rodata.AESCCM_config)
                  000033bc    00000008     ti_drivers_config.o (.rodata.AESECB_config)
                  000033c4    00000008     TIes9ObYIyr (.rodata.NIST_KW_ICV1)
                  000033cc    00000008     ti_drivers_config.o (.rodata.UART2_config)
                  000033d4    00000008     ti_drivers_config.o (.rodata.UDMACC26XX_config)
                  000033dc    00000008     TIes9ObYIyr (.rodata.addr_am_implicit_group_member.implicit_groups)
                  000033e4    00000008     TIes9ObYIyr (.rodata.ciphersuite_preference)
                  000033ec    00000008     maclib_secure_cc13x2x7_tirtos7.a : fh_global.c.o (.rodata.cst4)
                  000033f4    00000008                                      : hmac_global.c.o (.rodata.cst4)
                  000033fc    00000008                                      : hmac_global.c.o (.rodata.cst8)
                  00003404    00000008     TIes9ObYIyr (.rodata.empty_hash)
                  0000340c    00000008     TIes9ObYIyr (.rodata.mac_helper_default_key_source)
                  00003414    00000008     md.o (.rodata.mbedtls_sha1_info)
                  0000341c    00000008     md.o (.rodata.mbedtls_sha224_info)
                  00003424    00000008     md.o (.rodata.mbedtls_sha256_info)
                  0000342c    00000008     TIes9ObYIyr (.rodata.nvsCC26XXHWAttrs)
                  00003434    00000008     TIes9ObYIyr (.rodata.prefixStrings)
                  0000343c    00000008     TIes9ObYIyr (.rodata.str1.1050706403817640371.1)
                  00003444    00000008     TIes9ObYIyr (.rodata.str1.149422205696145404.1)
                  0000344c    00000008     TIes9ObYIyr (.rodata.str1.15880759393986020170.1)
                  00003454    00000008     TIes9ObYIyr (.rodata.str1.712206273235348584.1)
                  0000345c    00000008     TIes9ObYIyr (.rodata.str1.8430759185529192271.1)
                  00003464    00000008     ti_sysbios_config.o (.rodata.ti_sysbios_knl_Idle_funcList)
                  0000346c    00000008     ti_drivers_config.o (.rodata.udmaCC26XXHWAttrs)
                  00003474    00000007     TIes9ObYIyr (.rodata.str1.15937570934398881042.1)
                  0000347b    00000007     TIes9ObYIyr (.rodata.str1.2953634648325558584.1)
                  00003482    00000007     TIes9ObYIyr (.rodata.str1.4778380040682231834.1)
                  00003489    00000007     TIes9ObYIyr (.rodata.str1.8038626540228769938.1)
                  00003490    00000007     TIes9ObYIyr (.rodata.str1.9896765918755864219.1)
                  00003497    00000006     TIes9ObYIyr (.rodata..Lswitch.table.addr_len_from_type)
                  0000349d    00000001     --HOLE-- [fill = 0]
                  0000349e    00000006     TIes9ObYIyr (.rodata..Lswitch.table.rpl_mrhof_link_metric_to_neighbour)
                  000034a4    00000006     TIes9ObYIyr (.rodata..Lswitch.table.ws_common_channel_number_calc.3)
                  000034aa    00000006     TIes9ObYIyr (.rodata..Lswitch.table.ws_common_channel_number_calc.4)
                  000034b0    00000006     ns_address_internal.o (.rodata.ADDR_SHORT_ADR_SUFFIC)
                  000034b6    00000006     maclib_secure_cc13x2x7_tirtos7.a : hmac_global.c.o (.rodata.macCmdBufSize)
                  000034bc    00000006     TIes9ObYIyr (.rodata.str1.11241658289655246219.1)
                  000034c2    00000006     TIes9ObYIyr (.rodata.str1.3329425083550920630.1)
                  000034c8    00000006     TIes9ObYIyr (.rodata.str1.6330456094183485556.1)
                  000034ce    00000006     TIes9ObYIyr (.rodata.str1.920133977162944640.1)
                  000034d4    00000006     TIes9ObYIyr (.rodata.str1.9812414709176761870.1)
                  000034da    00000005     TIes9ObYIyr (.rodata..L.str.23.1846)
                  000034df    00000005     TIes9ObYIyr (.rodata.parityType)
                  000034e4    00000005     TIes9ObYIyr (.rodata.rxFifoThreshold)
                  000034e9    00000005     TIes9ObYIyr (.rodata.str1.11186888344155429477.1)
                  000034ee    00000005     TIes9ObYIyr (.rodata.str1.13428283229237203344.1)
                  000034f3    00000005     TIes9ObYIyr (.rodata.str1.2282634138051327062.1)
                  000034f8    00000005     ti_sysbios_config.o (.rodata.taskState)
                  000034fd    00000003     --HOLE-- [fill = 0]
                  00003500    00000004     ti_sysbios_config.o (.rodata.TimestampP_nativeFormat64)
                  00003504    00000004     TIes9ObYIyr (.rodata.memset_func)
                  00003508    00000004     TIes9ObYIyr (.rodata.str1.1725414502415062336.1)
                  0000350c    00000004     TIes9ObYIyr (.rodata.str1.18065795358539014804.1)
                  00003510    00000004     TIes9ObYIyr (.rodata.str1.18156228024322036381.1)
                  00003514    00000004     TIes9ObYIyr (.rodata.str1.3774880314050679494.1)
                  00003518    00000004     TIes9ObYIyr (.rodata.str1.3816795297376672016.1)
                  0000351c    00000004     TIes9ObYIyr (.rodata.str1.4494781884693379577.1)
                  00003520    00000004     TIes9ObYIyr (.rodata.str1.745871823615315831.1)
                  00003524    00000004     TIes9ObYIyr (.rodata.str1.78922254341897754.1)
                  00003528    00000004     TIes9ObYIyr (.rodata.str1.797248911939312427.1)
                  0000352c    00000004     ti_sysbios_config.o (.rodata.ti_sysbios_family_arm_m3_Hwi_swiTaskKeyAddress)

.cinit     0    00046c7c    0000037c     
                  00046c7c    00000316     (.cinit..data.load) [load image, compression = lzss]
                  00046f92    00000002     --HOLE-- [fill = 0]
                  00046f94    0000000c     (__TI_handler_table)
                  00046fa0    00000008     (.cinit..TI.bound:dmaUart0RxControlTableEntry.load) [load image, compression = zero_init]
                  00046fa8    00000008     (.cinit..TI.bound:dmaUart0TxControlTableEntry.load) [load image, compression = zero_init]
                  00046fb0    00000008     (.cinit..bss.1.load) [load image, compression = zero_init]
                  00046fb8    00000008     (.cinit..bss.2.load) [load image, compression = zero_init]
                  00046fc0    00000008     (.cinit..ramVecs.load) [load image, compression = zero_init]
                  00046fc8    00000030     (__TI_cinit_table)

.init_array 
*          0    00000000    00000000     UNINITIALIZED

.TI.bound:flashBuf0 
*          0    000a8000    00004000     UNINITIALIZED
                  000a8000    00004000     TIes9ObYIyr (.TI.bound:flashBuf0)

.ccfg      0    000affa8    00000058     
                  000affa8    00000058     ti_devices_config.o (.ccfg)

.data      0    2000db00    00001451     UNINITIALIZED
                  2000db00    00000258     maclib_secure_cc13x2x7_tirtos7.a : mac_rx.c.o (.data.mac_eui_filter_list)
                  2000dd58    00000174     drivers_cc13x2x7.a : PowerCC26X2.c.obj (.data.PowerCC26X2_module)
                  2000decc    000000b0     TIes9ObYIyr (.data.fhss_timeout)
                  2000df7c    000000a0     mac_cfg.o (.data.macMRFSKGenPhyTable)
                  2000e01c    00000004     TIes9ObYIyr (.data.PowerCC26X2_rtcSubSecInc)
                  2000e020    0000007e     TIes9ObYIyr (.data..L_MergedGlobals.3265)
                  2000e09e    00000001     ws_common.o (.data.DEVICE_MIN_SENS)
                  2000e09f    00000001     rf_multiMode_cc13x2.a : rf_patch_cpe_prop.c.cc13x2.ticlang.o (.data.bPropPatchEntered)
                  2000e0a0    0000007e     TIes9ObYIyr (.data..L_MergedGlobals)
                  2000e11e    00000001     TIes9ObYIyr (.data.isInitialized.438)
                  2000e11f    00000001     TIes9ObYIyr (.data.isInitialized)
                  2000e120    0000007c     TIes9ObYIyr (.data..L_MergedGlobals.3256)
                  2000e19c    0000007c     TIes9ObYIyr (.data..L_MergedGlobals.3260)
                  2000e218    0000007c     TIes9ObYIyr (.data..L_MergedGlobals.3261)
                  2000e294    00000004     rf_multiMode_cc13x2.a : RFCC26X2_multiMode.c.cc13x2.ticlang.o (.data.RF_fsmActiveState.lfClockSourceLast)
                  2000e298    0000007c     TIes9ObYIyr (.data..L_MergedGlobals.3263)
                  2000e314    0000007c     TIes9ObYIyr (.data..L_MergedGlobals.3266)
                  2000e390    0000007c     TIes9ObYIyr (.data..L_MergedGlobals.3267)
                  2000e40c    0000007c     application.o (.data.cfg_props)
                  2000e488    0000007c     ti_drivers_config.o (.data.gpioPinConfigs)
                  2000e504    00000079     TIes9ObYIyr (.data..L_MergedGlobals.3257)
                  2000e57d    00000001     TIes9ObYIyr (.data.kmp_instance_identifier)
                  2000e57e    00000001     application.o (.data.nbr_idx)
                  2000e57f    00000001     rpl_control.o (.data.rpl_better_parent_count)
                  2000e580    00000078     TIes9ObYIyr (.data..L_MergedGlobals.3258)
                  2000e5f8    00000078     TIes9ObYIyr (.data..L_MergedGlobals.3259)
                  2000e670    00000078     TIes9ObYIyr (.data..L_MergedGlobals.3264)
                  2000e6e8    00000078     TIes9ObYIyr (.data..L_MergedGlobals.3268)
                  2000e760    00000078     TIes9ObYIyr (.data..L_MergedGlobals.3273)
                  2000e7d8    00000074     TIes9ObYIyr (.data..L_MergedGlobals.3269)
                  2000e84c    00000074     TIes9ObYIyr (.data..L_MergedGlobals.3270)
                  2000e8c0    00000070     TIes9ObYIyr (.data..L_MergedGlobals.3271)
                  2000e930    00000070     TIes9ObYIyr (.data..L_MergedGlobals.3272)
                  2000e9a0    00000070     TIes9ObYIyr (.data..L_MergedGlobals.3277)
                  2000ea10    0000006c     maclib_secure_cc13x2x7_tirtos7.a : hmac_global.c.o (.data.fhObject)
                  2000ea7c    00000068     rf_multiMode_cc13x2.a : RFCC26X2_multiMode.c.cc13x2.ticlang.o (.data..L_MergedGlobals.1)
                  2000eae4    00000068     ti_sysbios_config.o (.data.ti_sysbios_knl_Clock_Module_state)
                  2000eb4c    00000064     rf_multiMode_cc13x2.a : RFCC26X2_multiMode.c.cc13x2.ticlang.o (.data..L_MergedGlobals.3)
                  2000ebb0    00000064     ti_radio_config.o (.data.txPowerTable_868_pa13)
                  2000ec14    00000004     TIes9ObYIyr (.data.ecp_mpi_set1.one)
                  2000ec18    00000060     TIes9ObYIyr (.data..L_MergedGlobals.3262)
                  2000ec78    00000060     TIes9ObYIyr (.data..L_MergedGlobals.3275)
                  2000ecd8    00000060     TIes9ObYIyr (.data..L_MergedGlobals.3276)
                  2000ed38    0000005c     main.o (.data.Main_user1Cfg)
                  2000ed94    00000058     rf_multiMode_cc13x2.a : RFCC26X2_multiMode.c.cc13x2.ticlang.o (.data..L_MergedGlobals.2)
                  2000edec    00000058     TIes9ObYIyr (.data..L_MergedGlobals.3274)
                  2000ee44    00000058     ti_radio_config.o (.data.pOverrides_2gfsk50kbps154g)
                  2000ee9c    00000043     application.o (.data.ti_br_config)
                  2000eedf    00000001     TIes9ObYIyr (.data.timer_initialized)
                  2000eee0    00000010     driverlib.lib : osc.c.obj (.data._hposcCoeffs)
                  2000eef0    00000008     rf_multiMode_cc13x2.a : RFCC26X2_multiMode.c.cc13x2.ticlang.o (.data..L_MergedGlobals)
                  2000eef8    00000008                           : RFCC26X2_multiMode.c.cc13x2.ticlang.o (.data.RFCC26XX_schedulerPolicy)
                  2000ef00    00000008     TIes9ObYIyr (.data.addr_notifications)
                  2000ef08    00000008     maclib_secure_cc13x2x7_tirtos7.a : mac_rx.c.o (.data.allZeroExtAddr)
                  2000ef10    00000008     TIes9ObYIyr (.data.dhcpv6_client_nonTemporal_list)
                  2000ef18    00000008     TIes9ObYIyr (.data.eapol_relay_list)
                  2000ef20    00000008     ti_sysbios_config.o (.data.ti_sysbios_gates_GateMutexPri_Module_state)
                  2000ef28    00000008     ti_sysbios_config.o (.data.ti_sysbios_heaps_HeapCallback_Module_state)
                  2000ef30    00000008     ti_sysbios_config.o (.data.ti_sysbios_knl_Semaphore_Module_state)
                  2000ef38    00000004     ws_pae_supp.o (.data.global_pae_supp)
                  2000ef3c    00000004     TIes9ObYIyr (.data.owner_count)
                  2000ef40    00000004     TIes9ObYIyr (.data.pae_controller_config.0)
                  2000ef44    00000004     maclib_secure_cc13x2x7_tirtos7.a : hmac_global.c.o (.data.ti154stack_lib_date)
                  2000ef48    00000004                                      : hmac_global.c.o (.data.ti154stack_lib_time)
                  2000ef4c    00000004                                      : hmac_global.c.o (.data.ti154stack_lib_version)
                  2000ef50    00000001                                      : fh_mgr.c.o (.data.uc_toggle)

.ramVecs   0    2000f000    000000d8     UNINITIALIZED
                  2000f000    000000d8     ti_sysbios_config.o (.ramVecs)

.sysmem    0    2000f0d8    00000000     UNINITIALIZED

.nonretenvar 
*          0    2000f0d8    00000000     UNINITIALIZED

.stack     0    200239c0    00000640     UNINITIALIZED
                  200239c0    00000004     sysbios.a : boot_cortex_m.c.obj (.stack)
                  200239c4    0000063c     --HOLE--

__llvm_prf_cnts 
*          0    20000000    00000000     UNINITIALIZED

__llvm_prf_bits 
*          0    20000000    00000000     UNINITIALIZED

.TI.bound:dmaUart0RxControlTableEntry 
*          0    20001810    00000010     UNINITIALIZED
                  20001810    00000010     TIes9ObYIyr (.TI.bound:dmaUart0RxControlTableEntry)

.TI.bound:dmaUart0TxControlTableEntry 
*          0    20001820    00000010     UNINITIALIZED
                  20001820    00000010     TIes9ObYIyr (.TI.bound:dmaUart0TxControlTableEntry)

.log_data 
*          0    00003538    00000008     
                  00003538    00000004     ti_sysbios_config.o (.log_data)
                  0000353c    00000004     ti_sysbios_config.o (.log_data)

.args      0    00003530    00000008     
                  00003530    00000008     --HOLE-- [fill = 0]

.text.1    0    00003540    0004373c     
                  00003540    0000377c     protocol_6lowpan.o (.text.protocol_6lowpan_stack)
                  00006cbc    00002340     TIes9ObYIyr (.text.client_tls_sec_prot_state_machine)
                  00008ffc    00000f74     TIes9ObYIyr (.text.mbedtls_internal_sha1_process)
                  00009f70    00000f48     TIes9ObYIyr (.text.ws_bootstrap_event_handler)
                  0000aeb8    00000a74     TIes9ObYIyr (.text.wisun_tasklet_configure_and_connect_to_network)
                  0000b92c    000009ec     application.o (.text.ncp_tasklet)
                  0000c318    0000094c     x509_crt.o (.text.mbedtls_x509_crt_parse_der)
                  0000cc64    00000864     application.o (.text.nanostack_net_if_up)
                  0000d4c8    000007f4     TIes9ObYIyr (.text:__TI_printfi)
                  0000dcbc    000007f0     TIes9ObYIyr (.text.ws_bootstrap_asynch_ind)
                  0000e4ac    000007d4     TIes9ObYIyr (.text.macTaskFxn)
                  0000ec80    000007b4     maclib_secure_cc13x2x7_tirtos7.a : mac.c.o (.text.macRxCb)
                  0000f434    00000764     TIes9ObYIyr (.text.mbedtls_ecp_mul_restartable)
                  0000fb98    00000754     ssl_msg.o (.text.mbedtls_ssl_read_record)
                  000102ec    0000073c     TIes9ObYIyr (.text.rxPayloadIsr)
                  00010a28    000006e0     TIes9ObYIyr (.text.mbedtls_internal_sha256_process)
                  00011108    000006b4     ssl_tls.o (.text.mbedtls_ssl_parse_certificate)
                  000117bc    00000670     libc.a : args_main.c.obj (.text._args_main)
                  00011e2c    00000648     TIes9ObYIyr (.text.lowpan_adaptation_interface_tx)
                  00012474    00000634     TIes9ObYIyr (.text.ws_llc_mac_indication_cb)
                  00012aa8    00000594     api_mac.o (.text.timac_tasklet_event_handler)
                  0001303c    00000580     protocol_core.o (.text.protocol_root_tasklet)
                  000135bc    00000560     TIes9ObYIyr (.text.ws_bootstrap_up)
                  00013b1c    0000053c     maclib_secure_cc13x2x7_tirtos7.a : fh_ie_patch.c.o (.text.FHIE_gen)
                  00014058    00000490     rf_multiMode_cc13x2.a : RFCC26X2_multiMode.c.cc13x2.ticlang.o (.text.RF_fsmActiveState)
                  000144e8    00000450     TIes9ObYIyr (.text.socket_sendmsg)
                  00014938    00000440     TIes9ObYIyr (.text.mbedtls_ssl_write_record)
                  00014d78    00000422     TIes9ObYIyr (.text.ecp_mod_p256)
                  0001519a    00000002     ti_sysbios_config.o (.text.BIOS_nullFunc)
                  0001519c    000003f4     x509_crl.o (.text.mbedtls_x509_crl_parse_der)
                  00015590    000003e4     ws_cfg_settings.o (.text.ws_cfg_network_size_set)
                  00015974    000003c8     dhcpv6_client_service.o (.text.dhcp_solicit_resp_cb)
                  00015d3c    000003c4     rpl_upward.o (.text.rpl_instance_dio_trigger)
                  00016100    00000398     TIes9ObYIyr (.text._pconv_a)
                  00016498    00000388     maclib_secure_cc13x2x7_tirtos7.a : mac_hl_patch.c.o (.text.macBuildHeader)
                  00016820    0000037c     ssl_tls.o (.text.mbedtls_ssl_derive_keys)
                  00016b9c    00000370     TIes9ObYIyr (.text.ws_llc_mpx_data_request)
                  00016f0c    00000368     TIes9ObYIyr (.text.ws_llc_mac_confirm_cb)
                  00017274    00000354     bignum.o (.text.mbedtls_mpi_inv_mod)
                  000175c8    0000033c     TIes9ObYIyr (.text.rpl_mrhof_parent_selection)
                  00017904    00000338     TIes9ObYIyr (.text.txCsmaGo)
                  00017c3c    00000338     TIes9ObYIyr (.text.ws_bootstrap_down)
                  00017f74    00000330     TIes9ObYIyr (.text.mlme_req)
                  000182a4    00000328     bignum.o (.text.mbedtls_mpi_mod_mpi)
                  000185cc    00000328     mpl.o (.text.mpl_forwarder_process_message)
                  000188f4    0000031c     maclib_secure_cc13x2x7_tirtos7.a : fh_api.c.o (.text.FHAPI_completeRxCb)
                  00018c10    000002f4                                      : fh_ie.c.o (.text.FHIE_parsePie)
                  00018f04    000002ec     TIes9ObYIyr (.text.NVOCMP_initNvApi)
                  000191f0    000002ec     TIes9ObYIyr (.text.lowpan_adaptation_interface_tx_confirm)
                  000194dc    000002ec     ti_sysbios_config.o (.text.ti_sysbios_runtime_System_doPrint)
                  000197c8    000002dc     ncp_uart.o (.text._ZN2ot3Ncp7NcpUart11HandleFrameEPv7otError)
                  00019aa4    000002dc     TIes9ObYIyr (.text.mpl_fast_timer2)
                  00019d80    000002dc     libc.a : strcmp_t2.S.obj (.text:strcmp)
                  0001a05c    000002d8     ipv6.o (.text.ipv6_buffer_route_to)
                  0001a334    000002cc     maclib_secure_cc13x2x7_tirtos7.a : mac_hl_patch.c.o (.text.MAC_McpsDataReq)
                  0001a600    000002cc     TIes9ObYIyr (.text.macBuildCommonReq)
                  0001a8cc    000002c4     TIes9ObYIyr (.text.rpl_of0_parent_selection)
                  0001ab90    000002a8     rf_multiMode_cc13x2.a : RFCC26X2_multiMode.c.cc13x2.ticlang.o (.text.RF_open)
                  0001ae38    000002a4     maclib_secure_cc13x2x7_tirtos7.a : fh_api.c.o (.text.FHAPI_getTxParams_old)
                  0001b0dc    00000294     TIes9ObYIyr (.text.chachapoly_crypt_and_tag)
                  0001b370    00000294     TIes9ObYIyr (.text.ws_bootstrap_dhcp_info_notify_cb)
                  0001b604    0000028c     TIes9ObYIyr (.text.NVOCMP_compactPage)
                  0001b890    0000027c     TIes9ObYIyr (.text.compress_ipv6)
                  0001bb0c    00000278     TIes9ObYIyr (.text.rpl_data_exthdr_provider_hbh_2)
                  0001bd84    00000272     bignum.o (.text.mbedtls_mpi_mul_mpi)
                  0001bff6    00000002     ti_drivers_config.o (.text.Board_initHook)
                  0001bff8    0000026c     TIes9ObYIyr (.text.mcps_req_ext)
                  0001c264    00000266     TIes9ObYIyr (.text.ccm_auth_crypt)
                  0001c4ca    00000002     maclib_secure_cc13x2x7_tirtos7.a : fh_util.c.o (.text.FHUTIL_noAction)
                  0001c4cc    00000260     TIes9ObYIyr (.text.compress_addr)
                  0001c72c    00000252     TIes9ObYIyr (.text.compress_nh)
                  0001c97e    00000002     rf_multiMode_cc13x2.a : rfc.c.cc13x2.ticlang.o (.text.NOROM_RFCCpePatchReset)
                  0001c980    0000024c     TIes9ObYIyr (.text.MAC_MlmeResetReq)
                  0001cbcc    0000024c     TIes9ObYIyr (.text.ecdsa_verify_wrap)
                  0001ce18    00000248     TIes9ObYIyr (.text.ecp_double_jac)
                  0001d060    00000248     TIes9ObYIyr (.text.supp_key_sec_prot_state_machine)
                  0001d2a8    0000023c     TIes9ObYIyr (.text.mbedtls_ecdsa_write_signature)
                  0001d4e4    00000004     ti_sysbios_config.o (.text.ClockP_destruct)
                  0001d4e8    00000238     TIes9ObYIyr (.text._pconv_g)
                  0001d720    00000238     TIes9ObYIyr (.text.ipv6_consider_forwarding_unicast_packet)
                  0001d958    00000234     TIes9ObYIyr (.text.ecp_add_mixed)
                  0001db8c    00000234     dhcp_service_api.o (.text.recv_dhcp_relay_msg)
                  0001ddc0    00000234     TIes9ObYIyr (.text.ws_pae_controller_stop)
                  0001dff4    00000220     TIes9ObYIyr (.text.supp_eap_tls_sec_prot_state_machine)
                  0001e214    00000220     TIes9ObYIyr (.text.ws_bootstrap_neighbor_info_request)
                  0001e434    0000021c     TIes9ObYIyr (.text.supp_fwh_sec_prot_state_machine)
                  0001e650    00000214     ws_neighbor_class.o (.text.ws_neighbor_class_neighbor_unicast_schedule_set)
                  0001e864    00000214     TIes9ObYIyr (.text.ws_neighbor_entry_nud_notify)
                  0001ea78    00000210     TIes9ObYIyr (.text.mbedtls_ctr_drbg_reseed_internal)
                  0001ec88    00000210     TIes9ObYIyr (.text.ws_rpl_new_parent_callback)
                  0001ee98    0000020c     TIes9ObYIyr (.text.UART2CC26X2_hwiIntFxn)
                  0001f0a4    00000208     maclib_secure_cc13x2x7_tirtos7.a : mac_pib.c.o (.text.MAC_MlmeSetReq)
                  0001f2ac    00000208     drivers_cc13x2x7.a : PowerCC26X2_calibrateRCOSC.c.obj (.text.PowerCC26X2_auxISR)
                  0001f4b4    00000208     maclib_secure_cc13x2x7_tirtos7.a : mac_rx_onoff.c.o (.text.macRxOn)
                  0001f6bc    00000204     TIes9ObYIyr (.text.lowpan_data_request_to_mac)
                  0001f8c0    00000200     sec_prot_lib.o (.text.sec_prot_lib_message_handle)
                  0001fac0    00000200     libc.a : _printfi.c.obj (.text:__TI_printfi)
                  0001fcc0    000001fc     TIes9ObYIyr (.text.AESCBC_startOperation)
                  0001febc    000001f8     TIes9ObYIyr (.text.FHIE_parseCommonInformation)
                  000200b4    000001f8     TIes9ObYIyr (.text.UART2_readTimeout)
                  000202ac    000001f8     icmpv6.o (.text.icmpv6_error)
                  000204a4    000001f6     TIes9ObYIyr (.text.mbedtls_gcm_crypt_and_tag)
                  0002069a    00000002     rf_multiMode_cc13x2.a : RFCC26X2_multiMode.c.cc13x2.ticlang.o (.text.RF_defaultCallback)
                  0002069c    000001ec     TIes9ObYIyr (.text.TRNGCC26XX_hwiFxn)
                  00020888    000001ec     ipv6_routing_table.o (.text.ipv6_route_choose_next_hop)
                  00020a74    000001ec     maclib_secure_cc13x2x7_tirtos7.a : mac_hl_patch.c.o (.text.macApiDataReq)
                  00020c60    000001e8     rf_multiMode_cc13x2.a : RFCC26X2_multiMode.c.cc13x2.ticlang.o (.text.RF_scheduleCmd)
                  00020e48    000001e0     TIes9ObYIyr (.text.NVOCMP_addItem)
                  00021028    000001e0     maclib_secure_cc13x2x7_tirtos7.a : mac_radio_tx.c.o (.text.macRadioCsmaTxCb)
                  00021208    000001e0     entropy.o (.text.mbedtls_entropy_func)
                  000213e8    000001dc     rf_multiMode_cc13x2.a : RFCC26X2_multiMode.c.cc13x2.ticlang.o (.text.RF_dispatchNextCmd)
                  000215c4    000001d6     iphc_decompress.o (.text.iphc_header_scan)
                  0002179a    00000002     TIes9ObYIyr (.text.UART2CC26X2_eventCallback)
                  0002179c    000001d4     TIes9ObYIyr (.text.txCsmaPrep)
                  00021970    000001d0     socket_api.o (.text.socket_recvmsg)
                  00021b40    000001d0     TIes9ObYIyr (.text.ws_pae_supp_kmp_create_and_start)
                  00021d10    000001d0     TIes9ObYIyr (.text.ws_rpl_prefix_callback)
                  00021ee0    000001cc     maclib_secure_cc13x2x7_tirtos7.a : fh_ie_patch.c.o (.text.FHIE_extractPie)
                  000220ac    000001c8     TIes9ObYIyr (.text.AESECB_startOperation)
                  00022274    000001c8     TIes9ObYIyr (.text.mpl_exthdr_provider)
                  0002243c    000001c0     TIes9ObYIyr (.text.ws_pae_controller_nw_info_read)
                  000225fc    000001b8     TIes9ObYIyr (.text.dhcp_service_init)
                  000227b4    000001b8     maclib_secure_cc13x2x7_tirtos7.a : mac_radio.c.o (.text.macRadioInit)
                  0002296c    000001b8     TIes9ObYIyr (.text.ns_mem_internal_alloc)
                  00022b24    000001b6     libclang_rt.builtins.a : adddf3.S.obj (.text.adddf3_subdf3)
                  00022cda    00000002                            : aeabi_div0.c.obj (.text.__aeabi_ldiv0)
                  00022cdc    000001b4     ws_pae_supp.o (.text.ws_pae_supp_slow_timer)
                  00022e90    000001b0     TIes9ObYIyr (.text.ecp_normalize_jac_many)
                  00023040    000001ac     TIes9ObYIyr (.text.supp_eap_tls_sec_prot_message_handle)
                  000231ec    000001a4     maclib_secure_cc13x2x7_tirtos7.a : fh_ie_patch.c.o (.text.FHAPI_sendData)
                  00023390    000001a0                                      : fh_api.c.o (.text.FHAPI_start)
                  00023530    000001a0                                      : fh_pib.c.o (.text.FHPIB_set)
                  000236d0    000001a0     TIes9ObYIyr (.text.ipv6_route_add_metric)
                  00023870    000001a0     ncp_base_mtd.o (.text.nanostack_process_stream_net_from_stack)
                  00023a10    0000019c     driverlib.lib : setup.c.obj (.text.NOROM_SetupTrimDevice)
                  00023bac    0000019c     TIes9ObYIyr (.text.macBuildPayloadIes)
                  00023d48    00000198     TIes9ObYIyr (.text.fcvt)
                  00023ee0    00000198     cipher.o (.text.mbedtls_cipher_update)
                  00024078    00000198     x509.o (.text.mbedtls_x509_get_time)
                  00024210    00000198     rpl_downward.o (.text.rpl_instance_dao_acked)
                  000243a8    00000190     TIes9ObYIyr (.text.ws_neighbor_entry_remove_notify)
                  00024538    0000018c     drivers_cc13x2x7.a : PowerCC26X2.c.obj (.text.Power_sleep)
                  000246c4    0000018c     ecp.o (.text.mbedtls_ecp_gen_privkey)
                  00024850    00000188     TIes9ObYIyr (.text.ns_sw_mac_initialize)
                  000249d8    00000186     dhcpv6_client_service.o (.text.dhcpv6_renew)
                  00024b5e    00000002     libc.a : _lock.c.obj (.text._nop)
                  00024b60    00000184     TIes9ObYIyr (.text.decompress_addr)
                  00024ce4    00000184     TIes9ObYIyr (.text.ipv6_handle_options)
                  00024e68    00000182     TIes9ObYIyr (.text.decompress_ipv6)
                  00024fea    00000002     beacon_handler.o (.text.beacon_received)
                  00024fec    00000180     TIes9ObYIyr (.text.pk_parse_key_sec1_der)
                  0002516c    00000180     tls_sec_prot_lib.o (.text.tls_sec_prot_lib_free)
                  000252ec    00000180     TIes9ObYIyr (.text.ws_common_regulatory_domain_config)
                  0002546c    0000017c     TIes9ObYIyr (.text.AESCCM_startOperation)
                  000255e8    0000017c     nsdynmemLIB.o (.text.ns_dyn_mem_free)
                  00025764    00000004     ti_sysbios_config.o (.text.ClockP_getSystemTickPeriod)
                  00025768    00000178     TIes9ObYIyr (.text._pconv_e)
                  000258e0    00000174     mac_user_config.o (.text.rfSelect)
                  00025a54    00000174     TIes9ObYIyr (.text.ws_pae_controller_nw_key_check_and_insert)
                  00025bc8    00000172     TIes9ObYIyr (.text.poly1305_process)
                  00025d3a    00000002     TIes9ObYIyr (.text.emptyClockFunc)
                  00025d3c    00000170     ns_address_internal.o (.text.addr_select_source)
                  00025eac    00000170     TIes9ObYIyr (.text.ws_bootstrap_rpl_callback)
                  0002601c    00000168     ecp_curves.o (.text.mbedtls_ecp_group_load)
                  00026184    00000168     TIes9ObYIyr (.text.ws_bootstrap_set_domain_rf_config)
                  000262ec    00000164     base64.o (.text.mbedtls_base64_decode)
                  00026450    00000164     TIes9ObYIyr (.text.ws_pae_controller_configure)
                  000265b4    00000162     TIes9ObYIyr (.text.ws_llc_mpx_eapol_send)
                  00026716    00000002     TIes9ObYIyr (.text.errorSpin)
                  00026718    00000160     dhcp_service_api.o (.text.dhcp_service_send_message)
                  00026878    00000160     cipher.o (.text.mbedtls_cipher_crypt)
                  000269d8    00000158     maclib_secure_cc13x2x7_tirtos7.a : fh_ie.c.o (.text.FHIE_getLen)
                  00026b30    00000154                                      : fh_ie_patch.c.o (.text.FHAPI_completeTxCb)
                  00026c84    00000154     TIes9ObYIyr (.text.ws_pae_controller_frame_counter_read)
                  00026dd8    00000150     maclib_secure_cc13x2x7_tirtos7.a : mac_data.c.o (.text.macTxCompleteCallback)
                  00026f28    00000150     TIes9ObYIyr (.text.mpl_domain_create)
                  00027078    0000014c     rf_multiMode_cc13x2.a : RFCC26X2_multiMode.c.cc13x2.ticlang.o (.text.RF_radioOpDoneCb)
                  000271c4    0000014c     TIes9ObYIyr (.text.chacha20_block)
                  00027310    0000014c     TIes9ObYIyr (.text.mbedtls_pem_read_buffer)
                  0002745c    0000014a     TIes9ObYIyr (.text.ws_fhss_configure_channel_masks)
                  000275a6    00000002     TIes9ObYIyr (.text.key_sec_prot_delete)
                  000275a8    0000013c     maclib_secure_cc13x2x7_tirtos7.a : mac_radio_tx.c.o (.text.macRadioTxRequestTxAck)
                  000276e4    0000013c     ecp.o (.text.mbedtls_ecp_check_pubkey)
                  00027820    0000013c     ti_sysbios_config.o (.text.ti_sysbios_runtime_System_printfExtend)
                  0002795c    00000138     rf_multiMode_cc13x2.a : RFCC26X2_multiMode.c.cc13x2.ticlang.o (.text.RF_abortCmd)
                  00027a94    00000138     TIes9ObYIyr (.text.tls_prf_sha256)
                  00027bcc    00000136     libclang_rt.builtins.a : divdf3.S.obj (.text.__divdf3)
                  00027d02    00000002     maclib_secure_cc13x2x7_tirtos7.a : mac_mgmt.c.o (.text.macNoAction)
                  00027d04    00000134     TIes9ObYIyr (.text.NVOCMP_findItem)
                  00027e38    00000134     drivers_cc13x2x7.a : NVSCC26XX.c.obj (.text.NVSCC26XX_write)
                  00027f6c    00000134                        : PowerCC26X2_calibrateRCOSC.c.obj (.text.PowerCC26X2_calibrate)
                  000280a0    00000134     rf_multiMode_cc13x2.a : RFCC26X2_multiMode.c.cc13x2.ticlang.o (.text.RF_ratSetupChannel)
                  000281d4    00000134     ecp.o (.text.mbedtls_ecp_point_read_binary)
                  00028308    00000132     ws_ie_lib.o (.text.ws_wp_nested_us_read)
                  0002843a    00000002     TIes9ObYIyr (.text.mesh_system_heap_error_handler)
                  0002843c    00000130     TIes9ObYIyr (.text.icmpv6_aro_cb)
                  0002856c    0000012c     maclib_secure_cc13x2x7_tirtos7.a : mac_security_pib.c.o (.text.MAC_MlmeSetSecurityReq)
                  00028698    0000012c     rf_multiMode_cc13x2.a : RFCC26X2_multiMode.c.cc13x2.ticlang.o (.text.RF_close)
                  000287c4    0000012c     drivers_cc13x2x7.a : TRNGCC26XX.c.obj (.text.TRNG_generateEntropy)
                  000288f0    0000012c     TIes9ObYIyr (.text.icmpv6_build_ns)
                  00028a1c    0000012c     ti_sysbios_config.o (.text.ti_sysbios_family_arm_cc26xx_Timer_construct)
                  00028b48    00000128     TIes9ObYIyr (.text.etx_calculation)
                  00028c70    00000128     TIes9ObYIyr (.text.gcm_aes_setkey_wrap)
                  00028d98    00000128     TIes9ObYIyr (.text.gcm_mult)
                  00028ec0    00000124     rf_multiMode_cc13x2.a : RFCC26X2_multiMode.c.cc13x2.ticlang.o (.text.RF_fsmSetupState)
                  00028fe4    00000124     dhcp_service_api.o (.text.recv_dhcp_server_msg)
                  00029108    00000124     TIes9ObYIyr (.text.ws_bootstrap_address_notification_cb)
                  0002922c    0000011c     TIes9ObYIyr (.text.UART2CC26X2_initHw)
                  00029348    0000011c     TIes9ObYIyr (.text.socket_open)
                  00029464    0000011c     sysbios.a : Hwi_asm_gcc.s.obj (.text.ti_sysbios_family_arm_m3_Hwi_dispatch)
                  00029580    00000118     rf_multiMode_cc13x2.a : RFCC26X2_multiMode.c.cc13x2.ticlang.o (.text.RF_decodeOverridePointers)
                  00029698    00000118     TIes9ObYIyr (.text.lowpan_adaptation_mpx_data_indication)
                  000297b0    00000118     x509.o (.text.mbedtls_x509_get_name)
                  000298c8    00000118     TIes9ObYIyr (.text.ws_generate_channel_list)
                  000299e0    00000114     TIes9ObYIyr (.text.mbedtls_chacha20_update)
                  00029af4    00000110     ipv6_routing_table.o (.text.ipv6_neighbour_update_from_na)
                  00029c04    00000110     TIes9ObYIyr (.text.nd_update_registration)
                  00029d14    00000110     protocol_stats.o (.text.protocol_stats_update)
                  00029e24    0000010e     TIes9ObYIyr (.text.supp_gkh_sec_prot_state_machine)
                  00029f32    00000002     ti_drivers_config.o (.text.rfDriverCallback)
                  00029f34    0000010c     x509_crt.o (.text.mbedtls_x509_parse_subject_alt_name)
                  0002a040    0000010c     TIes9ObYIyr (.text.ws_pae_supp_free)
                  0002a14c    00000108     rf_multiMode_cc13x2.a : RFCC26X2_multiMode.c.cc13x2.ticlang.o (.text.RF_fsmPowerUpState)
                  0002a254    00000108     libDHCPv6.o (.text.libdhcpv6_generic_nontemporal_address_message_write)
                  0002a35c    00000108     maclib_secure_cc13x2x7_tirtos7.a : mac_hl_patch.c.o (.text.macCcmStarTransform)
                  0002a464    00000108     ecp.o (.text.mbedtls_ecp_tls_write_point)
                  0002a56c    00000108     TIes9ObYIyr (.text.tls_sec_prot_lib_x509_crt_server_verify)
                  0002a674    00000104     eapol_helper.o (.text.eapol_parse_pdu_header)
                  0002a778    00000104     maclib_secure_cc13x2x7_tirtos7.a : mac_hl_patch.c.o (.text.macApiNodeStartReq)
                  0002a87c    00000104     ns_socket.o (.text.socket_tasklet_event_handler)
                  0002a980    00000104     TIes9ObYIyr (.text.ws_pae_controller_nvm_nw_info_write)
                  0002aa84    00000100     adaptation_interface.o (.text.lowpan_adaptation_free_heap)
                  0002ab84    000000fc     rf_multiMode_cc13x2.a : RFCC26X2_multiMode.c.cc13x2.ticlang.o (.text.RF_hwiCpe0Active)
                  0002ac80    000000fc     libclang_rt.builtins.a : muldf3.S.obj (.text.__muldf3)
                  0002ad7c    000000fc     maclib_secure_cc13x2x7_tirtos7.a : mac_hl_patch.c.o (.text.macBuildHeaderIes)
                  0002ae78    000000f4     TIes9ObYIyr (.text.dhcp_service_send_req)
                  0002af6c    000000f4     x509_crt.o (.text.mbedtls_x509_crt_parse)
                  0002b060    000000f4     protocol_6lowpan.o (.text.protocol_6lowpan_neighbor_priority_set)
                  0002b154    000000f2     TIes9ObYIyr (.text.eapol_write_pdu_frame)
                  0002b246    00000002     TIes9ObYIyr (.text.supp_fwh_sec_prot_delete)
                  0002b248    000000f0     TIes9ObYIyr (.text.FHNT_createTableEntry)
                  0002b338    000000f0     TIes9ObYIyr (.text.addr_select_with_prefix)
                  0002b428    000000ee     TIes9ObYIyr (.text.rpl_instance_choose_target_to_assign)
                  0002b516    00000002     TIes9ObYIyr (.text.supp_gkh_sec_prot_delete)
                  0002b518    000000ec     dhcp_service_api.o (.text.DHCPv6_socket_service_tasklet)
                  0002b604    000000ec     maclib_secure_cc13x2x7_tirtos7.a : fh_ie.c.o (.text.FHIE_genExcludedChannelRanges)
                  0002b6f0    000000ec     TIes9ObYIyr (.text.mld_build)
                  0002b7dc    000000ec     api_mac.o (.text.timac_MPL_DataReq)
                  0002b8c8    000000ec     TIes9ObYIyr (.text.ws_pae_supp_nvm_update)
                  0002b9b4    000000e8     maclib_secure_cc13x2x7_tirtos7.a : fh_ie_patch.c.o (.text.FHIE_parseHie)
                  0002ba9c    000000e8     TIes9ObYIyr (.text.macTxChannelBusyCallback)
                  0002bb84    000000e8     TIes9ObYIyr (.text.rpl_instance_choose_worst_neighbour)
                  0002bc6c    000000e8     TIes9ObYIyr (.text.ws_pae_controller_gak_from_gtk)
                  0002bd54    000000e4     maclib_secure_cc13x2x7_tirtos7.a : fh_data.c.o (.text.FHDATA_procASYNCReq)
                  0002be38    000000e4     ipv6_routing_table.o (.text.ipv6_neighbour_lookup_or_create)
                  0002bf1c    000000e4     TIes9ObYIyr (.text.ws_pae_controller_frame_counter_store)
                  0002c000    000000e4     ws_ie_lib.o (.text.ws_wp_nested_bs_read)
                  0002c0e4    000000e0     maclib_secure_cc13x2x7_tirtos7.a : fh_api.c.o (.text.FHAPI_getTxParams)
                  0002c1c4    000000e0     drivers_cc13x2x7.a : PowerCC26X2_helpers.c.obj (.text.PowerCC26X2_sysCtrlStandby)
                  0002c2a4    000000e0     sec_prot_keys.o (.text.sec_prot_keys_gtks_hash_update)
                  0002c384    000000e0     TIes9ObYIyr (.text.ws_bootstrap_candidate_list_clean)
                  0002c464    000000dc     rf_multiMode_cc13x2.a : RFCC26X2_multiMode.c.cc13x2.ticlang.o (.text.RF_control)
                  0002c540    000000dc     drivers_cc13x2x7.a : UART2CC26X2.c.obj (.text.UART2Support_dmaStartRx)
                  0002c61c    000000dc     TIes9ObYIyr (.text.platform_fhss_timer_start)
                  0002c6f8    000000dc     ti_sysbios_config.o (.text.pthread_create)
                  0002c7d4    000000dc     ti_sysbios_config.o (.text.ti_sysbios_knl_Semaphore_pend)
                  0002c8b0    000000dc     TIes9ObYIyr (.text.ws_pae_supp_kmp_api_finished_indication)
                  0002c98c    000000d8     drivers_cc13x2x7.a : GPIOCC26X2.c.obj (.text.GPIO_init)
                  0002ca64    000000d8                        : PowerCC26X2.c.obj (.text.Power_init)
                  0002cb3c    000000d8     maclib_secure_cc13x2x7_tirtos7.a : mac_mgmt.c.o (.text.macSetDefaultsByPhyID)
                  0002cc14    000000d8                                      : mac_tx.c.o (.text.macTxFrame)
                  0002ccec    000000d8     gcm.o (.text.mbedtls_gcm_update)
                  0002cdc4    000000d8     TIes9ObYIyr (.text.sec_prot_lib_ptk_calc)
                  0002ce9c    000000d8     ti_sysbios_config.o (.text.ti_sysbios_family_arm_m3_Hwi_excFillContext)
                  0002cf74    000000d4     TIes9ObYIyr (.text.FHIE_genCommonInformation)
                  0002d048    000000d4     TIes9ObYIyr (.text.ws_pae_controller_data_init)
                  0002d11c    000000d0     maclib_secure_cc13x2x7_tirtos7.a : fh_mgr.c.o (.text.FHMGR_updateRadioBCChannel)
                  0002d1ec    000000d0     drivers_cc13x2x7.a : UART2CC26X2.c.obj (.text.UART2Support_dmaStartTx)
                  0002d2bc    000000d0     maclib_secure_cc13x2x7_tirtos7.a : mac_mgmt.c.o (.text.macApiWSAsyncReq)
                  0002d38c    000000d0     ssl_tls.o (.text.mbedtls_ssl_write_certificate)
                  0002d45c    000000cc     maclib_secure_cc13x2x7_tirtos7.a : fh_api.c.o (.text.FHAPI_startBS)
                  0002d528    000000cc     TIes9ObYIyr (.text.ecp_randomize_jac)
                  0002d5f4    000000cc     maclib_secure_cc13x2x7_tirtos7.a : mac_hl_patch.c.o (.text.macCbackForEvent)
                  0002d6c0    000000cc     TIes9ObYIyr (.text.mbedtls_aes_init)
                  0002d78c    000000cc     TIes9ObYIyr (.text.pk_parse_key_pkcs8_unencrypted_der)
                  0002d858    000000cc     ti_drivers_config.o (.text.rfDriverCallbackAntennaSwitching)
                  0002d924    000000cc     TIes9ObYIyr (.text.ws_llc_mpx_header_parse)
                  0002d9f0    000000cc     TIes9ObYIyr (.text.ws_pae_supp_kmp_incoming_ind)
                  0002dabc    000000ca     rf_multiMode_cc13x2.a : RFCC26X2_multiMode.c.cc13x2.ticlang.o (.text.RF_updatePaConfiguration)
                  0002db86    000000ca     TIes9ObYIyr (.text.mbedtls_mpi_read_string)
                  0002dc50    000000c8     buffer_dyn.o (.text.buffer_headroom)
                  0002dd18    000000c8     TIes9ObYIyr (.text.eventOS_event_timer_cancel)
                  0002dde0    000000c8     maclib_secure_cc13x2x7_tirtos7.a : mac_hl_patch.c.o (.text.macCcmStarInverseTransform)
                  0002dea8    000000c8     x509_crt.o (.text.mbedtls_x509_crt_free)
                  0002df70    000000c6     TIes9ObYIyr (.text.socket_setsockopt)
                  0002e036    00000002     ti_sysbios_config.o (.text.ti_sysbios_runtime_System_exitSpin)
                  0002e038    000000c4     TIes9ObYIyr (.text.NOROM_AESWriteToKeyStore)
                  0002e0fc    000000c4     TIes9ObYIyr (.text.eventOS_callback_timer_start)
                  0002e1c0    000000c4     maclib_secure_cc13x2x7_tirtos7.a : mac_data.c.o (.text.macDataTxEnqueue)
                  0002e284    000000c4     ssl_tls.o (.text.mbedtls_ssl_psk_derive_premaster)
                  0002e348    000000c4     TIes9ObYIyr (.text.ws_bootstrap_neighbor_set)
                  0002e40c    000000c0     TIes9ObYIyr (.text.FHDATA_getPktFromQueue)
                  0002e4cc    000000c0     ncp_base.o (.text._ZN2ot3Ncp7NcpBase15EnqueueResponseEhNS1_12ResponseTypeEj)
                  0002e58c    000000c0     spinel_buffer.o (.text._ZN2ot6Spinel6Buffer25OutFrameFillMessageBufferEv)
                  0002e64c    000000c0     TIes9ObYIyr (.text.eckey_check_pair)
                  0002e70c    000000c0     md.o (.text.mbedtls_md_hmac_starts)
                  0002e7cc    000000c0     TIes9ObYIyr (.text.ws_bootstrap_primary_parent_set)
                  0002e88c    000000c0     TIes9ObYIyr (.text.ws_eapol_pdu_mpx_data_indication)
                  0002e94c    000000c0     TIes9ObYIyr (.text.ws_llc_mcps_edfe_handler)
                  0002ea0c    000000bc     rf_multiMode_cc13x2.a : RFCC26X2_multiMode.c.cc13x2.ticlang.o (.text.RF_swiHw)
                  0002eac8    000000bc     ncp_base_mtd.o (.text._ZN2ot3Ncp7NcpBase17HandlePropertyGetILj38EEE7otErrorv)
                  0002eb84    000000bc     TIes9ObYIyr (.text.mbedtls_sha256_finish_ret)
                  0002ec40    000000bc     TIes9ObYIyr (.text.mbedtls_sha256_ret)
                  0002ecfc    000000bc     rpl_control.o (.text.rpl_control_transmit)
                  0002edb8    000000bc     TIes9ObYIyr (.text.rpl_instance_publish_dao_target)
                  0002ee74    000000bc     TIes9ObYIyr (.text.ws_llc_asynch_request)
                  0002ef30    000000ba     asn1write.o (.text.mbedtls_asn1_write_len)
                  0002efea    000000b8     TIes9ObYIyr (.text.addr_add)
                  0002f0a2    00000002     TIes9ObYIyr (.text.ws_bootstrap_candidate_parent_get_best)
                  0002f0a4    000000b8     TIes9ObYIyr (.text.ecp_mod_p448)
                  0002f15c    000000b8     ecdh.o (.text.mbedtls_ecdh_calc_secret)
                  0002f214    000000b8     ti_sysbios_config.o (.text.ti_sysbios_knl_Clock_workFuncDynamic)
                  0002f2cc    000000b8     ti_sysbios_config.o (.text.ti_sysbios_knl_Task_setPri)
                  0002f384    000000b8     TIes9ObYIyr (.text.ws_bootstrap_fhss_activate)
                  0002f43c    000000b8     ws_cfg_settings.o (.text.ws_cfg_phy_set)
                  0002f4f4    000000b6     TIes9ObYIyr (.text.eap_tls_sec_prot_lib_message_build)
                  0002f5aa    00000002     TIes9ObYIyr (.text.ws_bootstrap_pan_version_increment)
                  0002f5ac    000000b4     TIes9ObYIyr (.text.rpl_control_etx_change_callback)
                  0002f660    000000b4     ti_sysbios_config.o (.text.ti_sysbios_knl_Task_Instance_finalize)
                  0002f714    000000b4     TIes9ObYIyr (.text.ws_bootstrap_eapol_congestion_get)
                  0002f7c8    000000b0     maclib_secure_cc13x2x7_tirtos7.a : fh_ie_patch.c.o (.text.FHMGR_bcTimerIsrCb)
                  0002f878    000000b0     drivers_cc13x2x7.a : PowerCC26X2.c.obj (.text.Power_setDependency)
                  0002f928    000000b0     ncp_base.o (.text._ZN2ot3Ncp7NcpBase18UpdateChangedPropsEv)
                  0002f9d8    000000b0     ctr_drbg.o (.text.mbedtls_ctr_drbg_random)
                  0002fa88    000000b0     ssl_tls.o (.text.mbedtls_ssl_parse_finished)
                  0002fb38    000000b0     application.o (.text.nanostackNetworkHandler)
                  0002fbe8    000000b0     ws_bootstrap.o (.text.ws_bootstrap_mac_neighbor_add)
                  0002fc98    000000b0     ws_cfg_settings.o (.text.ws_cfg_mpl_set)
                  0002fd48    000000b0     libclang_rt.builtins.a : udivmoddi4.S.obj (.text)
                  0002fdf8    000000ae     spinel_encoder.o (.text._ZN2ot6Spinel7Encoder11CloseStructEv)
                  0002fea6    000000ae     TIes9ObYIyr (.text.tls_sec_prot_tls_send)
                  0002ff54    000000ac     TIes9ObYIyr (.text.OsalPort_heapMalloc)
                  00030000    000000ac     drivers_cc13x2x7.a : PowerCC26X2.c.obj (.text.Power_releaseDependency)
                  000300ac    000000ac     rf_multiMode_cc13x2.a : RFCC26X2_multiMode.c.cc13x2.ticlang.o (.text.RF_pendCmd)
                  00030158    000000ac     libDHCPv6.o (.text.libdhcvp6_nontemporalAddress_server_data_allocate)
                  00030204    000000ac     TIes9ObYIyr (.text.macDutyCycleTimerCB)
                  000302b0    000000ac     bignum.o (.text.mbedtls_mpi_add_abs)
                  0003035c    000000ac     TIes9ObYIyr (.text.ws_address_registration_update)
                  00030408    000000aa     rpl_downward.o (.text.rpl_downward_convert_dodag_preferences_to_dao_path_control)
                  000304b2    00000002     TIes9ObYIyr (.text.ws_cfg_network_size_config_set_large)
                  000304b4    000000a8     ti_sysbios_config.o (.text.PowerCC26XX_standbyPolicy)
                  0003055c    000000a8     ncp_base_mtd.o (.text._ZN2ot3Ncp7NcpBase17HandlePropertyGetILj99EEE7otErrorv)
                  00030604    000000a8     event.o (.text.event_core_free_push)
                  000306ac    000000a8     TIes9ObYIyr (.text.oscillatorISR)
                  00030754    000000a8     TIes9ObYIyr (.text.ssl_parse_client_psk_identity)
                  000307fc    000000a8     TIes9ObYIyr (.text.supp_fwh_kde_handle)
                  000308a4    000000a8     ti_sysbios_config.o (.text.ti_sysbios_knl_Task_Instance_init)
                  0003094c    000000a8     TIes9ObYIyr (.text.ws_fhss_configure)
                  000309f4    000000a6     TIes9ObYIyr (.text.ws_bootstrap_authentication_completed)
                  00030a9a    00000002     TIes9ObYIyr (.text.ws_cfg_network_size_config_set_medium)
                  00030a9c    000000a4     rf_multiMode_cc13x2.a : RFCC26X2_multiMode.c.cc13x2.ticlang.o (.text.RF_initRadioSetup)
                  00030b40    000000a4     asn1parse.o (.text.mbedtls_asn1_get_alg)
                  00030be4    000000a4     TIes9ObYIyr (.text.mpl_schedule_timer2)
                  00030c88    000000a4     TIes9ObYIyr (.text.supp_fwh_sec_prot_receive)
                  00030d2c    000000a4     ws_eapol_pdu.o (.text.ws_eapol_pdu_send_to_mpx)
                  00030dd0    000000a0     maclib_secure_cc13x2x7_tirtos7.a : fh_nt.c.o (.text.FHNT_purgeTimerIsrCb)
                  00030e70    000000a0     TIes9ObYIyr (.text.NVOCMP_readContItemApi)
                  00030f10    000000a0     rf_multiMode_cc13x2.a : RFCC26X2_multiMode.c.cc13x2.ticlang.o (.text.RF_calculateDispatchTime)
                  00030fb0    000000a0                           : RFCC26X2_multiMode.c.cc13x2.ticlang.o (.text.RF_requestAccess)
                  00031050    000000a0     buffer_dyn.o (.text.buffer_ipv6_fcf)
                  000310f0    000000a0     TIes9ObYIyr (.text.doErase)
                  00031190    000000a0     ipv6_routing_table.o (.text.ipv6_neighbour_entry_remove)
                  00031230    000000a0     kmp_eapol_pdu_if.o (.text.kmp_eapol_pdu_if_receive)
                  000312d0    000000a0     md.o (.text.mbedtls_md)
                  00031370    000000a0     TIes9ObYIyr (.text.ws_eapol_relay_start)
                  00031410    0000009e     TIes9ObYIyr (.text.rpl_of0_select_backup_parent)
                  000314ae    00000002     ws_pae_controller.o (.text.ws_pae_controller_forced_gc)
                  000314b0    0000009c     maclib_secure_cc13x2x7_tirtos7.a : fh_api.c.o (.text.FHAPI_reset)
                  0003154c    0000009c     sec_prot_keys.o (.text.sec_prot_keys_gtk_set)
                  000315e8    0000009c     ns_socket.o (.text.socket_tx_buffer_event)
                  00031684    0000009c     api_mac.o (.text.timacConvertDataInd)
                  00031720    0000009c     TIes9ObYIyr (.text.wisun_tasklet_main)
                  000317bc    0000009c     ws_common.o (.text.ws_common_channel_number_calc)
                  00031858    0000009c     TIes9ObYIyr (.text.ws_pae_controller_nw_info_set)
                  000318f4    0000009a     TIes9ObYIyr (.text.sec_prot_keys_gtk_clear)
                  0003198e    00000002     --HOLE-- [fill = 0]
                  00031990    00000098     TIes9ObYIyr (.text.FHNT_restoreTableEntry)
                  00031a28    00000098     TIes9ObYIyr (.text.NVOCMP_erase)
                  00031ac0    00000098     rf_multiMode_cc13x2.a : RFCC26X2_multiMode.c.cc13x2.ticlang.o (.text.RF_defaultSubmitPolicy)
                  00031b58    00000098     ncp_base.o (.text._ZN2ot3Ncp7NcpBase19SendQueuedResponsesEv)
                  00031bf0    00000098     ns_address_internal.o (.text.addr_add_group)
                  00031c88    00000098     TIes9ObYIyr (.text.addr_bytes_needed)
                  00031d20    00000098     buffer_dyn.o (.text.buffer_get)
                  00031db8    00000098     TIes9ObYIyr (.text.eventOS_event_timer_request_at_)
                  00031e50    00000098     TIes9ObYIyr (.text.lowpan_adaptation_free_messages_from_queues_by_address)
                  00031ee8    00000098     asn1parse.o (.text.mbedtls_asn1_get_len)
                  00031f80    00000098     bignum.o (.text.mbedtls_mpi_shift_l)
                  00032018    00000098     ssl_msg.o (.text.mbedtls_ssl_fetch_input)
[...]
0003dedd  ti_sysbios_knl_Task_exit                                        
0003df1d  ti_sysbios_knl_Task_restore                                     
0003e2c9  BIOS_atExitFunc                                                 
0003e305  ClockP_create                                                   
0003e3b9  HwiP_construct                                                  
0003e3f5  NOROM_OSC_HPOSCRelativeFrequencyOffsetGet                       
0003e9d1  ti_sysbios_family_arm_cc26xx_Timer_periodicStub                 
0003ea0d  ti_sysbios_family_arm_cc26xx_Timer_setThreshold                 
0003ea49  ti_sysbios_family_arm_m3_Hwi_disableInterrupt                   
0003ea85  ti_sysbios_family_arm_m3_Hwi_enableInterrupt                    
0003eac1  ti_sysbios_heaps_HeapCallback_construct                         
0003eafd  ti_sysbios_knl_ClockSupport_init                                
0003eb39  ti_sysbios_knl_Clock_getTicksUntilInterrupt                     
0003eb75  ti_sysbios_knl_Task_blockI                                      
0003ed19  __TI_auto_init_nobinit_nopinit                                  
0003f041  NOROM_OSCHF_SwitchToRcOscTurnOffXosc                            
0003f159  PowerCC26X2_oscDisableQualifiers                                
0003f191  PowerCC26X2_sysCtrlIdle                                         
0003f1c9  Power_releaseConstraint                                         
0003f271  __aeabi_f2d                                                     
0003f271  __extendsfdf2                                                   
0003f6d1  ti_sysbios_knl_Task_processVitalTaskFlag                        
0003f709  ti_sysbios_knl_Task_unblockI                                    
0003f741  ti_sysbios_runtime_Error_print                                  
0003f821  SwiP_construct                                                  
0003fa3d  PowerCC26X2_setSubSecIncToXoscLf                                
0003fa71  RF_powerConstraintRelease                                       
0003fbdd  _pthread_cleanupFxn                                             
0003ff51  ti_sysbios_family_arm_m3_Hwi_getStackInfo                       
0003ff85  ti_sysbios_family_arm_m3_Hwi_init                               
0003ffb9  ti_sysbios_knl_Clock_Instance_init                              
0003ffed  ti_sysbios_runtime_System_atexit                                
0004034d  BIOS_init                                                       
0004037d  Board_wakeUpExtFlash                                            
000403ad  ClockP_construct                                                
0004046d  Power_setConstraint                                             
000404fd  SwiP_setPriority                                                
00040acd  ti_sysbios_knl_TaskSupport_start                                
00040afd  ti_sysbios_knl_Task_restoreHwi                                  
00040b2d  ti_sysbios_runtime_System_processAtExit                         
00040c1d  _c_int00                                                        
00040d05  __aeabi_i2d                                                     
00040d05  __floatsidf                                                     
000413d9  rf_patch_cpe_prop                                               
00041565  ti_sysbios_knl_Clock_getTicks                                   
00041591  ti_sysbios_knl_Clock_getTimeout                                 
000415bd  ti_sysbios_knl_Swi_setPri                                       
000419e9  ti_sysbios_family_arm_cc26xx_Timer_setNextTick                  
00041a13  ti_sysbios_knl_Task_allBlockedFunction                          
00041b39  List_remove                                                     
00041b89  PowerCC26XX_isStableXOSC_HF                                     
00041ca1  calloc                                                          
00041fe9  ti_sysbios_family_arm_m3_Hwi_excHandlerAsm                      
00042011  ti_sysbios_knl_Swi_init                                         
00042039  ti_sysbios_knl_TaskSupport_swap                                 
00042044  ti_sysbios_knl_TaskSupport_swapReturn                           
00042061  ti_sysbios_knl_Task_construct                                   
00042089  ti_sysbios_knl_Task_enter                                       
000420b1  ti_sysbios_knl_Task_init                                        
0004242b  memmove                                                         
000425cd  BIOS_exitFunc                                                   
000426a5  List_get                                                        
000426c9  List_insert                                                     
000426ed  NOROM_OSCHF_TurnOnXosc                                          
00042735  PowerCC26X2_getOscHfSourceReady                                 
000427c5  Power_registerNotify                                            
0004289d  SemaphoreP_createBinary                                         
00042d1d  ti_sysbios_family_arm_m3_Hwi_construct                          
00042d41  ti_sysbios_knl_Semaphore_Instance_init                          
00042d65  ti_sysbios_knl_Semaphore_destruct                               
00042e5f  List_put                                                        
00042e81  List_putHead                                                    
000430a1  ti_sysbios_gates_GateMutexPri_insertPri                         
00043189  NOROM_RFCDoorbellSendTo                                         
000431a9  NOROM_RFCOverrideSearch                                         
000431c9  NOROM_ThisLibraryIsFor_CC13x2x7_CC26x2x7_HaltIfViolated         
00043289  PowerCC26XX_schedulerRestore                                    
000432a9  Power_unregisterNotify                                          
000432e9  RF_getRssi                                                      
00043349  RF_setTxPower                                                   
00043369  SemaphoreP_constructBinary                                      
00043769  ti_sysbios_family_arm_m3_Hwi_initStack                          
00043789  ti_sysbios_gates_GateMutexPri_Instance_init                     
000437a9  ti_sysbios_knl_Task_destruct                                    
00043925  __aeabi_llsl                                                    
00043925  __ashldi3                                                       
00043945  __aeabi_llsr                                                    
00043945  __lshrdi3                                                       
00043a53  ti_sysbios_family_arm_m3_Hwi_switchAndRunFunc                   
00043a71  ti_sysbios_knl_Clock_create                                     
00043a8f  ti_sysbios_runtime_System_putchar                               
00043b25  BIOS_rtsLock                                                    
00043b79  HwiP_setPriority                                                
00043c59  RF_powerConstraintSet                                           
00043e35  free                                                            
00044049  ti_sysbios_knl_Clock_Instance_finalize                          
00044065  ti_sysbios_knl_Clock_construct                                  
00044081  ti_sysbios_knl_Clock_delete                                     
0004409d  ti_sysbios_knl_Idle_run                                         
000440b9  ti_sysbios_knl_Queue_put                                        
000440d5  ti_sysbios_knl_Semaphore_construct                              
000440f1  ti_sysbios_knl_Semaphore_create                                 
0004410d  ti_sysbios_knl_Semaphore_delete                                 
00044129  ti_sysbios_knl_Semaphore_pendTimeout                            
00044145  ti_sysbios_knl_Swi_construct                                    
00044161  ti_sysbios_knl_Swi_destruct                                     
0004417d  ti_sysbios_knl_Task_delete                                      
000444d1  ti_sysbios_gates_GateMutexPri_create                            
000444eb  ti_sysbios_knl_Task_sleepTimeout                                
00044609  BIOS_rtsUnlock                                                  
000446c9  Power_idleFunc                                                  
000446e1  RF_ScheduleCmdParams_init                                       
000446f9  RF_cancelCmd                                                    
000447b9  __time64                                                        
00044b31  ti_sysbios_knl_Clock_scheduleNextTick                           
00044b49  ti_sysbios_knl_Swi_or                                           
00044b61  ti_sysbios_knl_TaskSupport_glue                                 
00044b79  ti_sysbios_knl_Task_unblock                                     
00044b91  ti_sysbios_runtime_System_printf                                
00044ba9  ti_sysbios_runtime_System_vprintf                               
00044c81  Board_init                                                      
00044c97  HwiP_setFunc                                                    
00044cad  List_clearList                                                  
00044cd9  RF_ratCompare                                                   
00044cef  SystemP_snprintf                                                
00044f15  ti_sysbios_knl_Clock_start                                      
00044f2b  ti_sysbios_knl_Task_block                                       
00044ff9  RF_flushCmd                                                     
00045035  __aeabi_uldivmod                                                
00045265  ti_sysbios_family_arm_m3_Hwi_switchFromBootStack                
000453e9  RF_getCmdOp                                                     
00045587  TI_memcpy_small                                                 
000455d9  HwiP_Params_init                                                
000455e9  HwiP_post                                                       
000455f9  NOROM_RFCCpeIntGetAndClear                                      
00045609  NOROM_RFCHwIntGetAndClear                                       
00045809  SwiP_Params_init                                                
00045a99  ti_sysbios_family_arm_m3_Hwi_excHandler                         
00045aa9  ti_sysbios_knl_Swi_construct2                                   
00045ab9  ti_sysbios_runtime_System_vsnprintf                             
00045b49  __TI_zero_init                                                  
00045d6d  RF_RatConfigCompare_init                                        
00045eaf  TI_memset_small                                                 
00045ebd  __TI_decompress_none                                            
00045ed9  BIOS_linkedWithIncorrectBootLibrary                             
00045ee5  ClockP_delete                                                   
00045f15  HwiP_disable                                                    
000460b9  PowerCC26X2_oscClockSourceGet                                   
000460c5  RF_Params_init                                                  
000460d1  SemaphoreP_delete                                               
000460dd  SwiP_disable                                                    
000460e9  SwiP_getTrigger                                                 
0004619d  ti_sysbios_family_arm_cc26xx_Timer_dynamicStub                  
000461a9  ti_sysbios_knl_ClockSupport_setNextTick                         
000461b5  ti_sysbios_knl_Clock_tick                                       
000464db  SemaphoreP_pend                                                 
000464f1  __aeabi_memset                                                  
000464f1  __aeabi_memset4                                                 
000464f1  __aeabi_memset8                                                 
00046555  sem_wait                                                        
0004671f  PowerCC26X2_oschfTrySwitchToXosc                                
00046751  __aeabi_memclr                                                  
00046751  __aeabi_memclr4                                                 
00046751  __aeabi_memclr8                                                 
00046799  ti_sysbios_runtime_System_exit                                  
000467d5  ClockP_stop                                                     
00046805  HwiP_restore                                                    
00046ae1  RF_RatConfigOutput_init                                         
00046aed  RF_runDirectCmd                                                 
00046af3  RF_runImmediateCmd                                              
00046b53  ti_sysbios_family_arm_m3_Hwi_destruct                           
00046b59  ti_sysbios_family_arm_m3_Hwi_doSwiRestore                       
00046b5f  ti_sysbios_family_arm_m3_Hwi_doTaskRestore                      
00046b65  ti_sysbios_heaps_HeapCallback_alloc                             
00046b6b  ti_sysbios_heaps_HeapCallback_free                              
00046b71  ti_sysbios_knl_Idle_loop                                        
00046b77  ti_sysbios_knl_Swi_startup                                      
00046b9b  ClockP_isActive                                                 
00046b9f  ClockP_setTimeout                                               
00046ba3  ClockP_start                                                    
00046bab  HwiP_destruct                                                   
00046baf  HwiP_enableInterrupt                                            
00046bb3  NOROM_RFCOverrideUpdate                                         
00046bb7  RF_defaultExecutionPolicy                                       
00046bbb  ResetISR                                                        
00046bbf  SemaphoreP_destruct                                             
00046bc3  SemaphoreP_post                                                 
00046bc7  SwiP_destruct                                                   
00046bcb  SwiP_or                                                         
00046bcf  SwiP_restore                                                    
00046bfd  __aeabi_memcpy                                                  
00046bfd  __aeabi_memcpy4                                                 
00046bfd  __aeabi_memcpy8                                                 
00046c01  __aeabi_memmove                                                 
00046c01  __aeabi_memmove4                                                
00046c01  __aeabi_memmove8                                                
00046c6d  ti_sysbios_heaps_HeapCallback_isBlocking                        
00046f94  __TI_Handler_Table_Base                                         
00046fa0  __TI_Handler_Table_Limit                                        
00046fc8  __TI_CINIT_Base                                                 
00046ff8  __TI_CINIT_Limit                                                
00046ff8  __TI_CINIT_Warm                                                 
000affa8  __ccfg                                                          
20001608  ti_sysbios_knl_Idle_taskStack                                   
2000c244  uart2CC26X2Objects                                              
2000c884  trngCC26XXObjects                                               
2000cd64  ti_sysbios_family_arm_m3_Hwi_dispatchTable                      
2000d310  gpioCallbackFunctions                                           
2000d38c  gpioUserArgs                                                    
2000d484  PowerCC26XX_swiKey                                              
2000d4f0  ti_sysbios_knl_ClockSupport_timerStruct                         
2000d664  ti_sysbios_knl_Idle_taskStruct                                  
2000d968  aescbcCC26XXObjects                                             
2000d9a0  ti_sysbios_knl_Swi_readyQs                                      
2000d9d0  ti_sysbios_knl_Task_readyQs                                     
2000da00  aesecbCC26XXObjects                                             
2000da28  udmaCC26XXObject                                                
2000da80  BIOS_heapCallbackObject                                         
2000da9c  BIOS_rtsGate                                                    
2000dab8  aesccmCC26XXObjects                                             
2000dad0  ti_sysbios_hal_Seconds_Module_state                             
2000daef  nvsCC26XXObjects                                                
2000daf0  ti_sysbios_runtime_System_atexitHandlers                        
2000daf8  PowerCC26XX_taskKey                                             
2000dafc  ti_sysbios_knl_Task_defaultStackHeap                            
2000dd58  PowerCC26X2_module                                              
2000e10f  ti_sysbios_runtime_Startup_done                                 
2000e114  ti_sysbios_knl_Idle_initDone                                    
2000e12c  __TI_dtors_ptr                                                  
2000e134  __TI_cleanup_ptr                                                
2000e1c0  ti_sysbios_runtime_Error_ignore                                 
2000e1cc  ti_sysbios_family_arm_cc26xx_Timer_Module_state                 
2000e1d8  ti_sysbios_runtime_System_Module_state                          
2000e2bc  ti_sysbios_knl_Swi_Module_state                                 
2000e2e8  BIOS_Module_state                                               
2000e488  gpioPinConfigs                                                  
2000e55c  ti_sysbios_runtime_Memory_defaultHeapInstance                   
2000e670  ti_sysbios_family_arm_m3_Hwi_Module_state                       
2000e6ac  ti_sysbios_knl_Task_Module_state                                
2000eae4  ti_sysbios_knl_Clock_Module_state                               
2000eee0  _hposcCoeffs                                                    
2000eef8  RFCC26XX_schedulerPolicy                                        
2000ef20  ti_sysbios_gates_GateMutexPri_Module_state                      
2000ef28  ti_sysbios_heaps_HeapCallback_Module_state                      
2000ef30  ti_sysbios_knl_Semaphore_Module_state                           
2000ef44  ti154stack_lib_date                                             
2000ef48  ti154stack_lib_time                                             
2000ef4c  ti154stack_lib_version                                          
2000f000  ti_sysbios_family_arm_m3_Hwi_ramVectors                         
2000f0d8  heapStart                                                       
200239c0  __stack                                                         
200239c0  heapEnd                                                         
20024000  __STACK_END                                                     
20024000  __STACK_TOP                                                     
ffffffff  __TI_pprof_out_hndl                                             
ffffffff  __TI_prof_data_size                                             
ffffffff  __TI_prof_data_start                                            
ffffffff  __binit__                                                       
ffffffff  __start___llvm_prf_bits                                         
ffffffff  __start___llvm_prf_cnts                                         
ffffffff  __stop___llvm_prf_bits                                          
ffffffff  __stop___llvm_prf_cnts                                          
ffffffff  binit                                                           
UNDEFED   ITM_flush                                                       
UNDEFED   ITM_restore                                                     
UNDEFED   __mpu_init                                                      

[420 symbols]
