******************************************************************************
            TI ARM Clang Linker Unix v3.2.3                    
******************************************************************************
>> Linked Fri Mar 14 23:32:48 2025

OUTPUT FILE NAME:   <ns_br_src_LP_CC1352P7_1_tirtos7_ticlang.out>
ENTRY POINT SYMBOL: "ResetISR"  address: 00054b0b


MEMORY CONFIGURATION

         name            origin    length      used     unused   attr    fill
----------------------  --------  ---------  --------  --------  ----  --------
  FLASH                 00000000   000ae000  00058fcc  00055034  R  X
  FLASH_LAST            000ae000   00002000  00002000  00000000  R  X
  SRAM                  20000000   00024000  0001ddb0  00006250  RW X


SEGMENT ALLOCATION MAP

run origin  load origin   length   init length attrs members
----------  ----------- ---------- ----------- ----- -------
00000000    00000000    000035f8   000035f8    r--
  00000000    00000000    0000003c   0000003c    r-- .resetVecs
  00000040    00000040    000035b8   000035b8    r-- .rodata
000035f8    000035f8    00000008   00000008    rw-
  000035f8    000035f8    00000008   00000008    rw- .args
00003600    00003600    000519d0   000519d0    r-x
  00003600    00003600    00051600   00051600    r-x .text.1
  00054c00    00054c00    00000008   00000008    r-- .log_data
  00054c08    00054c08    000003c8   000003c8    r-- .cinit
000a8000    000a8000    00004000   00000000    rw-
  000a8000    000a8000    00004000   00000000    rw- .TI.bound:flashBuf0
000ae000    000ae000    00002000   00002000    r-x
  000ae000    000ae000    00001fa8   00001fa8    r-x .text.2
  000affa8    000affa8    00000058   00000058    r-- .ccfg
20000000    20000000    00001810   00000000    rw-
  20000000    20000000    00001810   00000000    rw- .bss.1
20001810    20001810    00000020   00000000    rw-
  20001810    20001810    00000010   00000000    rw- .TI.bound:dmaUart0RxControlTableEntry
  20001820    20001820    00000010   00000000    rw- .TI.bound:dmaUart0TxControlTableEntry
20001830    20001830    0001a868   00000000    rw-
  20001830    20001830    0001a868   00000000    rw- .bss.2
2001c100    2001c100    00001592   00000000    rw-
  2001c100    2001c100    00001592   00000000    rw- .data
2001d700    2001d700    000000d8   00000000    rw-
  2001d700    2001d700    000000d8   00000000    rw- .ramVecs
200239c0    200239c0    00000640   00000000    rw-
  200239c0    200239c0    00000640   00000000    rw- .stack


SECTION ALLOCATION MAP

 output                                  attributes/
section   page    origin      length       input sections
--------  ----  ----------  ----------   ----------------
.resetVecs 
*          0    00000000    0000003c     
                  00000000    0000003c     ti_sysbios_config.o (.resetVecs)

.rodata    0    00000040    000035b8     
                  00000040    000002e0     TIdgWTZGogj (.rodata.ciphersuite_definitions)
                  00000320    000002e0     rf_multiMode_cc13x2.a : rf_patch_cpe_prop.c.cc13x2.ticlang.o (.rodata.patchImageProp)
                  00000600    00000237     borderrouter_ws.o (.rodata.WISUN_SERVER_CERTIFICATE)
                  00000837    00000001     ti_drivers_config.o (.rodata.aescbcCC26XXHWAttrs)
                  00000838    00000210     TIdgWTZGogj (.rodata._ZZN2ot3Ncp7NcpBase22FindGetPropertyHandlerEjE15sHandlerEntries)
                  00000a48    00000200     TIdgWTZGogj (.rodata._ZZN2ot4HdlcL9UpdateFcsEthE9sFcsTable)
                  00000c48    000001e1     borderrouter_ws.o (.rodata.WISUN_ROOT_CERTIFICATE)
                  00000e29    0000012c     mac_cfg.o (.rodata.FH_PibTbl)
                  00000f55    00000113     maclib_secure_cc13x2x7_tirtos7.a : fh_global.c.o (.rodata.FH_stateMatrix)
                  00001068    00000108     TIdgWTZGogj (.rodata._ZZN2ot3Ncp7NcpBase22FindSetPropertyHandlerEjE15sHandlerEntries)
                  00001170    00000101     libc.a : aeabi_ctype.S.obj (.rodata:__aeabi_ctype_table_)
                  00001271    00000003     kde_helper.o (.rodata.ieee_802_11_oui)
                  00001274    00000100     TIdgWTZGogj (.rodata.K.2407)
                  00001374    00000100     TIdgWTZGogj (.rodata.crc_table)
                  00001474    000000f8     mac_cfg.o (.rodata.macPibTbl)
                  0000156c    000000e7     borderrouter_ws.o (.rodata.WISUN_SERVER_KEY)
                  00001653    00000001     ti_drivers_config.o (.rodata.aesccmCC26XXHWAttrs)
                  00001654    000000a8     cipher_wrap.o (.rodata.mbedtls_cipher_definitions)
                  000016fc    000000a2     TIdgWTZGogj (.rodata.ti_sysbios_family_arm_m3_Hwi_excHandlerMin.err)
                  0000179e    00000002     TIdgWTZGogj (.rodata.stopBits)
                  000017a0    000000a0     mac_cfg.o (.rodata.macMRFSKStdPhyTable)
                  00001840    00000097     TIdgWTZGogj (.rodata.ti_sysbios_family_arm_m3_Hwi_Instance_init.err.1)
                  000018d7    00000097     TIdgWTZGogj (.rodata.ti_sysbios_family_arm_m3_Hwi_excHandlerMin.err.2)
                  0000196e    00000097     TIdgWTZGogj (.rodata.ti_sysbios_runtime_Memory_alloc.err)
                  00001a05    00000094     TIdgWTZGogj (.rodata.ti_sysbios_family_arm_m3_Hwi_Instance_init.err)
                  00001a99    00000003     TIdgWTZGogj (.rodata.str1.16268316042984877550.1)
                  00001a9c    00000090     TIdgWTZGogj (.rodata.cfg_cb)
                  00001b2c    0000008c     mac_cfg.o (.rodata.FHPIB_defaults)
                  00001bb8    0000008c     TIdgWTZGogj (.rodata.oid_x509_ext)
                  00001c44    00000088     mac_cfg.o (.rodata.macPibDefaults)
                  00001ccc    00000080     TIdgWTZGogj (.rodata.base64_dec_map)
                  00001d4c    00000004     ti_sysbios_config.o (.rodata.TimestampP_nativeFormat32)
                  00001d50    00000080     TIdgWTZGogj (.rodata.last4)
                  00001dd0    0000006c     mac_user_config.o (.rodata.macRfDriverTable)
                  00001e3c    00000064     TIdgWTZGogj (.rodata..Lswitch.table._ZN2ot3Ncp7NcpBase24WisunErrorToSpinelStatusE7otError)
                  00001ea0    00000058     mac_cfg.o (.rodata.macSecurityPibTbl)
                  00001ef8    00000058     TIdgWTZGogj (.rodata.uart2CC26X2HWAttrs)
                  00001f50    00000054     drivers_cc13x2x7.a : PowerCC26X2.c.obj (.rodata.resourceDB)
                  00001fa4    00000050     TIdgWTZGogj (.rodata.cst16)
                  00001ff4    00000050     TIdgWTZGogj (.rodata.oid_pk_alg)
                  00002044    00000050     TIdgWTZGogj (.rodata.oid_sig_alg)
                  00002094    00000040     mac_user_config.o (.rodata.macCryptoDriverTable)
                  000020d4    00000040     maclib_secure_cc13x2x7_tirtos7.a : hmac_global.c.o (.rodata.macTimerRolloverValue)
                  00002114    00000039     TIdgWTZGogj (.rodata.str1.2956926103145089861.1)
                  0000214d    00000036     TIdgWTZGogj (.rodata.str1.16538780058594385769.1)
                  00002183    00000035     TIdgWTZGogj (.rodata.str1.12658834417095220719.1)
                  000021b8    00000030     ti_radio_config.o (.rodata.RF_cmdPropRadioDivSetup_2gfsk50kbps25dev915wsun1b)
                  000021e8    00000030     ti_radio_config.o (.rodata.RF_cmdPropRxAdv_2gfsk50kbps154g)
                  00002218    00000030     TIdgWTZGogj (.rodata._ZZN2ot3Ncp16GetVersionStringEvE8sVersion)
                  00002248    00000030     pk_wrap.o (.rodata.mbedtls_ecdsa_info)
                  00002278    00000030     pk_wrap.o (.rodata.mbedtls_eckey_info)
                  000022a8    00000030     pk_wrap.o (.rodata.mbedtls_eckeydh_info)
                  000022d8    0000002e     TIdgWTZGogj (.rodata.str1.6347443726684420660.1)
                  00002306    0000002c     TIdgWTZGogj (.rodata.str1.6883296286369105793.1)
                  00002332    00000002     TIdgWTZGogj (.rodata.str1.13605646025495307836.1)
                  00002334    00000028     drivers_cc13x2x7.a : NVSCC26XX.c.obj (.rodata.NVSCC26XX_fxnTable)
                  0000235c    00000028     TIdgWTZGogj (.rodata.oid_ecp_grp)
                  00002384    00000028     TIdgWTZGogj (.rodata.str1.15970720812990860581.1)
                  000023ac    00000028     TIdgWTZGogj (.rodata.str1.6295732620776633621.1)
                  000023d4    00000027     TIdgWTZGogj (.rodata.str1.5633006318434589995.1)
                  000023fb    00000026     TIdgWTZGogj (.rodata.str1.13433529668908768327.1)
                  00002421    00000026     TIdgWTZGogj (.rodata.str1.9203464311344047841.1)
                  00002447    00000025     TIdgWTZGogj (.rodata.str1.15133016820375865193.1)
                  0000246c    00000025     TIdgWTZGogj (.rodata.str1.9416489959983221052.1)
                  00002491    00000025     TIdgWTZGogj (.rodata.str1.969686022907166523.1)
                  000024b6    00000001     ti_drivers_config.o (.rodata.aesecbCC26XXHWAttrs)
                  000024b7    00000001     TIdgWTZGogj (.rodata.str1.788839744018694003.1)
                  000024b8    00000024     TIdgWTZGogj (.rodata..Lswitch.table.mbedtls_ssl_ciphersuite_uses_ec)
                  000024dc    00000024     changed_props_set.o (.rodata._ZN2ot3Ncp15ChangedPropsSet15mSupportedPropsE)
                  00002500    00000024     TIdgWTZGogj (.rodata.ti_sysbios_knl_Task_Params_default)
                  00002524    00000023     TIdgWTZGogj (.rodata.str1.1277592472358363332.1)
                  00002547    00000023     TIdgWTZGogj (.rodata.str1.2418306112454566536.1)
                  0000256a    00000023     TIdgWTZGogj (.rodata.str1.2567445747978318652.1)
                  0000258d    00000023     TIdgWTZGogj (.rodata.str1.6986262334354222150.1)
                  000025b0    00000022     TIdgWTZGogj (.rodata.str1.3154148110749183641.1)
                  000025d2    00000021     TIdgWTZGogj (.rodata.str1.12123833798476440342.1)
                  000025f3    00000021     TIdgWTZGogj (.rodata.str1.2969140572730285965.1)
                  00002614    00000020     ti_radio_config.o (.rodata.RF_cmdPropTxAdv_2gfsk50kbps154g)
                  00002634    00000020     TIdgWTZGogj (.rodata.aes_info)
                  00002654    00000020     TIdgWTZGogj (.rodata.ccm_aes_info)
                  00002674    00000020     TIdgWTZGogj (.rodata.chacha20_base_info)
                  00002694    00000020     TIdgWTZGogj (.rodata.chachapoly_base_info)
                  000026b4    00000020     rf_multiMode_cc13x2.a : RFCC26X2_multiMode.c.cc13x2.ticlang.o (.rodata.cst32)
                  000026d4    00000020     TIdgWTZGogj (.rodata.gcm_aes_info)
                  000026f4    00000020     TIdgWTZGogj (.rodata.kw_aes_info)
                  00002714    00000020     TIdgWTZGogj (.rodata.secp256r1_b)
                  00002734    00000020     TIdgWTZGogj (.rodata.secp256r1_gx)
                  00002754    00000020     TIdgWTZGogj (.rodata.secp256r1_gy)
                  00002774    00000020     TIdgWTZGogj (.rodata.secp256r1_n)
                  00002794    00000020     TIdgWTZGogj (.rodata.secp256r1_p)
                  000027b4    00000020     TIdgWTZGogj (.rodata.str1.5426000508560375096.1)
                  000027d4    00000020     TIdgWTZGogj (.rodata.str1.9831844967913262135.1)
                  000027f4    0000001f     TIdgWTZGogj (.rodata.str1.1729209174326947080.1)
                  00002813    0000001d     TIdgWTZGogj (.rodata.str1.175254378843889479.1)
                  00002830    0000001d     TIdgWTZGogj (.rodata.str1.18315026565153890816.1)
                  0000284d    0000001d     TIdgWTZGogj (.rodata.str1.2299485515530952081.1)
                  0000286a    0000001d     TIdgWTZGogj (.rodata.str1.649136053902207936.1)
                  00002887    00000001     --HOLE-- [fill = 0]
                  00002888    0000001c     TIdgWTZGogj (.rodata..Lswitch.table.mac_helper_frame_overhead)
                  000028a4    0000001c     TIdgWTZGogj (.rodata..Lswitch.table.ws_decode_channel_spacing)
                  000028c0    0000001c     ti_radio_config.o (.rodata.RF_cmdPropCs_2gfsk50kbps154g)
                  000028dc    0000001c     TIdgWTZGogj (.rodata.aes_128_cbc_info)
                  000028f8    0000001c     TIdgWTZGogj (.rodata.aes_128_ccm_info)
                  00002914    0000001c     TIdgWTZGogj (.rodata.aes_128_ecb_info)
                  00002930    0000001c     TIdgWTZGogj (.rodata.aes_128_gcm_info)
                  0000294c    0000001c     TIdgWTZGogj (.rodata.aes_128_nist_kw_info)
                  00002968    0000001c     TIdgWTZGogj (.rodata.aes_128_nist_kwp_info)
                  00002984    0000001c     TIdgWTZGogj (.rodata.aes_192_cbc_info)
                  000029a0    0000001c     TIdgWTZGogj (.rodata.aes_192_ccm_info)
                  000029bc    0000001c     TIdgWTZGogj (.rodata.aes_192_ecb_info)
                  000029d8    0000001c     TIdgWTZGogj (.rodata.aes_192_gcm_info)
                  000029f4    0000001c     TIdgWTZGogj (.rodata.aes_192_nist_kw_info)
                  00002a10    0000001c     TIdgWTZGogj (.rodata.aes_192_nist_kwp_info)
                  00002a2c    0000001c     TIdgWTZGogj (.rodata.aes_256_cbc_info)
                  00002a48    0000001c     TIdgWTZGogj (.rodata.aes_256_ccm_info)
                  00002a64    0000001c     TIdgWTZGogj (.rodata.aes_256_ecb_info)
                  00002a80    0000001c     TIdgWTZGogj (.rodata.aes_256_gcm_info)
                  00002a9c    0000001c     TIdgWTZGogj (.rodata.aes_256_nist_kw_info)
                  00002ab8    0000001c     TIdgWTZGogj (.rodata.aes_256_nist_kwp_info)
                  00002ad4    0000001c     TIdgWTZGogj (.rodata.chacha20_info)
                  00002af0    0000001c     TIdgWTZGogj (.rodata.chachapoly_info)
                  00002b0c    0000001c     TIdgWTZGogj (.rodata.str1.1491172555016254795.1)
                  00002b28    0000001c     TIdgWTZGogj (.rodata.str1.18254367784154991036.1)
                  00002b44    0000001c     TIdgWTZGogj (.rodata.str1.562990952737923649.1)
                  00002b60    0000001c     TIdgWTZGogj (.rodata.ti_sysbios_family_arm_cc26xx_Timer_Params_default)
                  00002b7c    0000001b     TIdgWTZGogj (.rodata.str1.14778119325382001647.1)
                  00002b97    0000001b     TIdgWTZGogj (.rodata.str1.17932369319029990832.1)
                  00002bb2    0000001a     TIdgWTZGogj (.rodata.str1.14816117133898427814.1)
                  00002bcc    0000001a     TIdgWTZGogj (.rodata.str1.162819785809831873.1)
                  00002be6    0000001a     TIdgWTZGogj (.rodata.str1.5523703654397843642.1)
                  00002c00    0000001a     TIdgWTZGogj (.rodata.str1.9067850933020398288.1)
                  00002c1a    00000019     TIdgWTZGogj (.rodata.str1.11969019637510911678.1)
                  00002c33    00000019     TIdgWTZGogj (.rodata.str1.2072280023917278177.1)
                  00002c4c    00000019     TIdgWTZGogj (.rodata.str1.6544231147975964686.1)
                  00002c65    00000018     TIdgWTZGogj (.rodata..Lswitch.table.ws_cfg_phy_set)
                  00002c7d    00000003     TIdgWTZGogj (.rodata.str1.6728568614143819406.1)
                  00002c80    00000018     ti_radio_config.o (.rodata.RF_cmdFs_2gfsk50kbps154g)
                  00002c98    00000018     TIdgWTZGogj (.rodata._ZZN2ot3Ncp7NcpBase25FindInsertPropertyHandlerEjE15sHandlerEntries)
                  00002cb0    00000018     TIdgWTZGogj (.rodata._ZZN2ot3Ncp7NcpBase25FindRemovePropertyHandlerEjE15sHandlerEntries)
                  00002cc8    00000018     TIdgWTZGogj (.rodata.cst4)
                  00002ce0    00000018     TIdgWTZGogj (.rodata.ecp_supported_curves)
                  00002cf8    00000018     maclib_secure_cc13x2x7_tirtos7.a : hmac_global.c.o (.rodata.macCmdIncludeFHIe)
                  00002d10    00000018     TIdgWTZGogj (.rodata.ti_sysbios_family_arm_m3_Hwi_Params_default)
                  00002d28    00000018     TIdgWTZGogj (.rodata.trngCC26XXHWAttrs)
                  00002d40    00000017     TIdgWTZGogj (.rodata.ipv6_route_probing)
                  00002d57    00000017     TIdgWTZGogj (.rodata.str1.1070984635807844954.1)
                  00002d6e    00000017     TIdgWTZGogj (.rodata.str1.12740861339330975132.1)
                  00002d85    00000003     kde_helper.o (.rodata.wisun_oui)
                  00002d88    00000017     TIdgWTZGogj (.rodata.str1.15011994974951604922.4)
                  00002d9f    00000017     TIdgWTZGogj (.rodata.str1.16647830285858092632.1)
                  00002db6    00000017     TIdgWTZGogj (.rodata.str1.4622969929506508497.1)
                  00002dcd    00000017     TIdgWTZGogj (.rodata.str1.476623118282211881.1)
                  00002de4    00000017     TIdgWTZGogj (.rodata.str1.6206010978309765127.1)
                  00002dfb    00000016     maclib_secure_cc13x2x7_tirtos7.a : hmac_global.c.o (.rodata.macIdleSt)
                  00002e11    00000016     TIdgWTZGogj (.rodata.str1.7358238370205826101.1)
                  00002e27    00000015     TIdgWTZGogj (.rodata.str1.10543450836564632639.1)
                  00002e3c    00000015     TIdgWTZGogj (.rodata.str1.11652882624430817056.1)
                  00002e51    00000015     TIdgWTZGogj (.rodata.str1.13484652481487817395.1)
                  00002e66    00000015     TIdgWTZGogj (.rodata.str1.18291897529946134944.1)
                  00002e7b    00000001     --HOLE-- [fill = 0]
                  00002e7c    00000014     drivers_cc13x2x7.a : TRNG.c.obj (.rodata.TRNG_defaultParams)
                  00002e90    00000014     TIdgWTZGogj (.rodata.rpl_of0_step_of_rank.etx_thresholds)
                  00002ea4    00000014     TIdgWTZGogj (.rodata.ti_sysbios_knl_Swi_Params_default)
                  00002eb8    00000013     macTask.o (.rodata.msacbackSizeTable)
                  00002ecb    00000013     TIdgWTZGogj (.rodata.str1.14869629873798350060.1)
                  00002ede    00000012     TIdgWTZGogj (.rodata.str1.12068385037602723421.1)
                  00002ef0    00000012     TIdgWTZGogj (.rodata.str1.12748558716711893360.1)
                  00002f02    00000012     TIdgWTZGogj (.rodata.str1.355924096847674711.1)
                  00002f14    00000012     TIdgWTZGogj (.rodata.str1.3876470371626700686.1)
                  00002f26    00000012     TIdgWTZGogj (.rodata.str1.4878983994802897075.1)
                  00002f38    00000012     TIdgWTZGogj (.rodata.str1.526926147153872763.1)
                  00002f4a    00000012     TIdgWTZGogj (.rodata.str1.9194882999806972488.1)
                  00002f5c    00000012     TIdgWTZGogj (.rodata.str1.9332511585745818376.1)
                  00002f6e    00000002     --HOLE-- [fill = 0]
                  00002f70    00000011     TIdgWTZGogj (.rodata..L__const.macFH_ChanPlanInit.regChanList)
                  00002f81    00000011     TIdgWTZGogj (.rodata.str1.10953877661138809404.1)
                  00002f92    00000011     TIdgWTZGogj (.rodata.str1.12192040010703015624.1)
                  00002fa3    00000011     TIdgWTZGogj (.rodata.str1.12506845248820326034.1)
                  00002fb4    00000011     TIdgWTZGogj (.rodata.str1.17624060438182984740.1)
                  00002fc5    00000003     --HOLE-- [fill = 0]
                  00002fc8    00000010     TIdgWTZGogj (.rodata..Lswitch.table.mbedtls_md_info_from_type)
                  00002fd8    00000010     ns_address_internal.o (.rodata.ADDR_ALL_MPL_FORWARDERS)
                  00002fe8    00000010     ns_address_internal.o (.rodata.ADDR_IF_LOCAL_ALL_NODES)
                  00002ff8    00000010     ns_address_internal.o (.rodata.ADDR_IF_LOCAL_ALL_ROUTERS)
                  00003008    00000010     ns_address_internal.o (.rodata.ADDR_LINK_LOCAL_ALL_NODES)
                  00003018    00000010     ns_address_internal.o (.rodata.ADDR_LINK_LOCAL_ALL_ROUTERS)
                  00003028    00000010     rpl_control.o (.rodata.ADDR_LINK_LOCAL_ALL_RPL_NODES)
                  00003038    00000010     ns_address_internal.o (.rodata.ADDR_LOOPBACK)
                  00003048    00000010     ns_address_internal.o (.rodata.ADDR_REALM_LOCAL_ALL_NODES)
                  00003058    00000010     ns_address_internal.o (.rodata.ADDR_REALM_LOCAL_ALL_ROUTERS)
                  00003068    00000010     ns_address_internal.o (.rodata.ADDR_SITE_LOCAL_ALL_ROUTERS)
                  00003078    00000010     ns_address_internal.o (.rodata.ADDR_UNSPECIFIED)
                  00003088    00000010     ti_drivers_config.o (.rodata.TRNG_config)
                  00003098    00000010     drivers_cc13x2x7.a : AESCBC.c.obj (.rodata.cst16)
                  000030a8    00000010     mac_cfg.o (.rodata.cst16)
                  000030b8    00000010     TIdgWTZGogj (.rodata.cst8)
                  000030c8    00000010     x509_crt.o (.rodata.mbedtls_x509_crt_profile_default)
                  000030d8    00000010     socket_api.o (.rodata.ns_in6addr_any)
                  000030e8    00000010     TIdgWTZGogj (.rodata.str1.14546481503560548474.1)
                  000030f8    00000010     TIdgWTZGogj (.rodata.str1.15952589912361618955.1)
                  00003108    00000010     TIdgWTZGogj (.rodata.str1.16103601164540120205.1)
                  00003118    00000010     TIdgWTZGogj (.rodata.str1.2728515214297213503.1)
                  00003128    00000010     TIdgWTZGogj (.rodata.str1.419144359874620546.1)
                  00003138    00000010     TIdgWTZGogj (.rodata.str1.7564976956685034728.1)
                  00003148    00000010     TIdgWTZGogj (.rodata.str1.9161308982764924452.1)
                  00003158    00000010     TIdgWTZGogj (.rodata.tls_sec_prot_lib_connect.sec_suites)
                  00003168    0000000f     TIdgWTZGogj (.rodata.str1.10362595051381640348.4)
                  00003177    0000000f     TIdgWTZGogj (.rodata.str1.11387568024484560757.1)
                  00003186    0000000f     TIdgWTZGogj (.rodata.str1.18221037425055239819.1)
                  00003195    0000000f     TIdgWTZGogj (.rodata.str1.3999482999577424641.1)
                  000031a4    0000000f     TIdgWTZGogj (.rodata.str1.5000108441459617579.1)
                  000031b3    0000000f     TIdgWTZGogj (.rodata.str1.7790617355516458131.1)
                  000031c2    0000000e     TIdgWTZGogj (.rodata._ZZN2ot3Ncp24GetProtocolVersionStringEvE8sVersion)
                  000031d0    0000000e     TIdgWTZGogj (.rodata.str1.2401873113772205246.1)
                  000031de    0000000e     TIdgWTZGogj (.rodata.str1.2917860300960529309.1)
                  000031ec    0000000e     TIdgWTZGogj (.rodata.str1.5944154063526707266.1)
                  000031fa    00000002     --HOLE-- [fill = 0]
                  000031fc    0000000d     ns_address_internal.o (.rodata.ADDR_MULTICAST_SOLICITED)
                  00003209    0000000d     TIdgWTZGogj (.rodata.str1.1936354536383567281.1)
                  00003216    00000002     --HOLE-- [fill = 0]
                  00003218    0000000d     TIdgWTZGogj (.rodata.str1.2502956727712661726.4)
                  00003225    00000003     --HOLE-- [fill = 0]
                  00003228    0000000c     TIdgWTZGogj (.rodata..L__const.Random_seedAutomatic.hwAttrs)
                  00003234    0000000c     TIdgWTZGogj (.rodata..Lswitch.table.mbedtls_pk_info_from_type)
                  00003240    0000000c     TIdgWTZGogj (.rodata..Lswitch.table.mbedtls_ssl_get_output_max_frag_len.18)
                  0000324c    0000000c     TIdgWTZGogj (.rodata..Lswitch.table.ws_common_regulatory_domain_config.1)
                  00003258    0000000c     ns_address_internal.o (.rodata.ADDR_IPV4_MAPPED_PREFIX)
                  00003264    0000000c     ti_drivers_config.o (.rodata.NVS_config)
                  00003270    0000000c     ti_drivers_config.o (.rodata.RFCC26XX_hwAttrs)
                  0000327c    0000000c     TIdgWTZGogj (.rodata.eapol_pdu_recv_cb_data.1608)
                  00003288    0000000c     TIdgWTZGogj (.rodata.eapol_pdu_recv_cb_data)
                  00003294    0000000c     TIdgWTZGogj (.rodata.ns_maintenance_gc_functions)
                  000032a0    0000000c     TIdgWTZGogj (.rodata.str1.10749987841567502737.1)
                  000032ac    0000000c     TIdgWTZGogj (.rodata.str1.11809812404968595781.1)
                  000032b8    0000000c     TIdgWTZGogj (.rodata.str1.12335256078498847059.1)
                  000032c4    0000000c     TIdgWTZGogj (.rodata.str1.12499460069852193458.1)
                  000032d0    0000000c     TIdgWTZGogj (.rodata.str1.14213175516457976301.1)
                  000032dc    0000000c     TIdgWTZGogj (.rodata.str1.16808370157337562575.1)
                  000032e8    0000000c     TIdgWTZGogj (.rodata.str1.18185379188030303330.1)
                  000032f4    0000000c     TIdgWTZGogj (.rodata.str1.1977340870967909067.1)
                  00003300    0000000c     TIdgWTZGogj (.rodata.str1.2556919193363891442.1)
                  0000330c    0000000c     TIdgWTZGogj (.rodata.str1.443176581483762389.1)
                  00003318    0000000c     TIdgWTZGogj (.rodata.str1.5171363496435206211.1)
                  00003324    0000000c     TIdgWTZGogj (.rodata.str1.5469064935416857950.1)
                  00003330    0000000c     TIdgWTZGogj (.rodata.str1.5583433156763547673.1)
                  0000333c    0000000c     TIdgWTZGogj (.rodata.str1.6483154788104955352.1)
                  00003348    0000000c     TIdgWTZGogj (.rodata.str1.6610255446506586178.1)
                  00003354    0000000c     TIdgWTZGogj (.rodata.str1.9008608138983664452.1)
                  00003360    0000000c     TIdgWTZGogj (.rodata.str1.9212422306125750127.1)
                  0000336c    0000000c     TIdgWTZGogj (.rodata.ti_sysbios_knl_Clock_Params_default)
                  00003378    0000000c     TIdgWTZGogj (.rodata.ti_sysbios_knl_Semaphore_Params_default)
                  00003384    0000000c     udp.o (.rodata.wisun_ncp_filter_ports)
                  00003390    0000000b     TIdgWTZGogj (.rodata.str1.3625665511604226023.1)
                  0000339b    0000000b     TIdgWTZGogj (.rodata.str1.7843921535036454440.1)
                  000033a6    0000000b     TIdgWTZGogj (.rodata.str1.8754796562647504743.1)
                  000033b1    0000000a     TIdgWTZGogj (.rodata..Lswitch.table.kmp_api_type_from_id_get)
                  000033bb    0000000a     TIdgWTZGogj (.rodata..Lswitch.table.mbedtls_ssl_get_ciphersuite_sig_pk_alg)
                  000033c5    0000000a     TIdgWTZGogj (.rodata.str1.12096125964009710952.1)
                  000033cf    0000000a     TIdgWTZGogj (.rodata.str1.12693629280566672231.1)
                  000033d9    0000000a     TIdgWTZGogj (.rodata.str1.16736382338066009125.1)
                  000033e3    00000001     --HOLE-- [fill = 0]
                  000033e4    0000000a     TIdgWTZGogj (.rodata.str1.1931296547459085347.4)
                  000033ee    0000000a     TIdgWTZGogj (.rodata.str1.4716619379700254132.1)
                  000033f8    00000009     TIdgWTZGogj (.rodata..Lswitch.table.otPlatGetResetReason)
                  00003401    00000009     TIdgWTZGogj (.rodata.str1.10188508577380172893.1)
                  0000340a    00000009     TIdgWTZGogj (.rodata.str1.11187475635515190367.1)
                  00003413    00000009     TIdgWTZGogj (.rodata.str1.11872807544878253196.1)
                  0000341c    00000009     TIdgWTZGogj (.rodata.str1.14280921666182754955.1)
                  00003425    00000009     TIdgWTZGogj (.rodata.str1.2202349019630352048.1)
                  0000342e    00000009     TIdgWTZGogj (.rodata.str1.3903659957904061255.1)
                  00003437    00000009     TIdgWTZGogj (.rodata.str1.7841195762114736144.1)
                  00003440    00000008     rf_multiMode_cc13x2.a : RFCC26X2_multiMode.c.cc13x2.ticlang.o (.rodata..L__const.RF_hwiCpe0Active.activeCmd)
                  00003448    00000008     ns_address_internal.o (.rodata.ADDR_LINK_LOCAL_PREFIX)
                  00003450    00000008     ti_drivers_config.o (.rodata.AESCBC_config)
                  00003458    00000008     ti_drivers_config.o (.rodata.AESCCM_config)
                  00003460    00000008     ti_drivers_config.o (.rodata.AESECB_config)
                  00003468    00000008     TIdgWTZGogj (.rodata.NIST_KW_ICV1)
                  00003470    00000008     ti_drivers_config.o (.rodata.UART2_config)
                  00003478    00000008     ti_drivers_config.o (.rodata.UDMACC26XX_config)
                  00003480    00000008     TIdgWTZGogj (.rodata.addr_am_implicit_group_member.implicit_groups)
                  00003488    00000008     TIdgWTZGogj (.rodata.ciphersuite_preference)
                  00003490    00000008     maclib_secure_cc13x2x7_tirtos7.a : fh_global.c.o (.rodata.cst4)
                  00003498    00000008                                      : hmac_global.c.o (.rodata.cst4)
                  000034a0    00000008                                      : hmac_global.c.o (.rodata.cst8)
                  000034a8    00000008     TIdgWTZGogj (.rodata.empty_hash)
                  000034b0    00000008     TIdgWTZGogj (.rodata.mac_helper_default_key_source)
                  000034b8    00000008     md.o (.rodata.mbedtls_md5_info)
                  000034c0    00000008     md.o (.rodata.mbedtls_sha1_info)
                  000034c8    00000008     md.o (.rodata.mbedtls_sha224_info)
                  000034d0    00000008     md.o (.rodata.mbedtls_sha256_info)
                  000034d8    00000008     TIdgWTZGogj (.rodata.nvsCC26XXHWAttrs)
                  000034e0    00000008     TIdgWTZGogj (.rodata.prefixStrings)
                  000034e8    00000008     TIdgWTZGogj (.rodata.str1.149422205696145404.1)
                  000034f0    00000008     TIdgWTZGogj (.rodata.str1.15880759393986020170.1)
                  000034f8    00000008     TIdgWTZGogj (.rodata.str1.18043098633007502674.1)
                  00003500    00000008     TIdgWTZGogj (.rodata.str1.2600620058912386198.1)
                  00003508    00000008     TIdgWTZGogj (.rodata.str1.8430759185529192271.1)
                  00003510    00000008     ti_sysbios_config.o (.rodata.ti_sysbios_knl_Idle_funcList)
                  00003518    00000008     ti_drivers_config.o (.rodata.udmaCC26XXHWAttrs)
                  00003520    00000007     TIdgWTZGogj (.rodata..Lswitch.table.ccm_sec_init)
                  00003527    00000007     TIdgWTZGogj (.rodata.addr_iid_reserved.reserved_subnet_anycast)
                  0000352e    00000007     TIdgWTZGogj (.rodata.str1.10383878820400406778.1)
                  00003535    00000007     TIdgWTZGogj (.rodata.str1.11351941406256003926.1)
                  0000353c    00000007     TIdgWTZGogj (.rodata.str1.11498381227638402264.1)
                  00003543    00000007     TIdgWTZGogj (.rodata.str1.1524241197821059232.1)
                  0000354a    00000007     TIdgWTZGogj (.rodata.str1.18230256397003179980.1)
                  00003551    00000006     TIdgWTZGogj (.rodata..Lswitch.table.addr_len_from_type)
                  00003557    00000001     --HOLE-- [fill = 0]
                  00003558    00000006     TIdgWTZGogj (.rodata..Lswitch.table.rpl_mrhof_link_metric_to_neighbour)
                  0000355e    00000006     TIdgWTZGogj (.rodata..Lswitch.table.ws_common_channel_number_calc.3)
                  00003564    00000006     TIdgWTZGogj (.rodata..Lswitch.table.ws_common_channel_number_calc.4)
                  0000356a    00000006     ns_address_internal.o (.rodata.ADDR_SHORT_ADR_SUFFIC)
                  00003570    00000006     maclib_secure_cc13x2x7_tirtos7.a : hmac_global.c.o (.rodata.macCmdBufSize)
                  00003576    00000006     TIdgWTZGogj (.rodata.str1.14219679654526538837.1)
                  0000357c    00000006     TIdgWTZGogj (.rodata.str1.16703532407582554482.1)
                  00003582    00000006     TIdgWTZGogj (.rodata.str1.16765228423692944192.1)
                  00003588    00000006     TIdgWTZGogj (.rodata.str1.3329425083550920630.1)
                  0000358e    00000006     TIdgWTZGogj (.rodata.str1.3513978596500123787.1)
                  00003594    00000006     TIdgWTZGogj (.rodata.str1.9812414709176761870.1)
                  0000359a    00000005     TIdgWTZGogj (.rodata..L.str.23.2069)
                  0000359f    00000005     TIdgWTZGogj (.rodata.addr_iid_reserved.reserved_iana)
                  000035a4    00000005     TIdgWTZGogj (.rodata.parityType)
                  000035a9    00000005     TIdgWTZGogj (.rodata.rxFifoThreshold)
                  000035ae    00000005     TIdgWTZGogj (.rodata.str1.2549284017284144373.1)
                  000035b3    00000005     TIdgWTZGogj (.rodata.str1.2784021637588116989.1)
                  000035b8    00000005     TIdgWTZGogj (.rodata.str1.3012457725557025372.1)
                  000035bd    00000005     ti_sysbios_config.o (.rodata.taskState)
                  000035c2    00000002     --HOLE-- [fill = 0]
                  000035c4    00000004     ti_sysbios_config.o (.rodata.TimestampP_nativeFormat64)
                  000035c8    00000004     TIdgWTZGogj (.rodata.memset_func)
                  000035cc    00000004     TIdgWTZGogj (.rodata.str1.10436438997661987293.1)
                  000035d0    00000004     TIdgWTZGogj (.rodata.str1.1725414502415062336.1)
                  000035d4    00000004     TIdgWTZGogj (.rodata.str1.18065795358539014804.1)
                  000035d8    00000004     TIdgWTZGogj (.rodata.str1.2914364288797495800.1)
                  000035dc    00000004     TIdgWTZGogj (.rodata.str1.3732072873560047295.1)
                  000035e0    00000004     TIdgWTZGogj (.rodata.str1.3816795297376672016.1)
                  000035e4    00000004     TIdgWTZGogj (.rodata.str1.4494781884693379577.1)
                  000035e8    00000004     TIdgWTZGogj (.rodata.str1.745871823615315831.1)
                  000035ec    00000004     TIdgWTZGogj (.rodata.str1.78922254341897754.1)
                  000035f0    00000004     TIdgWTZGogj (.rodata.str1.797248911939312427.1)
                  000035f4    00000004     ti_sysbios_config.o (.rodata.ti_sysbios_family_arm_m3_Hwi_swiTaskKeyAddress)

.cinit     0    00054c08    000003c8     
                  00054c08    00000361     (.cinit..data.load) [load image, compression = lzss]
                  00054f69    00000003     --HOLE-- [fill = 0]
                  00054f6c    0000000c     (__TI_handler_table)
                  00054f78    00000008     (.cinit..TI.bound:dmaUart0RxControlTableEntry.load) [load image, compression = zero_init]
                  00054f80    00000008     (.cinit..TI.bound:dmaUart0TxControlTableEntry.load) [load image, compression = zero_init]
                  00054f88    00000008     (.cinit..bss.1.load) [load image, compression = zero_init]
                  00054f90    00000008     (.cinit..bss.2.load) [load image, compression = zero_init]
                  00054f98    00000008     (.cinit..ramVecs.load) [load image, compression = zero_init]
                  00054fa0    00000030     (__TI_cinit_table)

.init_array 
*          0    00000000    00000000     UNINITIALIZED

.TI.bound:flashBuf0 
*          0    000a8000    00004000     UNINITIALIZED
                  000a8000    00004000     TIdgWTZGogj (.TI.bound:flashBuf0)

.ccfg      0    000affa8    00000058     
                  000affa8    00000058     ti_devices_config.o (.ccfg)

.data      0    2001c100    00001592     UNINITIALIZED
                  2001c100    00000258     maclib_secure_cc13x2x7_tirtos7.a : mac_rx.c.o (.data.mac_eui_filter_list)
                  2001c358    00000174     drivers_cc13x2x7.a : PowerCC26X2.c.obj (.data.PowerCC26X2_module)
                  2001c4cc    000000b0     TIdgWTZGogj (.data.fhss_timeout)
                  2001c57c    000000a0     mac_cfg.o (.data.macMRFSKGenPhyTable)
                  2001c61c    0000007f     TIdgWTZGogj (.data..L_MergedGlobals.3580)
                  2001c69b    00000001     ws_common.o (.data.DEVICE_MIN_SENS)
                  2001c69c    00000004     TIdgWTZGogj (.data.PowerCC26X2_rtcSubSecInc)
                  2001c6a0    0000007e     TIdgWTZGogj (.data..L_MergedGlobals.3581)
                  2001c71e    00000001     rf_multiMode_cc13x2.a : rf_patch_cpe_prop.c.cc13x2.ticlang.o (.data.bPropPatchEntered)
                  2001c71f    00000001     TIdgWTZGogj (.data.isInitialized.438)
                  2001c720    0000007e     TIdgWTZGogj (.data..L_MergedGlobals)
                  2001c79e    00000001     TIdgWTZGogj (.data.isInitialized)
                  2001c79f    00000001     TIdgWTZGogj (.data.kmp_instance_identifier)
                  2001c7a0    0000007c     TIdgWTZGogj (.data..L_MergedGlobals.3570)
                  2001c81c    0000007c     TIdgWTZGogj (.data..L_MergedGlobals.3571)
                  2001c898    0000007c     TIdgWTZGogj (.data..L_MergedGlobals.3582)
                  2001c914    0000007c     TIdgWTZGogj (.data..L_MergedGlobals.3583)
                  2001c990    0000007c     TIdgWTZGogj (.data..L_MergedGlobals.3585)
                  2001ca0c    0000007c     TIdgWTZGogj (.data..L_MergedGlobals.3587)
                  2001ca88    0000007c     TIdgWTZGogj (.data..L_MergedGlobals.3591)
                  2001cb04    0000007c     application.o (.data.cfg_props)
                  2001cb80    0000007c     ti_drivers_config.o (.data.gpioPinConfigs)
                  2001cbfc    00000004     rf_multiMode_cc13x2.a : RFCC26X2_multiMode.c.cc13x2.ticlang.o (.data.RF_fsmActiveState.lfClockSourceLast)
                  2001cc00    00000078     TIdgWTZGogj (.data..L_MergedGlobals.3572)
                  2001cc78    00000078     TIdgWTZGogj (.data..L_MergedGlobals.3573)
                  2001ccf0    00000078     TIdgWTZGogj (.data..L_MergedGlobals.3575)
                  2001cd68    00000078     TIdgWTZGogj (.data..L_MergedGlobals.3577)
                  2001cde0    00000078     TIdgWTZGogj (.data..L_MergedGlobals.3584)
                  2001ce58    00000078     TIdgWTZGogj (.data..L_MergedGlobals.3586)
                  2001ced0    00000078     TIdgWTZGogj (.data..L_MergedGlobals.3590)
                  2001cf48    00000072     TIdgWTZGogj (.data..L_MergedGlobals.3574)
                  2001cfba    00000001     borderrouter_ws.o (.data.nbr_idx)
                  2001cfbb    00000001     rpl_control.o (.data.rpl_better_parent_count)
                  2001cfbc    00000070     TIdgWTZGogj (.data..L_MergedGlobals.3588)
                  2001d02c    00000070     TIdgWTZGogj (.data..L_MergedGlobals.3589)
                  2001d09c    00000070     TIdgWTZGogj (.data..L_MergedGlobals.3594)
                  2001d10c    0000006c     TIdgWTZGogj (.data..L_MergedGlobals.3578)
                  2001d178    0000006c     maclib_secure_cc13x2x7_tirtos7.a : hmac_global.c.o (.data.fhObject)
                  2001d1e4    00000068     rf_multiMode_cc13x2.a : RFCC26X2_multiMode.c.cc13x2.ticlang.o (.data..L_MergedGlobals.1)
                  2001d24c    00000068     TIdgWTZGogj (.data..L_MergedGlobals.3576)
                  2001d2b4    00000004     TIdgWTZGogj (.data.ecp_mpi_set1.one)
                  2001d2b8    00000068     TIdgWTZGogj (.data..L_MergedGlobals.3579)
                  2001d320    00000068     ti_sysbios_config.o (.data.ti_sysbios_knl_Clock_Module_state)
                  2001d388    00000064     rf_multiMode_cc13x2.a : RFCC26X2_multiMode.c.cc13x2.ticlang.o (.data..L_MergedGlobals.3)
                  2001d3ec    00000064     ti_radio_config.o (.data.txPowerTable_868_pa13)
                  2001d450    00000060     TIdgWTZGogj (.data..L_MergedGlobals.3592)
                  2001d4b0    00000060     TIdgWTZGogj (.data..L_MergedGlobals.3593)
                  2001d510    0000005c     main.o (.data.Main_user1Cfg)
                  2001d56c    00000058     rf_multiMode_cc13x2.a : RFCC26X2_multiMode.c.cc13x2.ticlang.o (.data..L_MergedGlobals.2)
                  2001d5c4    00000058     ti_radio_config.o (.data.pOverrides_2gfsk50kbps154g)
                  2001d61c    00000010     driverlib.lib : osc.c.obj (.data._hposcCoeffs)
                  2001d62c    00000008     rf_multiMode_cc13x2.a : RFCC26X2_multiMode.c.cc13x2.ticlang.o (.data..L_MergedGlobals)
                  2001d634    00000008                           : RFCC26X2_multiMode.c.cc13x2.ticlang.o (.data.RFCC26XX_schedulerPolicy)
                  2001d63c    00000008     TIdgWTZGogj (.data.addr_notifications)
                  2001d644    00000008     TIdgWTZGogj (.data.dhcpv6_client_nonTemporal_list)
                  2001d64c    00000008     TIdgWTZGogj (.data.eapol_relay_list)
                  2001d654    00000008     TIdgWTZGogj (.data.kmp_service_list)
                  2001d65c    00000008     ti_sysbios_config.o (.data.ti_sysbios_gates_GateMutexPri_Module_state)
                  2001d664    00000008     ti_sysbios_config.o (.data.ti_sysbios_heaps_HeapCallback_Module_state)
                  2001d66c    00000008     ti_sysbios_config.o (.data.ti_sysbios_knl_Semaphore_Module_state)
                  2001d674    00000004     ws_pae_supp.o (.data.global_pae_supp)
                  2001d678    00000004     TIdgWTZGogj (.data.owner_count)
                  2001d67c    00000004     TIdgWTZGogj (.data.pae_controller_config.0)
                  2001d680    00000004     TIdgWTZGogj (.data.shared_data)
                  2001d684    00000004     maclib_secure_cc13x2x7_tirtos7.a : hmac_global.c.o (.data.ti154stack_lib_date)
                  2001d688    00000004                                      : hmac_global.c.o (.data.ti154stack_lib_time)
                  2001d68c    00000004                                      : hmac_global.c.o (.data.ti154stack_lib_version)
                  2001d690    00000001     TIdgWTZGogj (.data.timer_initialized)
                  2001d691    00000001     maclib_secure_cc13x2x7_tirtos7.a : fh_mgr.c.o (.data.uc_toggle)

.ramVecs   0    2001d700    000000d8     UNINITIALIZED
                  2001d700    000000d8     ti_sysbios_config.o (.ramVecs)

.sysmem    0    2001d7d8    00000000     UNINITIALIZED

.nonretenvar 
*          0    2001d7d8    00000000     UNINITIALIZED

.stack     0    200239c0    00000640     UNINITIALIZED
                  200239c0    00000004     sysbios.a : boot_cortex_m.c.obj (.stack)
                  200239c4    0000063c     --HOLE--

__llvm_prf_cnts 
*          0    20000000    00000000     UNINITIALIZED

__llvm_prf_bits 
*          0    20000000    00000000     UNINITIALIZED

.TI.bound:dmaUart0RxControlTableEntry 
*          0    20001810    00000010     UNINITIALIZED
                  20001810    00000010     TIdgWTZGogj (.TI.bound:dmaUart0RxControlTableEntry)

.TI.bound:dmaUart0TxControlTableEntry 
*          0    20001820    00000010     UNINITIALIZED
                  20001820    00000010     TIdgWTZGogj (.TI.bound:dmaUart0TxControlTableEntry)

.log_data 
*          0    00054c00    00000008     
                  00054c00    00000004     ti_sysbios_config.o (.log_data)
                  00054c04    00000004     ti_sysbios_config.o (.log_data)

.args      0    000035f8    00000008     
                  000035f8    00000008     --HOLE-- [fill = 0]

.text.1    0    00003600    00051600     
                  00003600    00002a80     protocol_core.o (.text.core_timer_event_handle)
                  00006080    00002514     icmpv6.o (.text.icmpv6_up)
                  00008594    000021e0     protocol_6lowpan.o (.text.protocol_6lowpan_stack)
                  0000a774    00001254     TIdgWTZGogj (.text.ws_bootstrap_event_handler)
                  0000b9c8    00000fd8     ssl_msg.o (.text.mbedtls_ssl_read_record)
                  0000c9a0    00000f74     TIdgWTZGogj (.text.mbedtls_internal_sha1_process)
                  0000d914    00000e08     TIdgWTZGogj (.text.borderrouter_tasklet)
                  0000e71c    000009e8     application.o (.text.ncp_tasklet)
                  0000f104    0000097c     protocol_core.o (.text.protocol_root_tasklet)
                  0000fa80    0000090c     x509_crt.o (.text.mbedtls_x509_crt_parse_der)
                  0001038c    00000004     ti_sysbios_config.o (.text.ClockP_getSystemTickPeriod)
                  00010390    000007f4     TIdgWTZGogj (.text:__TI_printfi)
                  00010b84    000007bc     TIdgWTZGogj (.text.macTaskFxn)
                  00011340    000007b8     maclib_secure_cc13x2x7_tirtos7.a : mac.c.o (.text.macRxCb)
                  00011af8    0000076c     TIdgWTZGogj (.text.ws_bootstrap_asynch_ind)
                  00012264    00000764     TIdgWTZGogj (.text.mbedtls_ecp_mul_restartable)
                  000129c8    00000744     borderrouter_ws.o (.text.nanostack_net_if_up)
                  0001310c    00000740     TIdgWTZGogj (.text.rxPayloadIsr)
                  0001384c    00000704     ssl_tls.o (.text.mbedtls_ssl_parse_certificate)
                  00013f50    000006d4     TIdgWTZGogj (.text.mbedtls_internal_sha256_process)
                  00014624    000006b4     TIdgWTZGogj (.text.mbedtls_internal_md5_process)
                  00014cd8    00000688     libc.a : args_main.c.obj (.text._args_main)
                  00015360    00000634     TIdgWTZGogj (.text.ws_llc_mac_indication_cb)
                  00015994    00000618     TIdgWTZGogj (.text.tls_sec_prot_tls_configure_and_connect)
                  00015fac    000005d8     mle_service.o (.text.mle_service_send_message)
                  00016584    00000588     api_mac.o (.text.timac_tasklet_event_handler)
                  00016b0c    0000056c     TIdgWTZGogj (.text.lowpan_adaptation_interface_tx)
                  00017078    0000056c     TIdgWTZGogj (.text.ws_bootstrap_up)
                  000175e4    0000053c     maclib_secure_cc13x2x7_tirtos7.a : fh_ie_patch.c.o (.text.FHIE_gen)
                  00017b20    00000510     ns_socket.o (.text.socket_buffer_sendmsg)
                  00018030    000004dc     ssl_msg.o (.text.mbedtls_ssl_write_record)
                  0001850c    00000490     rf_multiMode_cc13x2.a : RFCC26X2_multiMode.c.cc13x2.ticlang.o (.text.RF_fsmActiveState)
                  0001899c    00000422     TIdgWTZGogj (.text.ecp_mod_p256)
                  00018dbe    00000002     ti_sysbios_config.o (.text.BIOS_nullFunc)
                  00018dc0    000003f4     x509_crl.o (.text.mbedtls_x509_crl_parse_der)
                  000191b4    000003f0     ws_cfg_settings.o (.text.ws_cfg_network_size_set)
                  000195a4    000003c8     rpl_upward.o (.text.rpl_instance_dio_trigger)
                  0001996c    00000004     ti_sysbios_config.o (.text.ClockP_getTimeout)
                  00019970    00000398     TIdgWTZGogj (.text._pconv_a)
                  00019d08    00000394     TIdgWTZGogj (.text.ws_pae_auth_kmp_incoming_ind)
                  0001a09c    00000390     DHCPv6_Server_service.o (.text.DHCPv6_server_respond_client)
                  0001a42c    00000390     maclib_secure_cc13x2x7_tirtos7.a : mac_hl_patch.c.o (.text.macBuildHeader)
                  0001a7bc    0000037c     ssl_tls.o (.text.mbedtls_ssl_derive_keys)
                  0001ab38    00000368     TIdgWTZGogj (.text.ws_llc_mac_confirm_cb)
                  0001aea0    00000368     TIdgWTZGogj (.text.ws_llc_mpx_data_request)
                  0001b208    00000358     TIdgWTZGogj (.text.radius_client_sec_prot_allocate_and_create_radius_message)
                  0001b560    00000354     bignum.o (.text.mbedtls_mpi_inv_mod)
                  0001b8b4    0000033c     TIdgWTZGogj (.text.rpl_mrhof_parent_selection)
                  0001bbf0    00000338     maclib_secure_cc13x2x7_tirtos7.a : fh_api.c.o (.text.FHAPI_completeRxCb)
                  0001bf28    00000334     TIdgWTZGogj (.text.txCsmaGo)
                  0001c25c    0000032c     TIdgWTZGogj (.text.mlme_req)
                  0001c588    00000328     bignum.o (.text.mbedtls_mpi_mod_mpi)
                  0001c8b0    00000324     maclib_secure_cc13x2x7_tirtos7.a : fh_ie.c.o (.text.FHIE_parsePie)
                  0001cbd4    0000031c     mpl.o (.text.mpl_forwarder_process_message)
                  0001cef0    00000308     TIdgWTZGogj (.text.lowpan_nd_address_cb)
                  0001d1f8    00000308     TIdgWTZGogj (.text.ws_bootstrap_down)
                  0001d500    000002f8     dhcpv6_client_service.o (.text.dhcp_solicit_resp_cb)
                  0001d7f8    000002f4     TIdgWTZGogj (.text.macBuildCommonReq)
                  0001daec    000002ec     TIdgWTZGogj (.text.NVOCMP_initNvApi)
                  0001ddd8    000002ec     ti_sysbios_config.o (.text.ti_sysbios_runtime_System_doPrint)
                  0001e0c4    000002e8     TIdgWTZGogj (.text.ws_pae_key_storage_supp_write)
                  0001e3ac    000002e0     TIdgWTZGogj (.text.lowpan_adaptation_interface_tx_confirm)
                  0001e68c    000002dc     ncp_uart.o (.text._ZN2ot3Ncp7NcpUart11HandleFrameEPv7otError)
                  0001e968    00000018     ti_sysbios_config.o (.text.BIOS_rtsUnlock)
                  0001e980    000002dc     libc.a : strcmp_t2.S.obj (.text:strcmp)
                  0001ec5c    000002cc     maclib_secure_cc13x2x7_tirtos7.a : mac_hl_patch.c.o (.text.MAC_McpsDataReq)
                  0001ef28    000002c4     TIdgWTZGogj (.text.rpl_of0_parent_selection)
                  0001f1ec    000002c0     TIdgWTZGogj (.text.mpl_fast_timer2)
                  0001f4ac    000002a8     rf_multiMode_cc13x2.a : RFCC26X2_multiMode.c.cc13x2.ticlang.o (.text.RF_open)
                  0001f754    000002a0     maclib_secure_cc13x2x7_tirtos7.a : fh_api.c.o (.text.FHAPI_getTxParams_old)
                  0001f9f4    00000290     TIdgWTZGogj (.text.chachapoly_crypt_and_tag)
                  0001fc84    00000290     TIdgWTZGogj (.text.radius_client_sec_prot_receive)
                  0001ff14    0000028c     TIdgWTZGogj (.text.NVOCMP_compactPage)
                  000201a0    0000027a     TIdgWTZGogj (.text.compress_ipv6)
                  0002041a    00000002     ti_drivers_config.o (.text.Board_initHook)
                  0002041c    00000278     TIdgWTZGogj (.text.rpl_data_exthdr_provider_srh)
                  00020694    00000272     bignum.o (.text.mbedtls_mpi_mul_mpi)
                  00020906    00000002     maclib_secure_cc13x2x7_tirtos7.a : fh_util.c.o (.text.FHUTIL_noAction)
                  00020908    0000026c     TIdgWTZGogj (.text.mcps_req_ext)
                  00020b74    0000026c     TIdgWTZGogj (.text.rpl_data_exthdr_provider_hbh_2)
                  00020de0    00000268     TIdgWTZGogj (.text.MAC_MlmeResetReq)
                  00021048    00000268     TIdgWTZGogj (.text.ccm_auth_crypt)
                  000212b0    00000268     TIdgWTZGogj (.text.nist_aes_key_wrap)
                  00021518    00000260     TIdgWTZGogj (.text.compress_addr)
                  00021778    00000252     TIdgWTZGogj (.text.compress_nh)
                  000219ca    00000002     rf_multiMode_cc13x2.a : rfc.c.cc13x2.ticlang.o (.text.NOROM_RFCCpePatchReset)
                  000219cc    0000024c     TIdgWTZGogj (.text.ecdsa_verify_wrap)
                  00021c18    0000024c     TIdgWTZGogj (.text.mbedtls_pem_read_buffer)
                  00021e64    00000248     TIdgWTZGogj (.text.ecp_double_jac)
                  000220ac    00000248     TIdgWTZGogj (.text.ipv6_consider_forwarding_unicast_packet)
                  000222f4    0000023e     TIdgWTZGogj (.text.radius_eap_tls_sec_prot_state_machine)
                  00022532    00000002     rf_multiMode_cc13x2.a : RFCC26X2_multiMode.c.cc13x2.ticlang.o (.text.RF_defaultCallback)
                  00022534    0000023c     ipv6.o (.text.ipv6_buffer_route_to)
                  00022770    0000023c     TIdgWTZGogj (.text.mbedtls_ecdsa_write_signature)
                  000229ac    00000004     ti_sysbios_config.o (.text.ClockP_isActive)
                  000229b0    00000238     TIdgWTZGogj (.text._pconv_g)
                  00022be8    00000234     TIdgWTZGogj (.text.ecp_add_mixed)
                  00022e1c    00000234     dhcp_service_api.o (.text.recv_dhcp_relay_msg)
                  00023050    00000234     rpl_downward.o (.text.rpl_downward_compute_paths)
                  00023284    00000230     TIdgWTZGogj (.text.ws_bootstrap_dhcp_info_notify_cb)
                  000234b4    00000224     TIdgWTZGogj (.text.auth_eap_tls_sec_prot_state_machine)
                  000236d8    00000220     TIdgWTZGogj (.text.ws_bootstrap_neighbor_info_request)
                  000238f8    00000214     maclib_secure_cc13x2x7_tirtos7.a : mac_rx_onoff.c.o (.text.macRxOn)
                  00023b0c    00000214     ws_neighbor_class.o (.text.ws_neighbor_class_neighbor_unicast_schedule_set)
                  00023d20    00000210     maclib_secure_cc13x2x7_tirtos7.a : mac_pib.c.o (.text.MAC_MlmeSetReq)
                  00023f30    00000210     TIdgWTZGogj (.text.icmpv6_slaac_address_add)
                  00024140    00000210     TIdgWTZGogj (.text.mbedtls_ctr_drbg_reseed_internal)
                  00024350    00000210     TIdgWTZGogj (.text.ws_neighbor_entry_nud_notify)
                  00024560    0000020c     TIdgWTZGogj (.text.UART2CC26X2_hwiIntFxn)
                  0002476c    0000020c     TIdgWTZGogj (.text.ws_rpl_new_parent_callback)
                  00024978    00000208     drivers_cc13x2x7.a : PowerCC26X2_calibrateRCOSC.c.obj (.text.PowerCC26X2_auxISR)
                  00024b80    00000204     TIdgWTZGogj (.text.lowpan_data_request_to_mac)
                  00024d84    00000204     TIdgWTZGogj (.text.protocol_6lowpan_mle_neigh_advertise)
                  00024f88    00000200     libc.a : _printfi.c.obj (.text:__TI_printfi)
                  00025188    000001fc     TIdgWTZGogj (.text.AESCBC_startOperation)
                  00025384    000001f8     TIdgWTZGogj (.text.UART2_readTimeout)
                  0002557c    000001f8     icmpv6.o (.text.icmpv6_error)
                  00025774    000001f8     TIdgWTZGogj (.text.supp_eap_tls_sec_prot_state_machine)
                  0002596c    000001f6     TIdgWTZGogj (.text.mbedtls_gcm_crypt_and_tag)
                  00025b62    00000002     TIdgWTZGogj (.text.UART2CC26X2_eventCallback)
                  00025b64    000001f4     maclib_secure_cc13x2x7_tirtos7.a : fh_api.c.o (.text.FHAPI_start)
                  00025d58    000001f4     TIdgWTZGogj (.text.supp_fwh_sec_prot_state_machine)
                  00025f4c    000001f0     ipv6_routing_table.o (.text.ipv6_route_choose_next_hop)
                  0002613c    000001f0     ws_pae_auth.o (.text.ws_pae_auth_slow_timer)
                  0002632c    000001ec     TIdgWTZGogj (.text.TRNGCC26XX_hwiFxn)
                  00026518    000001ec     maclib_secure_cc13x2x7_tirtos7.a : mac_hl_patch.c.o (.text.macApiDataReq)
                  00026704    000001e8     rf_multiMode_cc13x2.a : RFCC26X2_multiMode.c.cc13x2.ticlang.o (.text.RF_scheduleCmd)
                  000268ec    000001e0     TIdgWTZGogj (.text.FHIE_parseCommonInformation)
                  00026acc    000001e0     TIdgWTZGogj (.text.NVOCMP_addItem)
                  00026cac    000001e0     entropy.o (.text.mbedtls_entropy_func)
                  00026e8c    000001dc     rf_multiMode_cc13x2.a : RFCC26X2_multiMode.c.cc13x2.ticlang.o (.text.RF_dispatchNextCmd)
                  00027068    000001dc     maclib_secure_cc13x2x7_tirtos7.a : mac_radio_tx.c.o (.text.macRadioCsmaTxCb)
                  00027244    000001dc     TIdgWTZGogj (.text.radius_client_sec_prot_state_machine)
                  00027420    000001d6     iphc_decompress.o (.text.iphc_header_scan)
                  000275f6    00000002     libclang_rt.builtins.a : aeabi_div0.c.obj (.text.__aeabi_ldiv0)
                  000275f8    000001d4     TIdgWTZGogj (.text.mpl_exthdr_provider)
                  000277cc    000001d4     TIdgWTZGogj (.text.txCsmaPrep)
                  000279a0    000001cc     maclib_secure_cc13x2x7_tirtos7.a : fh_ie_patch.c.o (.text.FHIE_extractPie)
                  00027b6c    000001cc     icmpv6.o (.text.icmpv6_build_na)
                  00027d38    000001ca     socket_api.o (.text.socket_recvmsg)
                  00027f02    00000002     libc.a : _lock.c.obj (.text._nop)
                  00027f04    000001c8     TIdgWTZGogj (.text.AESECB_startOperation)
                  000280cc    000001c0     TIdgWTZGogj (.text.ws_pae_controller_nw_info_read)
                  0002828c    000001b8     dhcp_service_api.o (.text.dhcp_service_init)
                  00028444    000001b8     maclib_secure_cc13x2x7_tirtos7.a : mac_radio.c.o (.text.macRadioInit)
                  000285fc    000001b8     TIdgWTZGogj (.text.ns_mem_internal_alloc)
                  000287b4    000001b8     TIdgWTZGogj (.text.supp_key_sec_prot_state_machine)
                  0002896c    000001b6     libclang_rt.builtins.a : adddf3.S.obj (.text.adddf3_subdf3)
                  00028b22    00000002     TIdgWTZGogj (.text.auth_fwh_sec_prot_delete)
                  00028b24    000001b4     ncp_base_mtd.o (.text._ZN2ot3Ncp7NcpBase17HandlePropertySetILj5547EEE7otErrorv)
                  00028cd8    000001b4     ws_pae_supp.o (.text.ws_pae_supp_slow_timer)
                  00028e8c    000001b0     TIdgWTZGogj (.text.ipv6_consider_forwarding_multicast_packet)
                  0002903c    000001b0     TIdgWTZGogj (.text.ws_pae_auth_next_kmp_trigger)
                  000291ec    000001ac     TIdgWTZGogj (.text.ecp_normalize_jac_many)
                  00029398    000001ac     TIdgWTZGogj (.text.socket_setsockopt)
                  00029544    000001a8     TIdgWTZGogj (.text.ns_sw_mac_initialize)
                  000296ec    000001a4     ncp_base_mtd.o (.text.nanostack_process_stream_net_from_stack)
                  00029890    000001a0     maclib_secure_cc13x2x7_tirtos7.a : fh_ie_patch.c.o (.text.FHAPI_sendData)
                  00029a30    000001a0                                      : fh_pib.c.o (.text.FHPIB_set)
                  00029bd0    000001a0     ncp_base_mtd.o (.text._ZN2ot3Ncp7NcpBase17HandlePropertyGetILj102EEE7otErrorv)
                  00029d70    000001a0     ipv6_routing_table.o (.text.ipv6_route_add_metric)
                  00029f10    0000019c     driverlib.lib : setup.c.obj (.text.NOROM_SetupTrimDevice)
                  0002a0ac    0000019c     TIdgWTZGogj (.text.macBuildPayloadIes)
                  0002a248    0000019c     ssl_msg.o (.text.mbedtls_ssl_flight_transmit)
                  0002a3e4    00000004     ti_sysbios_config.o (.text.ClockP_setTimeout)
                  0002a3e8    00000198     TIdgWTZGogj (.text.fcvt)
                  0002a580    00000198     cipher.o (.text.mbedtls_cipher_update)
                  0002a718    00000198     x509.o (.text.mbedtls_x509_get_time)
                  0002a8b0    00000198     rpl_downward.o (.text.rpl_instance_dao_acked)
                  0002aa48    00000194     TIdgWTZGogj (.text.auth_fwh_sec_prot_state_machine)
                  0002abdc    00000190     ssl_msg.o (.text.mbedtls_ssl_fetch_input)
                  0002ad6c    0000018c     icmpv6.o (.text.icmpv6_build_ns)
                  0002aef8    0000018c     ecp.o (.text.mbedtls_ecp_gen_privkey)
                  0002b084    00000188     drivers_cc13x2x7.a : PowerCC26X2.c.obj (.text.Power_sleep)
                  0002b20c    00000188     tls_sec_prot_lib.o (.text.tls_sec_prot_lib_free)
                  0002b394    00000188     TIdgWTZGogj (.text.ws_dhcp_client_address_request)
                  0002b51c    00000188     TIdgWTZGogj (.text.ws_neighbor_entry_remove_notify)
                  0002b6a4    00000184     TIdgWTZGogj (.text.decompress_addr)
                  0002b828    00000184     dhcpv6_client_service.o (.text.dhcpv6_renew)
                  0002b9ac    00000184     TIdgWTZGogj (.text.ipv6_handle_options)
                  0002bb30    00000184     ssl_msg.o (.text.mbedtls_ssl_write_handshake_msg)
                  0002bcb4    00000180     TIdgWTZGogj (.text.decompress_ipv6)
                  0002be34    00000180     TIdgWTZGogj (.text.pk_parse_key_sec1_der)
                  0002bfb4    00000180     TIdgWTZGogj (.text.ws_common_regulatory_domain_config)
                  0002c134    00000180     TIdgWTZGogj (.text.ws_pae_key_storage_store)
                  0002c2b4    0000017c     TIdgWTZGogj (.text.AESCCM_startOperation)
                  0002c430    00000178     TIdgWTZGogj (.text._pconv_e)
                  0002c5a8    00000178     nsdynmemLIB.o (.text.ns_dyn_mem_free)
                  0002c720    00000174     kmp_socket_if.o (.text.kmp_socket_if_register)
                  0002c894    00000174     mac_user_config.o (.text.rfSelect)
                  0002ca08    00000174     TIdgWTZGogj (.text.ws_pae_controller_nw_key_check_and_insert)
                  0002cb7c    00000172     TIdgWTZGogj (.text.poly1305_process)
                  0002ccee    00000002     TIdgWTZGogj (.text.auth_gkh_sec_prot_delete)
                  0002ccf0    0000016c     ns_address_internal.o (.text.addr_select_source)
                  0002ce5c    0000016c     TIdgWTZGogj (.text.ws_bootstrap_rpl_callback)
                  0002cfc8    00000168     ecp_curves.o (.text.mbedtls_ecp_group_load)
                  0002d130    00000168     TIdgWTZGogj (.text.ws_bbr_dhcp_server_dns_info_update)
                  0002d298    00000168     TIdgWTZGogj (.text.ws_bootstrap_set_domain_rf_config)
                  0002d400    00000164     TIdgWTZGogj (.text.auth_fwh_sec_prot_message_send)
                  0002d564    00000164     base64.o (.text.mbedtls_base64_decode)
                  0002d6c8    00000164     TIdgWTZGogj (.text.ws_pae_controller_configure)
                  0002d82c    00000162     TIdgWTZGogj (.text.ws_llc_mpx_eapol_send)
                  0002d98e    00000160     TIdgWTZGogj (.text.ccm_calc_auth_MIC)
                  0002daee    00000002     beacon_handler.o (.text.beacon_received)
                  0002daf0    00000160     cipher.o (.text.mbedtls_cipher_crypt)
                  0002dc50    00000156     protocol_6lowpan_bootstrap.o (.text.protocol_6lowpan_mac_scan_confirm)
                  0002dda6    00000002     TIdgWTZGogj (.text.emptyClockFunc)
                  0002dda8    00000154     maclib_secure_cc13x2x7_tirtos7.a : fh_ie_patch.c.o (.text.FHAPI_completeTxCb)
                  0002defc    00000154                                      : fh_ie.c.o (.text.FHIE_getLen)
                  0002e050    00000154     TIdgWTZGogj (.text.ws_pae_controller_frame_counter_read)
                  0002e1a4    00000150     dhcp_service_api.o (.text.dhcp_service_send_message)
                  0002e2f4    00000150     maclib_secure_cc13x2x7_tirtos7.a : mac_data.c.o (.text.macTxCompleteCallback)
                  0002e444    00000150     TIdgWTZGogj (.text.mpl_domain_create)
                  0002e594    0000014c     rf_multiMode_cc13x2.a : RFCC26X2_multiMode.c.cc13x2.ticlang.o (.text.RF_radioOpDoneCb)
                  0002e6e0    0000014c     TIdgWTZGogj (.text.chacha20_block)
                  0002e82c    0000014a     TIdgWTZGogj (.text.ws_fhss_configure_channel_masks)
                  0002e976    00000002     TIdgWTZGogj (.text.errorSpin)
                  0002e978    00000148     mle_service.o (.text.mle_service_msg_allocate)
                  0002eac0    0000013c     ecp.o (.text.mbedtls_ecp_check_pubkey)
                  0002ebfc    00000004     ti_sysbios_config.o (.text.ClockP_start)
                  0002ec00    0000013c     ti_sysbios_config.o (.text.ti_sysbios_runtime_System_printfExtend)
                  0002ed3c    00000138     rf_multiMode_cc13x2.a : RFCC26X2_multiMode.c.cc13x2.ticlang.o (.text.RF_abortCmd)
                  0002ee74    00000138     TIdgWTZGogj (.text.ns_sha256_process)
                  0002efac    00000138     TIdgWTZGogj (.text.ssl_handshake_init)
                  0002f0e4    00000138     TIdgWTZGogj (.text.tls_prf_sha256)
                  0002f21c    00000136     libclang_rt.builtins.a : divdf3.S.obj (.text.__divdf3)
                  0002f352    00000002     TIdgWTZGogj (.text.key_sec_prot_delete)
                  0002f354    00000134     TIdgWTZGogj (.text.NVOCMP_findItem)
                  0002f488    00000134     drivers_cc13x2x7.a : NVSCC26XX.c.obj (.text.NVSCC26XX_write)
                  0002f5bc    00000134                        : PowerCC26X2_calibrateRCOSC.c.obj (.text.PowerCC26X2_calibrate)
                  0002f6f0    00000134     rf_multiMode_cc13x2.a : RFCC26X2_multiMode.c.cc13x2.ticlang.o (.text.RF_ratSetupChannel)
                  0002f824    00000134     TIdgWTZGogj (.text.icmpv6_aro_cb)
                  0002f958    00000134     maclib_secure_cc13x2x7_tirtos7.a : mac_radio_tx.c.o (.text.macRadioTxRequestTxAck)
                  0002fa8c    00000134     ecp.o (.text.mbedtls_ecp_point_read_binary)
                  0002fbc0    00000134     TIdgWTZGogj (.text.ws_bbr_dhcp_server_stop)
                  0002fcf4    00000134     ws_cfg_settings.o (.text.ws_cfg_bbr_set)
                  0002fe28    00000132     ws_ie_lib.o (.text.ws_wp_nested_us_read)
                  0002ff5a    00000002     maclib_secure_cc13x2x7_tirtos7.a : mac_mgmt.c.o (.text.macNoAction)
                  0002ff5c    0000012c                                      : mac_security_pib.c.o (.text.MAC_MlmeSetSecurityReq)
                  00030088    0000012c     rf_multiMode_cc13x2.a : RFCC26X2_multiMode.c.cc13x2.ticlang.o (.text.RF_close)
                  000301b4    0000012c     drivers_cc13x2x7.a : TRNGCC26XX.c.obj (.text.TRNG_generateEntropy)
                  000302e0    0000012c     TIdgWTZGogj (.text.macDutyCycleTimerCB)
                  0003040c    00000128     TIdgWTZGogj (.text.etx_calculation)
                  00030534    00000128     TIdgWTZGogj (.text.gcm_aes_setkey_wrap)
                  0003065c    00000128     TIdgWTZGogj (.text.gcm_mult)
                  00030784    00000128     ti_sysbios_config.o (.text.ti_sysbios_family_arm_cc26xx_Timer_construct)
                  000308ac    00000124     rf_multiMode_cc13x2.a : RFCC26X2_multiMode.c.cc13x2.ticlang.o (.text.RF_fsmSetupState)
                  000309d0    00000124     TIdgWTZGogj (.text.radius_client_sec_prot_ms_mppe_recv_key_pmk_decrypt)
                  00030af4    00000124     TIdgWTZGogj (.text.ws_bootstrap_address_notification_cb)
                  00030c18    00000120     TIdgWTZGogj (.text.nd_update_registration)
                  00030d38    00000120     dhcp_service_api.o (.text.recv_dhcp_server_msg)
                  00030e58    0000011e     eap_tls_sec_prot_lib.o (.text.eap_tls_sec_prot_lib_message_handle)
                  00030f76    00000002     TIdgWTZGogj (.text.mesh_system_heap_error_handler)
                  00030f78    0000011c     TIdgWTZGogj (.text.UART2CC26X2_initHw)
                  00031094    0000011c     TIdgWTZGogj (.text.socket_open)
                  000311b0    0000011c     sysbios.a : Hwi_asm_gcc.s.obj (.text.ti_sysbios_family_arm_m3_Hwi_dispatch)
                  000312cc    00000118     rf_multiMode_cc13x2.a : RFCC26X2_multiMode.c.cc13x2.ticlang.o (.text.RF_decodeOverridePointers)
                  000313e4    00000118     TIdgWTZGogj (.text.lowpan_adaptation_mpx_data_indication)
                  000314fc    00000118     x509.o (.text.mbedtls_x509_get_name)
                  00031614    00000118     TIdgWTZGogj (.text.rpl_control_print)
                  0003172c    00000118     TIdgWTZGogj (.text.ws_generate_channel_list)
                  00031844    00000114     TIdgWTZGogj (.text.mbedtls_chacha20_update)
                  00031958    00000110     protocol_stats.o (.text.protocol_stats_update)
                  00031a68    00000110     rpl_upward.o (.text.rpl_dodag_update_config)
                  00031b78    0000010e     DHCPv6_Server_service.o (.text.DHCPV6_server_service_request_handler)
                  00031c86    00000002     ti_drivers_config.o (.text.rfDriverCallback)
                  00031c88    0000010c     x509_crt.o (.text.mbedtls_x509_parse_subject_alt_name)
                  00031d94    0000010c     TIdgWTZGogj (.text.mle_router_synch)
                  00031ea0    0000010c     TIdgWTZGogj (.text.ws_pae_controller_nvm_nw_info_write)
                  00031fac    00000108     rf_multiMode_cc13x2.a : RFCC26X2_multiMode.c.cc13x2.ticlang.o (.text.RF_fsmPowerUpState)
                  000320b4    00000108     maclib_secure_cc13x2x7_tirtos7.a : mac_hl_patch.c.o (.text.macApiStartReq)
                  000321bc    00000108                                      : mac_hl_patch.c.o (.text.macCcmStarTransform)
                  000322c4    00000108     ecp.o (.text.mbedtls_ecp_tls_write_point)
                  000323cc    00000108     TIdgWTZGogj (.text.ws_eapol_auth_relay_socket_cb)
                  000324d4    00000104     ncp_base_mtd.o (.text._ZN2ot3Ncp7NcpBase17HandlePropertyGetILj96EEE7otErrorv)
                  000325d8    00000104     eapol_helper.o (.text.eapol_parse_pdu_header)
                  000326dc    00000104     ipv6_routing_table.o (.text.ipv6_destination_lookup_or_create)
                  000327e0    00000104     TIdgWTZGogj (.text.server_tls_sec_prot_state_machine)
                  000328e4    00000100     TIdgWTZGogj (.text.lowpan_adaptation_high_priority_state_enable)
                  000329e4    000000fc     rf_multiMode_cc13x2.a : RFCC26X2_multiMode.c.cc13x2.ticlang.o (.text.RF_hwiCpe0Active)
                  00032ae0    000000fc     libclang_rt.builtins.a : muldf3.S.obj (.text.__muldf3)
                  00032bdc    000000fc     eapol_helper.o (.text.eapol_write_pdu_frame)
                  00032cd8    000000fc     TIdgWTZGogj (.text.key_sec_prot_receive)
                  00032dd4    000000f8     TIdgWTZGogj (.text.dhcp_service_send_req)
                  00032ecc    000000f8     adaptation_interface.o (.text.lowpan_adaptation_free_heap)
                  00032fc4    000000f8     maclib_secure_cc13x2x7_tirtos7.a : mac_hl_patch.c.o (.text.macBuildHeaderIes)
                  000330bc    000000f8     TIdgWTZGogj (.text.rpl_data_compute_source_route)
                  000331b4    000000f8     ns_socket.o (.text.socket_tasklet_event_handler)
                  000332ac    000000f6     TIdgWTZGogj (.text.icmp_nd_router_prefix_update)
                  000333a2    00000002     TIdgWTZGogj (.text.supp_fwh_sec_prot_delete)
                  000333a4    000000f4     TIdgWTZGogj (.text.FHNT_createTableEntry)
                  00033498    000000f4     TIdgWTZGogj (.text.kmp_socket_if_socket_cb)
                  0003358c    000000f4     x509_crt.o (.text.mbedtls_x509_crt_parse)
                  00033680    000000f4     TIdgWTZGogj (.text.mle_parent_link_req_cb)
                  00033774    000000f4     protocol_6lowpan.o (.text.protocol_6lowpan_neighbor_priority_set)
                  00033868    000000f4     TIdgWTZGogj (.text.supp_gkh_sec_prot_state_machine)
                  0003395c    000000f0     dhcp_service_api.o (.text.DHCPv6_socket_service_tasklet)
                  00033a4c    000000f0     maclib_secure_cc13x2x7_tirtos7.a : mac_coord.c.o (.text.macApiPurgeReq)
                  00033b3c    000000ec     TIdgWTZGogj (.text.client_tls_sec_prot_state_machine)
                  00033c28    000000ec     dhcp_service_api.o (.text.dhcp_service_delete)
                  00033d14    000000ec     TIdgWTZGogj (.text.rpl_instance_choose_target_to_assign)
                  00033e00    000000ec     api_mac.o (.text.timac_MPL_DataReq)
                  00033eec    000000ec     TIdgWTZGogj (.text.ws_pae_controller_gak_from_gtk)
                  00033fd8    000000ec     TIdgWTZGogj (.text.ws_pae_supp_nvm_update)
                  000340c4    000000e8     maclib_secure_cc13x2x7_tirtos7.a : fh_ie.c.o (.text.FHIE_genExcludedChannelRanges)
                  000341ac    000000e8                                      : fh_ie_patch.c.o (.text.FHIE_parseHie)
                  00034294    000000e8     TIdgWTZGogj (.text.addr_select_with_prefix)
                  0003437c    000000e8     TIdgWTZGogj (.text.macTxChannelBusyCallback)
                  00034464    000000e8     ssl_tls.o (.text.mbedtls_ssl_write_finished)
                  0003454c    000000e8     TIdgWTZGogj (.text.rpl_instance_choose_worst_neighbour)
                  00034634    000000e4     maclib_secure_cc13x2x7_tirtos7.a : fh_data.c.o (.text.FHDATA_procASYNCReq)
                  00034718    000000e4     ipv6_routing_table.o (.text.ipv6_neighbour_lookup_or_create)
                  000347fc    000000e4     TIdgWTZGogj (.text.mld_build)
                  000348e0    000000e4     TIdgWTZGogj (.text.ssl_get_remaining_payload_in_datagram)
                  000349c4    000000e4     TIdgWTZGogj (.text.ws_pae_auth_free)
                  00034aa8    000000e4     TIdgWTZGogj (.text.ws_pae_auth_gtk_key_insert)
                  00034b8c    000000e4     TIdgWTZGogj (.text.ws_pae_controller_frame_counter_store)
                  00034c70    000000e4     ws_ie_lib.o (.text.ws_wp_nested_bs_read)
                  00034d54    000000e0     maclib_secure_cc13x2x7_tirtos7.a : fh_api.c.o (.text.FHAPI_getTxParams)
                  00034e34    000000e0     drivers_cc13x2x7.a : PowerCC26X2_helpers.c.obj (.text.PowerCC26X2_sysCtrlStandby)
                  00034f14    000000e0     TIdgWTZGogj (.text.radius_client_sec_prot_init)
                  00034ff4    000000e0     TIdgWTZGogj (.text.tls_sec_prot_lib_subject_alternative_name_validate)
                  000350d4    000000e0     TIdgWTZGogj (.text.ws_bootstrap_candidate_list_clean)
                  000351b4    000000e0     TIdgWTZGogj (.text.ws_pae_supp_kmp_api_finished_indication)
                  00035294    000000dc     rf_multiMode_cc13x2.a : RFCC26X2_multiMode.c.cc13x2.ticlang.o (.text.RF_control)
                  00035370    000000dc     drivers_cc13x2x7.a : UART2CC26X2.c.obj (.text.UART2Support_dmaStartRx)
                  0003544c    000000dc     TIdgWTZGogj (.text.auth_gkh_sec_prot_message_send)
                  00035528    000000dc     TIdgWTZGogj (.text.platform_fhss_timer_start)
                  00035604    000000dc     TIdgWTZGogj (.text.protocol_6lowpan_address_reg_ready)
                  000356e0    000000dc     ti_sysbios_config.o (.text.pthread_create)
                  000357bc    000000dc     ti_sysbios_config.o (.text.ti_sysbios_family_arm_m3_Hwi_excFillContext)
                  00035898    000000dc     ws_pae_auth.o (.text.ws_pae_auth_fast_timer)
                  00035974    000000d8     drivers_cc13x2x7.a : GPIOCC26X2.c.obj (.text.GPIO_init)
                  00035a4c    000000d8                        : PowerCC26X2.c.obj (.text.Power_init)
                  00035b24    000000d8     border_router.o (.text.border_router_start)
                  00035bfc    000000d8     TIdgWTZGogj (.text.kmp_socket_if_send)
                  00035cd4    000000d8     libDHCPv6.o (.text.libdhcpv6_get_IA_address)
                  00035dac    000000d8     maclib_secure_cc13x2x7_tirtos7.a : mac_mgmt.c.o (.text.macSetDefaultsByPhyID)
                  00035e84    000000d8                                      : mac_tx.c.o (.text.macTxFrame)
                  00035f5c    000000d8     gcm.o (.text.mbedtls_gcm_update)
                  00036034    000000d8     md.o (.text.mbedtls_md)
                  0003610c    000000d8     TIdgWTZGogj (.text.rpl_downward_update_path_cost_to_children)
                  000361e4    000000d8     TIdgWTZGogj (.text.sec_prot_lib_ptk_calc)
                  000362bc    000000d8     ti_sysbios_config.o (.text.ti_sysbios_knl_Semaphore_pend)
                  00036394    000000d8     TIdgWTZGogj (.text.ws_pae_controller_data_init)
                  0003646c    000000d4     TIdgWTZGogj (.text.addr_add)
                  00036540    000000d2     TIdgWTZGogj (.text.nd_router_bootstrap_timer)
                  00036612    00000002     TIdgWTZGogj (.text.supp_gkh_sec_prot_delete)
                  00036614    000000d0     TIdgWTZGogj (.text.FHIE_genCommonInformation)
                  000366e4    000000d0     maclib_secure_cc13x2x7_tirtos7.a : fh_mgr.c.o (.text.FHMGR_updateRadioBCChannel)
                  000367b4    000000d0     drivers_cc13x2x7.a : UART2CC26X2.c.obj (.text.UART2Support_dmaStartTx)
                  00036884    000000d0     maclib_secure_cc13x2x7_tirtos7.a : mac_mgmt.c.o (.text.macApiWSAsyncReq)
                  00036954    000000d0     ssl_tls.o (.text.mbedtls_ssl_write_certificate)
                  00036a24    000000cc     TIdgWTZGogj (.text.ecp_randomize_jac)
                  00036af0    000000cc     maclib_secure_cc13x2x7_tirtos7.a : mac_hl_patch.c.o (.text.macCbackForEvent)
                  00036bbc    000000cc                                      : mac_hl_patch.c.o (.text.macCcmStarInverseTransform)
                  00036c88    000000cc     TIdgWTZGogj (.text.mbedtls_aes_init)
                  00036d54    000000cc     TIdgWTZGogj (.text.pk_parse_key_pkcs8_unencrypted_der)
                  00036e20    000000cc     ti_drivers_config.o (.text.rfDriverCallbackAntennaSwitching)
                  00036eec    000000cc     TIdgWTZGogj (.text.ws_llc_mpx_header_parse)
                  00036fb8    000000ca     rf_multiMode_cc13x2.a : RFCC26X2_multiMode.c.cc13x2.ticlang.o (.text.RF_updatePaConfiguration)
                  00037082    000000ca     eap_tls_sec_prot_lib.o (.text.eap_tls_sec_prot_lib_message_build)
                  0003714c    000000ca     TIdgWTZGogj (.text.mbedtls_mpi_read_string)
                  00037216    00000002     ti_sysbios_config.o (.text.ti_sysbios_runtime_System_exitSpin)
                  00037218    000000c8     maclib_secure_cc13x2x7_tirtos7.a : fh_nt.c.o (.text.FHNT_getEntry)
                  000372e0    000000c8     buffer_dyn.o (.text.buffer_headroom)
                  000373a8    000000c8     x509_crt.o (.text.mbedtls_x509_crt_free)
                  00037470    000000c8     TIdgWTZGogj (.text.rpl_control_etx_change_callback)
                  00037538    000000c4     TIdgWTZGogj (.text.NOROM_AESWriteToKeyStore)
                  000375fc    000000c4     TIdgWTZGogj (.text.eventOS_callback_timer_start)
                  000376c0    000000c4     icmpv6_radv.o (.text.icmpv6_restart_router_advertisements)
                  00037784    000000c4     ipv6_routing_table.o (.text.ipv6_neighbour_update_from_na)
                  00037848    000000c4     TIdgWTZGogj (.text.lowpan_context_update)
                  0003790c    000000c4     maclib_secure_cc13x2x7_tirtos7.a : mac_data.c.o (.text.macDataTxEnqueue)
                  000379d0    000000c4     ssl_tls.o (.text.mbedtls_ssl_psk_derive_premaster)
                  00037a94    000000c4     TIdgWTZGogj (.text.ws_bootstrap_neighbor_set)
                  00037b58    000000c2     spinel_buffer.o (.text._ZN2ot6Spinel6Buffer25OutFrameFillMessageBufferEv)
                  00037c1a    00000002     TIdgWTZGogj (.text.trace_cmd_print)
                  00037c1c    000000c0     TIdgWTZGogj (.text.FHDATA_getPktFromQueue)
                  00037cdc    000000c0     ncp_base.o (.text._ZN2ot3Ncp7NcpBase15EnqueueResponseEhNS1_12ResponseTypeEj)
                  00037d9c    000000c0     TIdgWTZGogj (.text.eckey_check_pair)
                  00037e5c    000000c0     md.o (.text.mbedtls_md_hmac_starts)
                  00037f1c    000000c0     ssl_tls.o (.text.mbedtls_ssl_parse_finished)
                  00037fdc    000000c0     TIdgWTZGogj (.text.ws_bootstrap_primary_parent_set)
                  0003809c    000000c0     TIdgWTZGogj (.text.ws_eapol_pdu_mpx_data_indication)
                  0003815c    000000c0     TIdgWTZGogj (.text.ws_llc_mcps_edfe_handler)
[...]
000499e1  ti_sysbios_knl_Task_exit                                        
00049a21  ti_sysbios_knl_Task_yield                                       
0004a085  BIOS_atExitFunc                                                 
0004a139  HwiP_construct                                                  
0004a175  NOROM_OSC_HPOSCRelativeFrequencyOffsetGet                       
0004a9a9  ti_sysbios_family_arm_cc26xx_Timer_periodicStub                 
0004a9e5  ti_sysbios_family_arm_cc26xx_Timer_setThreshold                 
0004aa21  ti_sysbios_family_arm_m3_Hwi_disableInterrupt                   
0004aa5d  ti_sysbios_family_arm_m3_Hwi_enableInterrupt                    
0004aa99  ti_sysbios_heaps_HeapCallback_construct                         
0004aad5  ti_sysbios_knl_ClockSupport_init                                
0004ab11  ti_sysbios_knl_Clock_getTicksUntilInterrupt                     
0004ab4d  ti_sysbios_knl_Task_blockI                                      
0004ab89  ti_sysbios_knl_Task_restore                                     
0004ad69  __TI_auto_init_nobinit_nopinit                                  
0004b179  NOROM_OSCHF_SwitchToRcOscTurnOffXosc                            
0004b291  PowerCC26X2_oscDisableQualifiers                                
0004b2c9  PowerCC26X2_sysCtrlIdle                                         
0004b301  Power_releaseConstraint                                         
0004b3a9  __aeabi_f2d                                                     
0004b3a9  __extendsfdf2                                                   
0004ba39  ti_sysbios_knl_Task_processVitalTaskFlag                        
0004ba71  ti_sysbios_runtime_Error_print                                  
0004bb19  SwiP_construct                                                  
0004bd6d  ClockP_create                                                   
0004be09  PowerCC26X2_setSubSecIncToXoscLf                                
0004be3d  RF_powerConstraintRelease                                       
0004bfa9  _pthread_cleanupFxn                                             
0004c489  ti_sysbios_family_arm_m3_Hwi_getStackInfo                       
0004c4bd  ti_sysbios_family_arm_m3_Hwi_init                               
0004c4f1  ti_sysbios_knl_Clock_Instance_init                              
0004c525  ti_sysbios_knl_Task_unblockI                                    
0004c559  ti_sysbios_runtime_System_atexit                                
0004c919  BIOS_init                                                       
0004c949  Board_wakeUpExtFlash                                            
0004c979  ClockP_construct                                                
0004ca09  Power_setConstraint                                             
0004ca99  SwiP_setPriority                                                
0004d129  ti_sysbios_knl_TaskSupport_start                                
0004d159  ti_sysbios_runtime_System_processAtExit                         
0004d279  _c_int00                                                        
0004d335  __aeabi_i2d                                                     
0004d335  __floatsidf                                                     
0004dd59  rf_patch_cpe_prop                                               
0004dee5  ti_sysbios_knl_Clock_getTicks                                   
0004df11  ti_sysbios_knl_Clock_getTimeout                                 
0004df3d  ti_sysbios_knl_Swi_setPri                                       
0004df69  ti_sysbios_knl_Task_restoreHwi                                  
0004e4c1  ti_sysbios_family_arm_cc26xx_Timer_setNextTick                  
0004e4eb  ti_sysbios_knl_Task_allBlockedFunction                          
0004e611  List_remove                                                     
0004e661  PowerCC26XX_isStableXOSC_HF                                     
0004e7c9  calloc                                                          
0004ebb1  ti_sysbios_family_arm_m3_Hwi_excHandlerAsm                      
0004ebd9  ti_sysbios_knl_Swi_init                                         
0004ec01  ti_sysbios_knl_TaskSupport_swap                                 
0004ec0c  ti_sysbios_knl_TaskSupport_swapReturn                           
0004ec29  ti_sysbios_knl_Task_construct                                   
0004ec51  ti_sysbios_knl_Task_init                                        
0004f12d  memmove                                                         
0004f2f5  BIOS_exitFunc                                                   
0004f3cd  List_get                                                        
0004f3f1  List_insert                                                     
0004f415  NOROM_OSCHF_TurnOnXosc                                          
0004f45d  PowerCC26X2_getOscHfSourceReady                                 
0004f4ed  Power_registerNotify                                            
0004fa8d  ti_sysbios_family_arm_m3_Hwi_construct                          
0004fab1  ti_sysbios_knl_Semaphore_Instance_init                          
0004fad5  ti_sysbios_knl_Semaphore_destruct                               
0004faf9  ti_sysbios_knl_Task_enter                                       
0004fc17  List_put                                                        
0004fc39  List_putHead                                                    
0004fe9d  ti_sysbios_gates_GateMutexPri_insertPri                         
0004ffc5  NOROM_RFCDoorbellSendTo                                         
0004ffe5  NOROM_RFCOverrideSearch                                         
00050005  NOROM_ThisLibraryIsFor_CC13x2x7_CC26x2x7_HaltIfViolated         
000500e5  PowerCC26XX_schedulerRestore                                    
00050105  Power_unregisterNotify                                          
00050145  RF_getRssi                                                      
000501a5  RF_setTxPower                                                   
000501c5  SemaphoreP_constructBinary                                      
000501e5  SemaphoreP_createBinary                                         
00050865  ti_sysbios_family_arm_m3_Hwi_initStack                          
00050885  ti_sysbios_gates_GateMutexPri_Instance_init                     
000508a5  ti_sysbios_knl_Task_destruct                                    
00050a81  __aeabi_llsl                                                    
00050a81  __ashldi3                                                       
00050aa1  __aeabi_llsr                                                    
00050aa1  __lshrdi3                                                       
00050c63  ti_sysbios_family_arm_m3_Hwi_switchAndRunFunc                   
00050c81  ti_sysbios_knl_Clock_create                                     
00050c9f  ti_sysbios_runtime_System_putchar                               
00050d91  BIOS_rtsLock                                                    
00050de5  HwiP_setPriority                                                
00050efd  RF_powerConstraintSet                                           
000510d9  free                                                            
00051395  ti_sysbios_knl_Clock_Instance_finalize                          
000513b1  ti_sysbios_knl_Clock_construct                                  
000513cd  ti_sysbios_knl_Clock_delete                                     
000513e9  ti_sysbios_knl_Idle_run                                         
00051405  ti_sysbios_knl_Queue_put                                        
00051421  ti_sysbios_knl_Semaphore_construct                              
0005143d  ti_sysbios_knl_Semaphore_create                                 
00051459  ti_sysbios_knl_Semaphore_delete                                 
00051475  ti_sysbios_knl_Semaphore_pendTimeout                            
00051491  ti_sysbios_knl_Swi_construct                                    
000514ad  ti_sysbios_knl_Swi_destruct                                     
000514c9  ti_sysbios_knl_Task_delete                                      
000519ad  ti_sysbios_gates_GateMutexPri_create                            
000519c7  ti_sysbios_knl_Task_sleepTimeout                                
00051bc1  Power_idleFunc                                                  
00051bd9  RF_ScheduleCmdParams_init                                       
00051bf1  RF_cancelCmd                                                    
00051cb1  __time64                                                        
000520b9  ti_sysbios_knl_Clock_scheduleNextTick                           
000520d1  ti_sysbios_knl_Swi_or                                           
000520e9  ti_sysbios_knl_TaskSupport_glue                                 
00052101  ti_sysbios_knl_Task_unblock                                     
00052119  ti_sysbios_runtime_System_printf                                
00052131  ti_sysbios_runtime_System_vprintf                               
00052209  Board_init                                                      
0005221f  HwiP_setFunc                                                    
00052235  List_clearList                                                  
00052277  RF_ratCompare                                                   
0005228d  SystemP_snprintf                                                
00052537  ti_sysbios_knl_Clock_start                                      
0005254d  ti_sysbios_knl_Task_block                                       
000526fd  RF_flushCmd                                                     
00052725  __aeabi_uldivmod                                                
00052a45  ti_sysbios_family_arm_m3_Hwi_switchFromBootStack                
00052c49  RF_getCmdOp                                                     
00052e2f  TI_memcpy_small                                                 
00052e81  HwiP_Params_init                                                
00052e91  HwiP_post                                                       
00052ea1  NOROM_RFCCpeIntGetAndClear                                      
00052eb1  NOROM_RFCHwIntGetAndClear                                       
00053191  SwiP_Params_init                                                
00053491  ti_sysbios_family_arm_m3_Hwi_excHandler                         
000534a1  ti_sysbios_knl_Swi_construct2                                   
000534b1  ti_sysbios_runtime_System_vsnprintf                             
00053551  __TI_zero_init                                                  
0005388d  RF_RatConfigCompare_init                                        
00053a07  TI_memset_small                                                 
00053a15  __TI_decompress_none                                            
00053a31  BIOS_linkedWithIncorrectBootLibrary                             
00053a3d  ClockP_delete                                                   
00053a6d  HwiP_disable                                                    
00053c95  PowerCC26X2_oscClockSourceGet                                   
00053ca1  RF_Params_init                                                  
00053cad  SemaphoreP_delete                                               
00053cb9  SwiP_disable                                                    
00053cc5  SwiP_getTrigger                                                 
00053dc1  ti_sysbios_family_arm_cc26xx_Timer_dynamicStub                  
00053dcd  ti_sysbios_knl_ClockSupport_setNextTick                         
00053dd9  ti_sysbios_knl_Clock_tick                                       
00054263  SemaphoreP_pend                                                 
00054279  __aeabi_memset                                                  
00054279  __aeabi_memset4                                                 
00054279  __aeabi_memset8                                                 
000542fb  sem_wait                                                        
000545b3  PowerCC26X2_oschfTrySwitchToXosc                                
000545e5  __aeabi_memclr                                                  
000545e5  __aeabi_memclr4                                                 
000545e5  __aeabi_memclr8                                                 
00054645  ti_sysbios_runtime_System_exit                                  
00054691  ClockP_stop                                                     
000546c1  HwiP_restore                                                    
00054a33  RF_RatConfigOutput_init                                         
00054a3f  RF_runDirectCmd                                                 
00054a45  RF_runImmediateCmd                                              
00054aab  ti_sysbios_family_arm_m3_Hwi_destruct                           
00054ab1  ti_sysbios_family_arm_m3_Hwi_doSwiRestore                       
00054ab7  ti_sysbios_family_arm_m3_Hwi_doTaskRestore                      
00054abd  ti_sysbios_heaps_HeapCallback_alloc                             
00054ac3  ti_sysbios_heaps_HeapCallback_free                              
00054ac9  ti_sysbios_knl_Idle_loop                                        
00054acf  ti_sysbios_knl_Swi_startup                                      
00054af7  HwiP_destruct                                                   
00054afb  HwiP_enableInterrupt                                            
00054aff  NOROM_RFCOverrideUpdate                                         
00054b07  RF_defaultExecutionPolicy                                       
00054b0b  ResetISR                                                        
00054b0f  SemaphoreP_destruct                                             
00054b13  SemaphoreP_post                                                 
00054b17  SwiP_destruct                                                   
00054b1b  SwiP_or                                                         
00054b1f  SwiP_restore                                                    
00054b31  __aeabi_memcpy                                                  
00054b31  __aeabi_memcpy4                                                 
00054b31  __aeabi_memcpy8                                                 
00054b35  __aeabi_memmove                                                 
00054b35  __aeabi_memmove4                                                
00054b35  __aeabi_memmove8                                                
00054be9  ti_sysbios_heaps_HeapCallback_isBlocking                        
00054c00  TimestampP_nativeFormat64_copy                                  
00054c04  TimestampP_nativeFormat32_copy                                  
00054f6c  __TI_Handler_Table_Base                                         
00054f78  __TI_Handler_Table_Limit                                        
00054fa0  __TI_CINIT_Base                                                 
00054fd0  __TI_CINIT_Limit                                                
00054fd0  __TI_CINIT_Warm                                                 
000affa5  ClockP_destruct                                                 
000affa8  __ccfg                                                          
20001608  ti_sysbios_knl_Idle_taskStack                                   
2001a664  uart2CC26X2Objects                                              
2001aca4  trngCC26XXObjects                                               
2001b184  ti_sysbios_family_arm_m3_Hwi_dispatchTable                      
2001b7d8  gpioCallbackFunctions                                           
2001b854  gpioUserArgs                                                    
2001ba20  ti_sysbios_knl_ClockSupport_timerStruct                         
2001bbf0  ti_sysbios_knl_Idle_taskStruct                                  
2001bef4  aescbcCC26XXObjects                                             
2001bf2c  ti_sysbios_knl_Swi_readyQs                                      
2001bf5c  ti_sysbios_knl_Task_readyQs                                     
2001bf8c  aesecbCC26XXObjects                                             
2001bfb4  udmaCC26XXObject                                                
2001c00c  BIOS_heapCallbackObject                                         
2001c028  BIOS_rtsGate                                                    
2001c044  aesccmCC26XXObjects                                             
2001c05c  ti_sysbios_hal_Seconds_Module_state                             
2001c082  nvsCC26XXObjects                                                
2001c084  ti_sysbios_runtime_System_atexitHandlers                        
2001c08c  PowerCC26XX_swiKey                                              
2001c090  PowerCC26XX_taskKey                                             
2001c094  ti_sysbios_knl_Task_defaultStackHeap                            
2001c358  PowerCC26X2_module                                              
2001c61c  ti_sysbios_knl_Task_Module_state                                
2001c78d  ti_sysbios_runtime_Startup_done                                 
2001c792  ti_sysbios_knl_Idle_initDone                                    
2001c7ac  __TI_dtors_ptr                                                  
2001c7b4  __TI_cleanup_ptr                                                
2001c87c  ti_sysbios_runtime_Memory_defaultHeapInstance                   
2001cb80  gpioPinConfigs                                                  
2001ccf0  ti_sysbios_runtime_Error_ignore                                 
2001ccfc  ti_sysbios_family_arm_cc26xx_Timer_Module_state                 
2001cd08  ti_sysbios_runtime_System_Module_state                          
2001d150  ti_sysbios_knl_Swi_Module_state                                 
2001d2b8  BIOS_Module_state                                               
2001d2e4  ti_sysbios_family_arm_m3_Hwi_Module_state                       
2001d320  ti_sysbios_knl_Clock_Module_state                               
2001d61c  _hposcCoeffs                                                    
2001d634  RFCC26XX_schedulerPolicy                                        
2001d65c  ti_sysbios_gates_GateMutexPri_Module_state                      
2001d664  ti_sysbios_heaps_HeapCallback_Module_state                      
2001d66c  ti_sysbios_knl_Semaphore_Module_state                           
2001d684  ti154stack_lib_date                                             
2001d688  ti154stack_lib_time                                             
2001d68c  ti154stack_lib_version                                          
2001d700  ti_sysbios_family_arm_m3_Hwi_ramVectors                         
2001d7d8  heapStart                                                       
200239c0  __stack                                                         
200239c0  heapEnd                                                         
20024000  __STACK_END                                                     
20024000  __STACK_TOP                                                     
ffffffff  __TI_pprof_out_hndl                                             
ffffffff  __TI_prof_data_size                                             
ffffffff  __TI_prof_data_start                                            
ffffffff  __binit__                                                       
ffffffff  __start___llvm_prf_bits                                         
ffffffff  __start___llvm_prf_cnts                                         
ffffffff  __stop___llvm_prf_bits                                          
ffffffff  __stop___llvm_prf_cnts                                          
ffffffff  binit                                                           
UNDEFED   ITM_flush                                                       
UNDEFED   ITM_restore                                                     
UNDEFED   __mpu_init                                                      

[420 symbols]
